Component: ARM Compiler 5.06 update 7 (build 960) Tool: armlink [4d3601]

==============================================================================

Section Cross References

    startup_stm32f105xc.o(RESET) refers to startup_stm32f105xc.o(STACK) for __initial_sp
    startup_stm32f105xc.o(RESET) refers to startup_stm32f105xc.o(.text) for Reset_Handler
    startup_stm32f105xc.o(RESET) refers to stm32f1xx_it.o(i.NMI_Handler) for NMI_Handler
    startup_stm32f105xc.o(RESET) refers to stm32f1xx_it.o(i.HardFault_Handler) for HardFault_Handler
    startup_stm32f105xc.o(RESET) refers to stm32f1xx_it.o(i.MemManage_Handler) for MemManage_Handler
    startup_stm32f105xc.o(RESET) refers to stm32f1xx_it.o(i.BusFault_Handler) for BusFault_Handler
    startup_stm32f105xc.o(RESET) refers to stm32f1xx_it.o(i.UsageFault_Handler) for UsageFault_Handler
    startup_stm32f105xc.o(RESET) refers to port.o(.emb_text) for SVC_Handler
    startup_stm32f105xc.o(RESET) refers to stm32f1xx_it.o(i.DebugMon_Handler) for DebugMon_Handler
    startup_stm32f105xc.o(RESET) refers to port.o(i.SysTick_Handler) for SysTick_Handler
    startup_stm32f105xc.o(RESET) refers to stm32f1xx_it.o(i.DMA1_Channel1_IRQHandler) for DMA1_Channel1_IRQHandler
    startup_stm32f105xc.o(RESET) refers to stm32f1xx_it.o(i.DMA1_Channel3_IRQHandler) for DMA1_Channel3_IRQHandler
    startup_stm32f105xc.o(RESET) refers to stm32f1xx_it.o(i.DMA1_Channel5_IRQHandler) for DMA1_Channel5_IRQHandler
    startup_stm32f105xc.o(RESET) refers to stm32f1xx_it.o(i.ADC1_2_IRQHandler) for ADC1_2_IRQHandler
    startup_stm32f105xc.o(RESET) refers to stm32f1xx_it.o(i.TIM3_IRQHandler) for TIM3_IRQHandler
    startup_stm32f105xc.o(RESET) refers to stm32f1xx_it.o(i.USART2_IRQHandler) for USART2_IRQHandler
    startup_stm32f105xc.o(RESET) refers to stm32f1xx_it.o(i.TIM7_IRQHandler) for TIM7_IRQHandler
    startup_stm32f105xc.o(RESET) refers to stm32f1xx_it.o(i.OTG_FS_IRQHandler) for OTG_FS_IRQHandler
    startup_stm32f105xc.o(.text) refers to system_stm32f1xx.o(i.SystemInit) for SystemInit
    startup_stm32f105xc.o(.text) refers to entry.o(.ARM.Collect$$$$00000000) for __main
    main.o(i.HAL_TIM_PeriodElapsedCallback) refers to stm32f1xx_hal.o(i.HAL_IncTick) for HAL_IncTick
    main.o(i.MSC_Application) refers to ff.o(i.f_mount) for f_mount
    main.o(i.MSC_Application) refers to printf5.o(i.__0printf$5) for __2printf
    main.o(i.MSC_Application) refers to main.o(i.Traverse_Directory) for Traverse_Directory
    main.o(i.MSC_Application) refers to playaudio.o(i.VS1003_PlayMusic_2) for VS1003_PlayMusic_2
    main.o(i.MSC_Application) refers to fatfs.o(.data) for USBHPath
    main.o(i.MSC_Application) refers to main.o(.bss) for .bss
    main.o(i.SystemClock_Config) refers to memseta.o(.text) for __aeabi_memclr4
    main.o(i.SystemClock_Config) refers to stm32f1xx_hal_rcc.o(i.HAL_RCC_OscConfig) for HAL_RCC_OscConfig
    main.o(i.SystemClock_Config) refers to stm32f1xx_hal_rcc.o(i.HAL_RCC_ClockConfig) for HAL_RCC_ClockConfig
    main.o(i.SystemClock_Config) refers to stm32f1xx_hal_rcc_ex.o(i.HAL_RCCEx_PeriphCLKConfig) for HAL_RCCEx_PeriphCLKConfig
    main.o(i.Traverse_Directory) refers to ff.o(i.f_opendir) for f_opendir
    main.o(i.Traverse_Directory) refers to ff.o(i.f_readdir) for f_readdir
    main.o(i.Traverse_Directory) refers to printf5.o(i.__0sprintf$5) for __2sprintf
    main.o(i.Traverse_Directory) refers to printf5.o(i.__0printf$5) for __2printf
    main.o(i.Traverse_Directory) refers to ff.o(i.f_closedir) for f_closedir
    main.o(i.main) refers to stm32f1xx_hal.o(i.HAL_Init) for HAL_Init
    main.o(i.main) refers to main.o(i.SystemClock_Config) for SystemClock_Config
    main.o(i.main) refers to gpio.o(i.MX_GPIO_Init) for MX_GPIO_Init
    main.o(i.main) refers to dma.o(i.MX_DMA_Init) for MX_DMA_Init
    main.o(i.main) refers to fatfs.o(i.MX_FATFS_Init) for MX_FATFS_Init
    main.o(i.main) refers to usart.o(i.MX_USART2_UART_Init) for MX_USART2_UART_Init
    main.o(i.main) refers to tim.o(i.MX_TIM3_Init) for MX_TIM3_Init
    main.o(i.main) refers to spi.o(i.MX_SPI2_Init) for MX_SPI2_Init
    main.o(i.main) refers to adc.o(i.MX_ADC1_Init) for MX_ADC1_Init
    main.o(i.main) refers to tim.o(i.MX_TIM2_Init) for MX_TIM2_Init
    main.o(i.main) refers to stm32f1xx_hal_adc_ex.o(i.HAL_ADCEx_Calibration_Start) for HAL_ADCEx_Calibration_Start
    main.o(i.main) refers to stm32f1xx_hal_adc.o(i.HAL_ADC_Start_DMA) for HAL_ADC_Start_DMA
    main.o(i.main) refers to ws2812.o(i.WS2812B_Init) for WS2812B_Init
    main.o(i.main) refers to vs1003.o(i.VS1003_Reset) for VS1003_Reset
    main.o(i.main) refers to vs1003.o(i.VS1003_SoftReset) for VS1003_SoftReset
    main.o(i.main) refers to printf5.o(i.__0printf$5) for __2printf
    main.o(i.main) refers to freertos.o(i.MX_FREERTOS_Init) for MX_FREERTOS_Init
    main.o(i.main) refers to cmsis_os.o(i.osKernelStart) for osKernelStart
    main.o(i.main) refers to main.o(i.MSC_Application) for MSC_Application
[...]
    HAL_HCD_HC_Halt                          0x08001215   Thumb Code    36  stm32f1xx_hal_hcd.o(i.HAL_HCD_HC_Halt)
    HAL_HCD_HC_Init                          0x08001239   Thumb Code   134  stm32f1xx_hal_hcd.o(i.HAL_HCD_HC_Init)
    HAL_HCD_HC_NotifyURBChange_Callback      0x080012bf   Thumb Code     8  usbh_conf.o(i.HAL_HCD_HC_NotifyURBChange_Callback)
    HAL_HCD_HC_SubmitRequest                 0x080012c7   Thumb Code   148  stm32f1xx_hal_hcd.o(i.HAL_HCD_HC_SubmitRequest)
    HAL_HCD_IRQHandler                       0x0800135d   Thumb Code   322  stm32f1xx_hal_hcd.o(i.HAL_HCD_IRQHandler)
    HAL_HCD_Init                             0x0800149f   Thumb Code   114  stm32f1xx_hal_hcd.o(i.HAL_HCD_Init)
    HAL_HCD_MspInit                          0x08001511   Thumb Code    50  usbh_conf.o(i.HAL_HCD_MspInit)
    HAL_HCD_PortDisabled_Callback            0x08001549   Thumb Code     8  usbh_conf.o(i.HAL_HCD_PortDisabled_Callback)
    HAL_HCD_PortEnabled_Callback             0x08001551   Thumb Code     8  usbh_conf.o(i.HAL_HCD_PortEnabled_Callback)
    HAL_HCD_ResetPort                        0x08001559   Thumb Code     6  stm32f1xx_hal_hcd.o(i.HAL_HCD_ResetPort)
    HAL_HCD_SOF_Callback                     0x0800155f   Thumb Code     8  usbh_conf.o(i.HAL_HCD_SOF_Callback)
    HAL_HCD_Start                            0x08001567   Thumb Code    44  stm32f1xx_hal_hcd.o(i.HAL_HCD_Start)
    HAL_HCD_Stop                             0x08001593   Thumb Code    36  stm32f1xx_hal_hcd.o(i.HAL_HCD_Stop)
    HAL_IncTick                              0x080015b9   Thumb Code    12  stm32f1xx_hal.o(i.HAL_IncTick)
    HAL_Init                                 0x080015c9   Thumb Code    32  stm32f1xx_hal.o(i.HAL_Init)
    HAL_InitTick                             0x080015ed   Thumb Code   132  stm32f1xx_hal_timebase_tim.o(i.HAL_InitTick)
    HAL_MspInit                              0x08001685   Thumb Code    62  stm32f1xx_hal_msp.o(i.HAL_MspInit)
    HAL_NVIC_EnableIRQ                       0x080016cd   Thumb Code    26  stm32f1xx_hal_cortex.o(i.HAL_NVIC_EnableIRQ)
    HAL_NVIC_SetPriority                     0x080016e9   Thumb Code    60  stm32f1xx_hal_cortex.o(i.HAL_NVIC_SetPriority)
    HAL_NVIC_SetPriorityGrouping             0x08001729   Thumb Code    26  stm32f1xx_hal_cortex.o(i.HAL_NVIC_SetPriorityGrouping)
    HAL_RCCEx_GetPeriphCLKFreq               0x0800174d   Thumb Code   246  stm32f1xx_hal_rcc_ex.o(i.HAL_RCCEx_GetPeriphCLKFreq)
    HAL_RCCEx_PeriphCLKConfig                0x08001855   Thumb Code   374  stm32f1xx_hal_rcc_ex.o(i.HAL_RCCEx_PeriphCLKConfig)
    HAL_RCC_ClockConfig                      0x080019dd   Thumb Code   280  stm32f1xx_hal_rcc.o(i.HAL_RCC_ClockConfig)
    HAL_RCC_GetClockConfig                   0x08001b09   Thumb Code    54  stm32f1xx_hal_rcc.o(i.HAL_RCC_GetClockConfig)
    HAL_RCC_GetPCLK1Freq                     0x08001b49   Thumb Code    20  stm32f1xx_hal_rcc.o(i.HAL_RCC_GetPCLK1Freq)
    HAL_RCC_GetPCLK2Freq                     0x08001b69   Thumb Code    20  stm32f1xx_hal_rcc.o(i.HAL_RCC_GetPCLK2Freq)
    HAL_RCC_GetSysClockFreq                  0x08001b89   Thumb Code   122  stm32f1xx_hal_rcc.o(i.HAL_RCC_GetSysClockFreq)
    HAL_RCC_OscConfig                        0x08001c15   Thumb Code   974  stm32f1xx_hal_rcc.o(i.HAL_RCC_OscConfig)
    HAL_SPI_ErrorCallback                    0x08001ff9   Thumb Code     2  stm32f1xx_hal_spi.o(i.HAL_SPI_ErrorCallback)
    HAL_SPI_Init                             0x08001ffb   Thumb Code   178  stm32f1xx_hal_spi.o(i.HAL_SPI_Init)
    HAL_SPI_MspInit                          0x080020ad   Thumb Code   148  spi.o(i.HAL_SPI_MspInit)
    HAL_SPI_Transmit                         0x08002155   Thumb Code   366  stm32f1xx_hal_spi.o(i.HAL_SPI_Transmit)
    HAL_SPI_TransmitReceive                  0x080022c3   Thumb Code   494  stm32f1xx_hal_spi.o(i.HAL_SPI_TransmitReceive)
    HAL_SPI_Transmit_DMA                     0x080024b1   Thumb Code   192  stm32f1xx_hal_spi.o(i.HAL_SPI_Transmit_DMA)
    HAL_SPI_TxCpltCallback                   0x0800257d   Thumb Code     2  stm32f1xx_hal_spi.o(i.HAL_SPI_TxCpltCallback)
    HAL_SPI_TxHalfCpltCallback               0x0800257f   Thumb Code     2  stm32f1xx_hal_spi.o(i.HAL_SPI_TxHalfCpltCallback)
    HAL_TIMEx_BreakCallback                  0x08002581   Thumb Code     2  stm32f1xx_hal_tim_ex.o(i.HAL_TIMEx_BreakCallback)
    HAL_TIMEx_CommutCallback                 0x08002583   Thumb Code     2  stm32f1xx_hal_tim_ex.o(i.HAL_TIMEx_CommutCallback)
    HAL_TIMEx_MasterConfigSynchronization    0x08002585   Thumb Code    98  stm32f1xx_hal_tim_ex.o(i.HAL_TIMEx_MasterConfigSynchronization)
    HAL_TIM_Base_Init                        0x080025f9   Thumb Code    90  stm32f1xx_hal_tim.o(i.HAL_TIM_Base_Init)
    HAL_TIM_Base_MspInit                     0x08002655   Thumb Code   122  tim.o(i.HAL_TIM_Base_MspInit)
    HAL_TIM_Base_Start_IT                    0x080026e1   Thumb Code    82  stm32f1xx_hal_tim.o(i.HAL_TIM_Base_Start_IT)
    HAL_TIM_ConfigClockSource                0x08002745   Thumb Code   220  stm32f1xx_hal_tim.o(i.HAL_TIM_ConfigClockSource)
    HAL_TIM_ErrorCallback                    0x08002821   Thumb Code     2  stm32f1xx_hal_tim.o(i.HAL_TIM_ErrorCallback)
    HAL_TIM_IC_CaptureCallback               0x08002823   Thumb Code     2  stm32f1xx_hal_tim.o(i.HAL_TIM_IC_CaptureCallback)
    HAL_TIM_IRQHandler                       0x08002825   Thumb Code   358  stm32f1xx_hal_tim.o(i.HAL_TIM_IRQHandler)
    HAL_TIM_MspPostInit                      0x0800298d   Thumb Code   116  tim.o(i.HAL_TIM_MspPostInit)
    HAL_TIM_OC_DelayElapsedCallback          0x08002a11   Thumb Code     2  stm32f1xx_hal_tim.o(i.HAL_TIM_OC_DelayElapsedCallback)
    HAL_TIM_PWM_ConfigChannel                0x08002a13   Thumb Code   204  stm32f1xx_hal_tim.o(i.HAL_TIM_PWM_ConfigChannel)
    HAL_TIM_PWM_Init                         0x08002adf   Thumb Code    90  stm32f1xx_hal_tim.o(i.HAL_TIM_PWM_Init)
    HAL_TIM_PWM_MspInit                      0x08002b39   Thumb Code     2  stm32f1xx_hal_tim.o(i.HAL_TIM_PWM_MspInit)
    HAL_TIM_PWM_PulseFinishedCallback        0x08002b3d   Thumb Code     8  ws2812.o(i.HAL_TIM_PWM_PulseFinishedCallback)
    HAL_TIM_PWM_PulseFinishedHalfCpltCallback 0x08002b49   Thumb Code     2  stm32f1xx_hal_tim.o(i.HAL_TIM_PWM_PulseFinishedHalfCpltCallback)
    HAL_TIM_PWM_Start_DMA                    0x08002b4d   Thumb Code   384  stm32f1xx_hal_tim.o(i.HAL_TIM_PWM_Start_DMA)
    HAL_TIM_PWM_Stop                         0x08002ce9   Thumb Code   108  stm32f1xx_hal_tim.o(i.HAL_TIM_PWM_Stop)
    HAL_TIM_PeriodElapsedCallback            0x08002d59   Thumb Code    14  main.o(i.HAL_TIM_PeriodElapsedCallback)
    HAL_TIM_TriggerCallback                  0x08002d6d   Thumb Code     2  stm32f1xx_hal_tim.o(i.HAL_TIM_TriggerCallback)
    HAL_UARTEx_RxEventCallback               0x08002d6f   Thumb Code     2  stm32f1xx_hal_uart.o(i.HAL_UARTEx_RxEventCallback)
    HAL_UART_ErrorCallback                   0x08002d71   Thumb Code     2  stm32f1xx_hal_uart.o(i.HAL_UART_ErrorCallback)
    HAL_UART_IRQHandler                      0x08002d75   Thumb Code   616  stm32f1xx_hal_uart.o(i.HAL_UART_IRQHandler)
    HAL_UART_Init                            0x08002fe1   Thumb Code   100  stm32f1xx_hal_uart.o(i.HAL_UART_Init)
    HAL_UART_MspInit                         0x08003045   Thumb Code   114  usart.o(i.HAL_UART_MspInit)
    HAL_UART_RxCpltCallback                  0x080030c5   Thumb Code     2  stm32f1xx_hal_uart.o(i.HAL_UART_RxCpltCallback)
    HAL_UART_Transmit                        0x080030c7   Thumb Code   154  stm32f1xx_hal_uart.o(i.HAL_UART_Transmit)
    HAL_UART_TxCpltCallback                  0x08003161   Thumb Code     2  stm32f1xx_hal_uart.o(i.HAL_UART_TxCpltCallback)
    HardFault_Handler                        0x080036c3   Thumb Code     2  stm32f1xx_it.o(i.HardFault_Handler)
    MSC_Application                          0x080036c5   Thumb Code    48  main.o(i.MSC_Application)
    MX_ADC1_Init                             0x08003725   Thumb Code   118  adc.o(i.MX_ADC1_Init)
    MX_DMA_Init                              0x080037a5   Thumb Code    72  dma.o(i.MX_DMA_Init)
    MX_FATFS_Init                            0x080037f1   Thumb Code    18  fatfs.o(i.MX_FATFS_Init)
    MX_FREERTOS_Init                         0x0800380d   Thumb Code    52  freertos.o(i.MX_FREERTOS_Init)
    MX_GPIO_Init                             0x08003849   Thumb Code   210  gpio.o(i.MX_GPIO_Init)
    MX_SPI2_Init                             0x08003929   Thumb Code    62  spi.o(i.MX_SPI2_Init)
    MX_TIM2_Init                             0x08003971   Thumb Code   144  tim.o(i.MX_TIM2_Init)
    MX_TIM3_Init                             0x08003a05   Thumb Code   140  tim.o(i.MX_TIM3_Init)
    MX_USART2_UART_Init                      0x08003a99   Thumb Code    48  usart.o(i.MX_USART2_UART_Init)
    MX_USB_HOST_Init                         0x08003ad1   Thumb Code    52  usb_host.o(i.MX_USB_HOST_Init)
    MemManage_Handler                        0x08003b11   Thumb Code     2  stm32f1xx_it.o(i.MemManage_Handler)
    NMI_Handler                              0x08003b13   Thumb Code     2  stm32f1xx_it.o(i.NMI_Handler)
    OTG_FS_IRQHandler                        0x08003b15   Thumb Code     6  stm32f1xx_it.o(i.OTG_FS_IRQHandler)
    SetPixelColor                            0x08003c89   Thumb Code    22  adafruit_neopixel.o(i.SetPixelColor)
    StartDefaultTask                         0x08003cad   Thumb Code    50  freertos.o(i.StartDefaultTask)
    StartTask02                              0x08003cf9   Thumb Code    18  freertos.o(i.StartTask02)
    SysTick_Handler                          0x08003d0d   Thumb Code    38  port.o(i.SysTick_Handler)
    SystemClock_Config                       0x08003d39   Thumb Code   132  main.o(i.SystemClock_Config)
    SystemInit                               0x08003dc1   Thumb Code     2  system_stm32f1xx.o(i.SystemInit)
    TIM3_IRQHandler                          0x08003dc5   Thumb Code     6  stm32f1xx_it.o(i.TIM3_IRQHandler)
    TIM7_IRQHandler                          0x08003dd1   Thumb Code     6  stm32f1xx_it.o(i.TIM7_IRQHandler)
    TIM_Base_SetConfig                       0x08003ddd   Thumb Code   106  stm32f1xx_hal_tim.o(i.TIM_Base_SetConfig)
    TIM_CCxChannelCmd                        0x08003e59   Thumb Code    26  stm32f1xx_hal_tim.o(i.TIM_CCxChannelCmd)
    TIM_DMADelayPulseHalfCplt                0x08003ed1   Thumb Code    56  stm32f1xx_hal_tim.o(i.TIM_DMADelayPulseHalfCplt)
    TIM_DMAError                             0x08003f09   Thumb Code    84  stm32f1xx_hal_tim.o(i.TIM_DMAError)
    TIM_ETR_SetConfig                        0x08003f5d   Thumb Code    20  stm32f1xx_hal_tim.o(i.TIM_ETR_SetConfig)
    TIM_OC2_SetConfig                        0x08003fd1   Thumb Code    84  stm32f1xx_hal_tim.o(i.TIM_OC2_SetConfig)
    Traverse_Directory                       0x0800410d   Thumb Code    96  main.o(i.Traverse_Directory)
    USART2_IRQHandler                        0x080043cd   Thumb Code     6  stm32f1xx_it.o(i.USART2_IRQHandler)
    USBH_AllocPipe                           0x080043d9   Thumb Code    56  usbh_pipes.o(i.USBH_AllocPipe)
    USBH_BulkReceiveData                     0x08004411   Thumb Code    32  usbh_ioreq.o(i.USBH_BulkReceiveData)
    USBH_BulkSendData                        0x08004431   Thumb Code    40  usbh_ioreq.o(i.USBH_BulkSendData)
    USBH_ClosePipe                           0x08004459   Thumb Code    10  usbh_pipes.o(i.USBH_ClosePipe)
    USBH_ClrFeature                          0x08004463   Thumb Code    30  usbh_ctlreq.o(i.USBH_ClrFeature)
    USBH_CtlReceiveData                      0x08004481   Thumb Code    30  usbh_ioreq.o(i.USBH_CtlReceiveData)
    USBH_CtlReq                              0x0800449f   Thumb Code    84  usbh_ctlreq.o(i.USBH_CtlReq)
    USBH_CtlSendData                         0x080044f3   Thumb Code    40  usbh_ioreq.o(i.USBH_CtlSendData)
    USBH_CtlSendSetup                        0x0800451b   Thumb Code    30  usbh_ioreq.o(i.USBH_CtlSendSetup)
    USBH_Delay                               0x08004539   Thumb Code     4  usbh_conf.o(i.USBH_Delay)
    USBH_FindInterface                       0x0800453d   Thumb Code    68  usbh_core.o(i.USBH_FindInterface)
    USBH_FreePipe                            0x08004581   Thumb Code    24  usbh_pipes.o(i.USBH_FreePipe)
    USBH_GetDescriptor                       0x08004599   Thumb Code    52  usbh_ctlreq.o(i.USBH_GetDescriptor)
    USBH_GetNextDesc                         0x080045cd   Thumb Code    14  usbh_ctlreq.o(i.USBH_GetNextDesc)
    USBH_Get_CfgDesc                         0x080045db   Thumb Code    44  usbh_ctlreq.o(i.USBH_Get_CfgDesc)
    USBH_Get_DevDesc                         0x08004607   Thumb Code   144  usbh_ctlreq.o(i.USBH_Get_DevDesc)
    USBH_Get_StringDesc                      0x08004697   Thumb Code    72  usbh_ctlreq.o(i.USBH_Get_StringDesc)
    USBH_Get_USB_Status                      0x080046df   Thumb Code    24  usbh_conf.o(i.USBH_Get_USB_Status)
    USBH_Init                                0x08004b0d   Thumb Code   130  usbh_core.o(i.USBH_Init)
    USBH_LL_ClosePipe                        0x08004bb5   Thumb Code    18  usbh_conf.o(i.USBH_LL_ClosePipe)
    USBH_LL_Connect                          0x08004bc7   Thumb Code    34  usbh_core.o(i.USBH_LL_Connect)
    USBH_LL_Disconnect                       0x08004be9   Thumb Code    62  usbh_core.o(i.USBH_LL_Disconnect)
    USBH_LL_DriverVBUS                       0x08004c27   Thumb Code    12  usbh_conf.o(i.USBH_LL_DriverVBUS)
    USBH_LL_GetLastXferSize                  0x08004c33   Thumb Code     8  usbh_conf.o(i.USBH_LL_GetLastXferSize)
    USBH_LL_GetSpeed                         0x08004c3b   Thumb Code    34  usbh_conf.o(i.USBH_LL_GetSpeed)
    USBH_LL_GetToggle                        0x08004c5d   Thumb Code    30  usbh_conf.o(i.USBH_LL_GetToggle)
    USBH_LL_GetURBState                      0x08004c7b   Thumb Code     8  usbh_conf.o(i.USBH_LL_GetURBState)
    USBH_LL_IncTimer                         0x08004c83   Thumb Code    30  usbh_core.o(i.USBH_LL_IncTimer)
    USBH_LL_Init                             0x08004ca1   Thumb Code    72  usbh_conf.o(i.USBH_LL_Init)
    USBH_LL_NotifyURBChange                  0x08004ced   Thumb Code    22  usbh_core.o(i.USBH_LL_NotifyURBChange)
    USBH_LL_OpenPipe                         0x08004d03   Thumb Code    28  usbh_conf.o(i.USBH_LL_OpenPipe)
    USBH_LL_PortDisabled                     0x08004d1f   Thumb Code     8  usbh_core.o(i.USBH_LL_PortDisabled)
    USBH_LL_PortEnabled                      0x08004d27   Thumb Code    20  usbh_core.o(i.USBH_LL_PortEnabled)
    USBH_LL_ResetPort                        0x08004d3b   Thumb Code    18  usbh_conf.o(i.USBH_LL_ResetPort)
    USBH_LL_SetTimer                         0x08004d4d   Thumb Code     6  usbh_core.o(i.USBH_LL_SetTimer)
    USBH_LL_SetToggle                        0x08004d53   Thumb Code    32  usbh_conf.o(i.USBH_LL_SetToggle)
    USBH_LL_Start                            0x08004d73   Thumb Code    18  usbh_conf.o(i.USBH_LL_Start)
    USBH_LL_Stop                             0x08004d85   Thumb Code    18  usbh_conf.o(i.USBH_LL_Stop)
    USBH_LL_SubmitURB                        0x08004d97   Thumb Code    34  usbh_conf.o(i.USBH_LL_SubmitURB)
    USBH_MSC_BOT_Init                        0x08004dd9   Thumb Code    26  usbh_msc_bot.o(i.USBH_MSC_BOT_Init)
    USBH_MSC_BOT_Process                     0x08004dfd   Thumb Code   508  usbh_msc_bot.o(i.USBH_MSC_BOT_Process)
    USBH_MSC_BOT_REQ_GetMaxLUN               0x08004ffd   Thumb Code    22  usbh_msc_bot.o(i.USBH_MSC_BOT_REQ_GetMaxLUN)
    USBH_MSC_BOT_REQ_Reset                   0x08005013   Thumb Code    22  usbh_msc_bot.o(i.USBH_MSC_BOT_REQ_Reset)
    USBH_MSC_GetLUNInfo                      0x080050cd   Thumb Code    46  usbh_msc.o(i.USBH_MSC_GetLUNInfo)
    USBH_MSC_Read                            0x0800593d   Thumb Code   138  usbh_msc.o(i.USBH_MSC_Read)
    USBH_MSC_SCSI_Inquiry                    0x080059c7   Thumb Code   212  usbh_msc_scsi.o(i.USBH_MSC_SCSI_Inquiry)
    USBH_MSC_SCSI_Read                       0x08005a9b   Thumb Code   128  usbh_msc_scsi.o(i.USBH_MSC_SCSI_Read)
    USBH_MSC_SCSI_ReadCapacity               0x08005b1b   Thumb Code   122  usbh_msc_scsi.o(i.USBH_MSC_SCSI_ReadCapacity)
    USBH_MSC_SCSI_RequestSense               0x08005b95   Thumb Code   146  usbh_msc_scsi.o(i.USBH_MSC_SCSI_RequestSense)
    USBH_MSC_SCSI_TestUnitReady              0x08005c27   Thumb Code    76  usbh_msc_scsi.o(i.USBH_MSC_SCSI_TestUnitReady)
    USBH_MSC_SCSI_Write                      0x08005c73   Thumb Code   128  usbh_msc_scsi.o(i.USBH_MSC_SCSI_Write)
    USBH_MSC_UnitIsReady                     0x08005cf7   Thumb Code    38  usbh_msc.o(i.USBH_MSC_UnitIsReady)
    USBH_MSC_Write                           0x08005d1d   Thumb Code   138  usbh_msc.o(i.USBH_MSC_Write)
    USBH_OpenPipe                            0x08005da7   Thumb Code    20  usbh_pipes.o(i.USBH_OpenPipe)
    USBH_Process                             0x08005e99   Thumb Code   678  usbh_core.o(i.USBH_Process)
    USBH_RegisterClass                       0x080062c9   Thumb Code    58  usbh_core.o(i.USBH_RegisterClass)
    USBH_SelectInterface                     0x08006345   Thumb Code   120  usbh_core.o(i.USBH_SelectInterface)
    USBH_SetAddress                          0x08006439   Thumb Code    28  usbh_ctlreq.o(i.USBH_SetAddress)
    USBH_SetCfg                              0x08006455   Thumb Code    28  usbh_ctlreq.o(i.USBH_SetCfg)
    USBH_SetFeature                          0x08006471   Thumb Code    28  usbh_ctlreq.o(i.USBH_SetFeature)
    USBH_Start                               0x0800648d   Thumb Code    20  usbh_core.o(i.USBH_Start)
    USBH_initialize                          0x080064c1   Thumb Code     4  usbh_diskio.o(i.USBH_initialize)
    USBH_ioctl                               0x080064c5   Thumb Code    74  usbh_diskio.o(i.USBH_ioctl)
    USBH_read                                0x08006515   Thumb Code    84  usbh_diskio.o(i.USBH_read)
    USBH_status                              0x08006591   Thumb Code    20  usbh_diskio.o(i.USBH_status)
    USBH_write                               0x080065a9   Thumb Code   110  usbh_diskio.o(i.USBH_write)
    USB_CoreInit                             0x08006661   Thumb Code    76  stm32f1xx_ll_usb.o(i.USB_CoreInit)
    USB_DisableGlobalInt                     0x080066b1   Thumb Code    12  stm32f1xx_ll_usb.o(i.USB_DisableGlobalInt)
    USB_DriveVbus                            0x080066bd   Thumb Code    44  stm32f1xx_ll_usb.o(i.USB_DriveVbus)
    USB_EnableGlobalInt                      0x080066e9   Thumb Code    12  stm32f1xx_ll_usb.o(i.USB_EnableGlobalInt)
    USB_FlushRxFifo                          0x080066f5   Thumb Code    54  stm32f1xx_ll_usb.o(i.USB_FlushRxFifo)
    USB_FlushTxFifo                          0x08006731   Thumb Code    58  stm32f1xx_ll_usb.o(i.USB_FlushTxFifo)
    USB_GetCurrentFrame                      0x08006771   Thumb Code     8  stm32f1xx_ll_usb.o(i.USB_GetCurrentFrame)
    USB_GetHostSpeed                         0x08006779   Thumb Code    14  stm32f1xx_ll_usb.o(i.USB_GetHostSpeed)
    USB_GetMode                              0x08006787   Thumb Code     8  stm32f1xx_ll_usb.o(i.USB_GetMode)
    USB_HC_Halt                              0x0800678f   Thumb Code   212  stm32f1xx_ll_usb.o(i.USB_HC_Halt)
    USB_HC_Init                              0x08006865   Thumb Code   246  stm32f1xx_ll_usb.o(i.USB_HC_Init)
    USB_HC_ReadInterrupt                     0x0800695b   Thumb Code     8  stm32f1xx_ll_usb.o(i.USB_HC_ReadInterrupt)
    USB_HC_StartXfer                         0x08006963   Thumb Code   248  stm32f1xx_ll_usb.o(i.USB_HC_StartXfer)
    USB_HostInit                             0x08006a5d   Thumb Code   128  stm32f1xx_ll_usb.o(i.USB_HostInit)
    USB_InitFSLSPClkSel                      0x08006ae9   Thumb Code    56  stm32f1xx_ll_usb.o(i.USB_InitFSLSPClkSel)
    USB_ReadChInterrupts                     0x08006b21   Thumb Code    16  stm32f1xx_ll_usb.o(i.USB_ReadChInterrupts)
    USB_ReadInterrupts                       0x08006b31   Thumb Code     8  stm32f1xx_ll_usb.o(i.USB_ReadInterrupts)
    USB_ReadPacket                           0x08006b39   Thumb Code    62  stm32f1xx_ll_usb.o(i.USB_ReadPacket)
    USB_ResetPort                            0x08006b77   Thumb Code    50  stm32f1xx_ll_usb.o(i.USB_ResetPort)
    USB_SetCurrentMode                       0x08006ba9   Thumb Code    92  stm32f1xx_ll_usb.o(i.USB_SetCurrentMode)
    USB_StopHost                             0x08006c05   Thumb Code   138  stm32f1xx_ll_usb.o(i.USB_StopHost)
    USB_WritePacket                          0x08006c91   Thumb Code    36  stm32f1xx_ll_usb.o(i.USB_WritePacket)
    UsageFault_Handler                       0x08006cb5   Thumb Code     2  stm32f1xx_it.o(i.UsageFault_Handler)
    VS1003_PlayMusic_2                       0x08006cb9   Thumb Code   162  playaudio.o(i.VS1003_PlayMusic_2)
    VS1003_Reset                             0x08006dad   Thumb Code   108  vs1003.o(i.VS1003_Reset)
    VS1003_ResetDecodeTime                   0x08006e29   Thumb Code    22  vs1003.o(i.VS1003_ResetDecodeTime)
    VS1003_SoftReset                         0x08006e41   Thumb Code    66  vs1003.o(i.VS1003_SoftReset)
    VS1003_WriteReg                          0x08006e91   Thumb Code    92  vs1003.o(i.VS1003_WriteReg)
    WS2812B_Init                             0x08006ef9   Thumb Code    36  ws2812.o(i.WS2812B_Init)
    WS2812_show                              0x08006f21   Thumb Code   136  ws2812.o(i.WS2812_show)
    Wheel                                    0x08006fb5   Thumb Code    78  adafruit_neopixel.o(i.Wheel)
    __0printf$5                              0x08007005   Thumb Code    22  printf5.o(i.__0printf$5)
    __1printf$5                              0x08007005   Thumb Code     0  printf5.o(i.__0printf$5)
    __2printf                                0x08007005   Thumb Code     0  printf5.o(i.__0printf$5)
    __0sprintf$5                             0x08007025   Thumb Code    34  printf5.o(i.__0sprintf$5)
    __1sprintf$5                             0x08007025   Thumb Code     0  printf5.o(i.__0sprintf$5)
    __2sprintf                               0x08007025   Thumb Code     0  printf5.o(i.__0sprintf$5)
    __scatterload_copy                       0x0800706d   Thumb Code    14  handlers.o(i.__scatterload_copy)
    __scatterload_null                       0x0800707b   Thumb Code     2  handlers.o(i.__scatterload_null)
    __scatterload_zeroinit                   0x0800707d   Thumb Code    14  handlers.o(i.__scatterload_zeroinit)
    clust2sect                               0x0800748b   Thumb Code    30  ff.o(i.clust2sect)
    disk_initialize                          0x08007929   Thumb Code    36  diskio.o(i.disk_initialize)
    disk_ioctl                               0x08007951   Thumb Code    24  diskio.o(i.disk_ioctl)
    disk_read                                0x0800796d   Thumb Code    24  diskio.o(i.disk_read)
    disk_status                              0x08007989   Thumb Code    18  diskio.o(i.disk_status)
    disk_write                               0x080079a1   Thumb Code    24  diskio.o(i.disk_write)
    f_close                                  0x080079bd   Thumb Code    54  ff.o(i.f_close)
    f_closedir                               0x080079f3   Thumb Code    48  ff.o(i.f_closedir)
    f_mount                                  0x08007a25   Thumb Code   126  ff.o(i.f_mount)
    f_open                                   0x08007aa9   Thumb Code   430  ff.o(i.f_open)
    f_opendir                                0x08007c5d   Thumb Code   156  ff.o(i.f_opendir)
    f_read                                   0x08007cf9   Thumb Code   466  ff.o(i.f_read)
    f_readdir                                0x08007ecb   Thumb Code    98  ff.o(i.f_readdir)
    f_sync                                   0x08007f2d   Thumb Code   210  ff.o(i.f_sync)
    ff_cre_syncobj                           0x08007fff   Thumb Code    28  syscall.o(i.ff_cre_syncobj)
    ff_del_syncobj                           0x0800801b   Thumb Code    10  syscall.o(i.ff_del_syncobj)
    ff_rel_grant                             0x08008025   Thumb Code     4  syscall.o(i.ff_rel_grant)
    ff_req_grant                             0x08008029   Thumb Code    20  syscall.o(i.ff_req_grant)
    fputc                                    0x080083d9   Thumb Code    32  usart.o(i.fputc)
    free                                     0x080083fd   Thumb Code    76  malloc.o(i.free)
    get_fat                                  0x0800844d   Thumb Code   204  ff.o(i.get_fat)
    get_fattime                              0x08008519   Thumb Code     4  fatfs.o(i.get_fattime)
    main                                     0x0800867d   Thumb Code   130  main.o(i.main)
    malloc                                   0x08008739   Thumb Code    92  malloc.o(i.malloc)
    osDelay                                  0x080087fb   Thumb Code    14  cmsis_os.o(i.osDelay)
    osKernelStart                            0x08008809   Thumb Code    10  cmsis_os.o(i.osKernelStart)
    osMessageCreate                          0x08008813   Thumb Code    38  cmsis_os.o(i.osMessageCreate)
    osMessageGet                             0x08008839   Thumb Code   144  cmsis_os.o(i.osMessageGet)
    osMessagePut                             0x080088cd   Thumb Code    86  cmsis_os.o(i.osMessagePut)
    osSemaphoreCreate                        0x08008929   Thumb Code    62  cmsis_os.o(i.osSemaphoreCreate)
    osSemaphoreDelete                        0x08008967   Thumb Code    24  cmsis_os.o(i.osSemaphoreDelete)
    osSemaphoreRelease                       0x08008981   Thumb Code    74  cmsis_os.o(i.osSemaphoreRelease)
    osSemaphoreWait                          0x080089d1   Thumb Code    96  cmsis_os.o(i.osSemaphoreWait)
    osThreadCreate                           0x08008a35   Thumb Code    84  cmsis_os.o(i.osThreadCreate)
    put_fat                                  0x08008efb   Thumb Code   246  ff.o(i.put_fat)
    pvPortMalloc                             0x08008ff1   Thumb Code   210  heap_4.o(i.pvPortMalloc)
    pvTaskIncrementMutexHeldCount            0x080090c9   Thumb Code    18  tasks.o(i.pvTaskIncrementMutexHeldCount)
    pxPortInitialiseStack                    0x080090e1   Thumb Code    32  port.o(i.pxPortInitialiseStack)
    rainbowCycle                             0x08009105   Thumb Code    68  adafruit_neopixel.o(i.rainbowCycle)
    uxListRemove                             0x080092ff   Thumb Code    38  list.o(i.uxListRemove)
    vApplicationGetIdleTaskMemory            0x08009325   Thumb Code    16  freertos.o(i.vApplicationGetIdleTaskMemory)
    vListInitialise                          0x08009339   Thumb Code    22  list.o(i.vListInitialise)
    vListInitialiseItem                      0x0800934f   Thumb Code     6  list.o(i.vListInitialiseItem)
    vListInsert                              0x08009355   Thumb Code    48  list.o(i.vListInsert)
    vListInsertEnd                           0x08009385   Thumb Code    24  list.o(i.vListInsertEnd)
    vPortEnterCritical                       0x0800939d   Thumb Code    54  port.o(i.vPortEnterCritical)
    vPortExitCritical                        0x080093dd   Thumb Code    34  port.o(i.vPortExitCritical)
    vPortFree                                0x08009405   Thumb Code    88  heap_4.o(i.vPortFree)
    vPortSetupTimerInterrupt                 0x08009461   Thumb Code    32  port.o(i.vPortSetupTimerInterrupt)
    vPortValidateInterruptPriority           0x08009485   Thumb Code    74  port.o(i.vPortValidateInterruptPriority)
    vQueueDelete                             0x080094d9   Thumb Code    46  queue.o(i.vQueueDelete)
    vQueueUnregisterQueue                    0x08009509   Thumb Code    36  queue.o(i.vQueueUnregisterQueue)
    vTaskDelay                               0x08009531   Thumb Code    66  tasks.o(i.vTaskDelay)
    vTaskInternalSetTimeOutState             0x0800957d   Thumb Code    12  tasks.o(i.vTaskInternalSetTimeOutState)
    vTaskMissedYield                         0x0800958d   Thumb Code     8  tasks.o(i.vTaskMissedYield)
    vTaskPlaceOnEventList                    0x08009599   Thumb Code    44  tasks.o(i.vTaskPlaceOnEventList)
    vTaskPriorityDisinheritAfterTimeout      0x080095c9   Thumb Code   160  tasks.o(i.vTaskPriorityDisinheritAfterTimeout)
    vTaskStartScheduler                      0x08009671   Thumb Code    90  tasks.o(i.vTaskStartScheduler)
    vTaskSuspendAll                          0x080096dd   Thumb Code    10  tasks.o(i.vTaskSuspendAll)
    vTaskSwitchContext                       0x080096ed   Thumb Code    82  tasks.o(i.vTaskSwitchContext)
    xPortStartScheduler                      0x08009789   Thumb Code   154  port.o(i.xPortStartScheduler)
    xQueueGenericCreate                      0x08009831   Thumb Code    72  queue.o(i.xQueueGenericCreate)
    xQueueGenericCreateStatic                0x08009879   Thumb Code   102  queue.o(i.xQueueGenericCreateStatic)
    xQueueGenericReset                       0x080098e1   Thumb Code   132  queue.o(i.xQueueGenericReset)
    xQueueGenericSend                        0x08009969   Thumb Code   346  queue.o(i.xQueueGenericSend)
    xQueueGenericSendFromISR                 0x08009ac9   Thumb Code   188  queue.o(i.xQueueGenericSendFromISR)
    xQueueGiveFromISR                        0x08009b85   Thumb Code   156  queue.o(i.xQueueGiveFromISR)
    xQueueReceive                            0x08009c21   Thumb Code   308  queue.o(i.xQueueReceive)
    xQueueReceiveFromISR                     0x08009d59   Thumb Code   154  queue.o(i.xQueueReceiveFromISR)
    xQueueSemaphoreTake                      0x08009df5   Thumb Code   372  queue.o(i.xQueueSemaphoreTake)
    xTaskCheckForTimeOut                     0x08009f6d   Thumb Code   112  tasks.o(i.xTaskCheckForTimeOut)
    xTaskCreate                              0x08009fe1   Thumb Code    90  tasks.o(i.xTaskCreate)
    xTaskCreateStatic                        0x0800a03b   Thumb Code    86  tasks.o(i.xTaskCreateStatic)
    xTaskGetSchedulerState                   0x0800a091   Thumb Code    22  tasks.o(i.xTaskGetSchedulerState)
    xTaskIncrementTick                       0x0800a0ad   Thumb Code   192  tasks.o(i.xTaskIncrementTick)
    xTaskPriorityDisinherit                  0x0800a175   Thumb Code   144  tasks.o(i.xTaskPriorityDisinherit)
    xTaskPriorityInherit                     0x0800a20d   Thumb Code   138  tasks.o(i.xTaskPriorityInherit)
    xTaskRemoveFromEventList                 0x0800a2a1   Thumb Code   108  tasks.o(i.xTaskRemoveFromEventList)
    xTaskResumeAll                           0x0800a315   Thumb Code   182  tasks.o(i.xTaskResumeAll)
    AHBPrescTable                            0x0800a44c   Data          16  system_stm32f1xx.o(.constdata)
    APBPrescTable                            0x0800a45c   Data           8  system_stm32f1xx.o(.constdata)
    USBH_Driver                              0x0800a4e4   Data          20  usbh_diskio.o(.constdata)
    Region$$Table$$Base                      0x0800a54c   Number         0  anon$$obj.o(Region$$Table)
    Region$$Table$$Limit                     0x0800a56c   Number         0  anon$$obj.o(Region$$Table)
    adcBuff                                  0x20000000   Data           6  main.o(.data)
    defaultTaskHandle                        0x20000008   Data           4  freertos.o(.data)
    myTask02Handle                           0x2000000c   Data           4  freertos.o(.data)
    retUSBH                                  0x20000010   Data           1  fatfs.o(.data)
    USBHPath                                 0x20000011   Data           4  fatfs.o(.data)
    Appli_state                              0x20000015   Data           1  usb_host.o(.data)
    uwTickFreq                               0x20000018   Data           1  stm32f1xx_hal.o(.data)
    uwTickPrio                               0x2000001c   Data           4  stm32f1xx_hal.o(.data)
    uwTick                                   0x20000020   Data           4  stm32f1xx_hal.o(.data)
    SystemCoreClock                          0x20000024   Data           4  system_stm32f1xx.o(.data)
    USBH_msc                                 0x20000030   Data          32  usbh_msc.o(.data)
    gFlash_Mode                              0x20000050   Data           1  ws2812.o(.data)
    f9_state                                 0x20000051   Data           1  ws2812.o(.data)
    Flash1_speed_L                           0x20000062   Data           2  ws2812.o(.data)
    Flash1_speed_R                           0x20000064   Data           2  ws2812.o(.data)
    rBuffer                                  0x20000080   Data           8  ws2812.o(.data)
    gBuffer                                  0x20000088   Data           8  ws2812.o(.data)
    bBuffer                                  0x20000090   Data           8  ws2812.o(.data)
    pxCurrentTCB                             0x200000b0   Data           4  tasks.o(.data)
    __stdout                                 0x20000110   Data           4  stdout.o(.data)
    __microlib_freelist                      0x20000114   Data           4  mvars.o(.data)
    __microlib_freelist_initialised          0x20000118   Data           4  mvars.o(.data)
    USBDISKFatFs                             0x2000011c   Data         564  main.o(.bss)
    MyFile                                   0x20000350   Data         556  main.o(.bss)
    hadc1                                    0x200007d0   Data          48  adc.o(.bss)
    hdma_adc1                                0x20000800   Data          68  adc.o(.bss)
    hspi2                                    0x20000844   Data          88  spi.o(.bss)
    hdma_spi2_tx                             0x2000089c   Data          68  spi.o(.bss)
    htim2                                    0x200008e0   Data          72  tim.o(.bss)
    htim3                                    0x20000928   Data          72  tim.o(.bss)
    hdma_tim3_ch4_up                         0x20000970   Data          68  tim.o(.bss)
    huart2                                   0x200009b4   Data          72  usart.o(.bss)
    htim7                                    0x200009fc   Data          72  stm32f1xx_hal_timebase_tim.o(.bss)
    hUsbHostFS                               0x20000a44   Data         988  usb_host.o(.bss)
    hhcd_USB_OTG_FS                          0x20000e20   Data         836  usbh_conf.o(.bss)
    disk                                     0x2000117c   Data          12  ff_gen_drv.o(.bss)
    frame                                    0x20001188   Data         392  ws2812.o(.bss)
    xQueueRegistry                           0x20001310   Data          64  queue.o(.bss)
    __heap_base                              0x20002440   Data           0  startup_stm32f105xc.o(HEAP)
    __heap_limit                             0x20004440   Data           0  startup_stm32f105xc.o(HEAP)
    __initial_sp                             0x20006440   Data           0  startup_stm32f105xc.o(STACK)



==============================================================================

Memory Map of the image

  Image Entry point : 0x08000151

  Load Region LR_IROM1 (Base: 0x08000000, Size: 0x0000a688, Max: 0x00020000, ABSOLUTE)

    Execution Region ER_IROM1 (Exec base: 0x08000000, Load base: 0x08000000, Size: 0x0000a56c, Max: 0x00020000, ABSOLUTE)

    Exec Addr    Load Addr    Size         Type   Attr      Idx    E Section Name        Object

    0x08000000   0x08000000   0x00000150   Data   RO            3    RESET               startup_stm32f105xc.o
    0x08000150   0x08000150   0x00000000   Code   RO         7384  * .ARM.Collect$$$$00000000  mc_w.l(entry.o)
    0x08000150   0x08000150   0x00000004   Code   RO         7745    .ARM.Collect$$$$00000001  mc_w.l(entry2.o)
    0x08000154   0x08000154   0x00000004   Code   RO         7748    .ARM.Collect$$$$00000004  mc_w.l(entry5.o)
    0x08000158   0x08000158   0x00000000   Code   RO         7750    .ARM.Collect$$$$00000008  mc_w.l(entry7b.o)
    0x08000158   0x08000158   0x00000000   Code   RO         7752    .ARM.Collect$$$$0000000A  mc_w.l(entry8b.o)
    0x08000158   0x08000158   0x00000008   Code   RO         7753    .ARM.Collect$$$$0000000B  mc_w.l(entry9a.o)
    0x08000160   0x08000160   0x00000004   Code   RO         7760    .ARM.Collect$$$$0000000E  mc_w.l(entry12b.o)
    0x08000164   0x08000164   0x00000000   Code   RO         7755    .ARM.Collect$$$$0000000F  mc_w.l(entry10a.o)
    0x08000164   0x08000164   0x00000000   Code   RO         7757    .ARM.Collect$$$$00000011  mc_w.l(entry11a.o)
    0x08000164   0x08000164   0x00000004   Code   RO         7746    .ARM.Collect$$$$00002712  mc_w.l(entry2.o)
    0x08000168   0x08000168   0x00000096   Code   RO         7299    .emb_text           port.o
    0x080001fe   0x080001fe   0x00000002   PAD
    0x08000200   0x08000200   0x00000024   Code   RO            4    .text               startup_stm32f105xc.o
    0x08000224   0x08000224   0x00000062   Code   RO         7387    .text               mc_w.l(uldiv.o)
    0x08000286   0x08000286   0x00000020   Code   RO         7389    .text               mc_w.l(llushr.o)
    0x080002a6   0x080002a6   0x00000024   Code   RO         7394    .text               mc_w.l(memcpya.o)
    0x080002ca   0x080002ca   0x00000024   Code   RO         7398    .text               mc_w.l(memseta.o)
    0x080002ee   0x080002ee   0x0000001e   Code   RO         7764    .text               mc_w.l(llshl.o)
    0x0800030c   0x0800030c   0x00000024   Code   RO         7790    .text               mc_w.l(init.o)
    0x08000330   0x08000330   0x0000000c   Code   RO          644    i.ADC1_2_IRQHandler  stm32f1xx_it.o
    0x0800033c   0x0800033c   0x00000056   Code   RO         2623    i.ADC_ConversionStop_Disable  stm32f1xx_hal_adc.o
    0x08000392   0x08000392   0x0000004e   Code   RO         2624    i.ADC_DMAConvCplt   stm32f1xx_hal_adc.o
    0x080003e0   0x080003e0   0x0000001a   Code   RO         2625    i.ADC_DMAError      stm32f1xx_hal_adc.o
    0x080003fa   0x080003fa   0x0000000a   Code   RO         2626    i.ADC_DMAHalfConvCplt  stm32f1xx_hal_adc.o
    0x08000404   0x08000404   0x0000007c   Code   RO         2627    i.ADC_Enable        stm32f1xx_hal_adc.o
    0x08000480   0x08000480   0x00000002   Code   RO          645    i.BusFault_Handler  stm32f1xx_it.o
    0x08000482   0x08000482   0x00000002   PAD
    0x08000484   0x08000484   0x0000000c   Code   RO          646    i.DMA1_Channel1_IRQHandler  stm32f1xx_it.o
    0x08000490   0x08000490   0x0000000c   Code   RO          647    i.DMA1_Channel3_IRQHandler  stm32f1xx_it.o
    0x0800049c   0x0800049c   0x0000000c   Code   RO          648    i.DMA1_Channel5_IRQHandler  stm32f1xx_it.o
    0x080004a8   0x080004a8   0x0000002a   Code   RO         2026    i.DMA_SetConfig     stm32f1xx_hal_dma.o
    0x080004d2   0x080004d2   0x00000002   PAD
    0x080004d4   0x080004d4   0x00000048   Code   RO         5207    i.DeInitStateMachine  usbh_core.o
    0x0800051c   0x0800051c   0x00000002   Code   RO          649    i.DebugMon_Handler  stm32f1xx_it.o
    0x0800051e   0x0800051e   0x00000004   Code   RO           47    i.Error_Handler     main.o
    0x08000522   0x08000522   0x00000006   Code   RO         4996    i.FATFS_LinkDriver  ff_gen_drv.o
    0x08000528   0x08000528   0x00000040   Code   RO         4997    i.FATFS_LinkDriverEx  ff_gen_drv.o
    0x08000568   0x08000568   0x000000d8   Code   RO         2803    i.HAL_ADCEx_Calibration_Start  stm32f1xx_hal_adc_ex.o
    0x08000640   0x08000640   0x00000002   Code   RO         2805    i.HAL_ADCEx_InjectedConvCpltCallback  stm32f1xx_hal_adc_ex.o
    0x08000642   0x08000642   0x00000002   PAD
    0x08000644   0x08000644   0x000000fc   Code   RO         2629    i.HAL_ADC_ConfigChannel  stm32f1xx_hal_adc.o
    0x08000740   0x08000740   0x00000002   Code   RO         2630    i.HAL_ADC_ConvCpltCallback  stm32f1xx_hal_adc.o
    0x08000742   0x08000742   0x00000002   Code   RO         2631    i.HAL_ADC_ConvHalfCpltCallback  stm32f1xx_hal_adc.o
    0x08000744   0x08000744   0x00000002   Code   RO         2633    i.HAL_ADC_ErrorCallback  stm32f1xx_hal_adc.o
    0x08000746   0x08000746   0x000000dc   Code   RO         2637    i.HAL_ADC_IRQHandler  stm32f1xx_hal_adc.o
    0x08000822   0x08000822   0x00000002   PAD
    0x08000824   0x08000824   0x0000011c   Code   RO         2638    i.HAL_ADC_Init      stm32f1xx_hal_adc.o
    0x08000940   0x08000940   0x00000002   Code   RO         2639    i.HAL_ADC_LevelOutOfWindowCallback  stm32f1xx_hal_adc.o
    0x08000942   0x08000942   0x00000002   PAD
    0x08000944   0x08000944   0x000000a0   Code   RO          435    i.HAL_ADC_MspInit   adc.o
    0x080009e4   0x080009e4   0x0000010c   Code   RO         2645    i.HAL_ADC_Start_DMA  stm32f1xx_hal_adc.o
    0x08000af0   0x08000af0   0x00000046   Code   RO         2027    i.HAL_DMA_Abort     stm32f1xx_hal_dma.o
    0x08000b36   0x08000b36   0x00000002   PAD
    0x08000b38   0x08000b38   0x00000130   Code   RO         2028    i.HAL_DMA_Abort_IT  stm32f1xx_hal_dma.o
    0x08000c68   0x08000c68   0x00000006   Code   RO         2031    i.HAL_DMA_GetState  stm32f1xx_hal_dma.o
    0x08000c6e   0x08000c6e   0x00000002   PAD
    0x08000c70   0x08000c70   0x00000248   Code   RO         2032    i.HAL_DMA_IRQHandler  stm32f1xx_hal_dma.o
    0x08000eb8   0x08000eb8   0x0000007c   Code   RO         2033    i.HAL_DMA_Init      stm32f1xx_hal_dma.o
    0x08000f34   0x08000f34   0x00000070   Code   RO         2037    i.HAL_DMA_Start_IT  stm32f1xx_hal_dma.o
    0x08000fa4   0x08000fa4   0x00000024   Code   RO         1629    i.HAL_Delay         stm32f1xx_hal.o
    0x08000fc8   0x08000fc8   0x000001e0   Code   RO         1963    i.HAL_GPIO_Init     stm32f1xx_hal_gpio.o
    0x080011a8   0x080011a8   0x0000000a   Code   RO         1965    i.HAL_GPIO_ReadPin  stm32f1xx_hal_gpio.o
    0x080011b2   0x080011b2   0x0000000a   Code   RO         1967    i.HAL_GPIO_WritePin  stm32f1xx_hal_gpio.o
    0x080011bc   0x080011bc   0x0000000c   Code   RO         1633    i.HAL_GetTick       stm32f1xx_hal.o
    0x080011c8   0x080011c8   0x00000008   Code   RO          901    i.HAL_HCD_Connect_Callback  usbh_conf.o
    0x080011d0   0x080011d0   0x00000008   Code   RO          902    i.HAL_HCD_Disconnect_Callback  usbh_conf.o
    0x080011d8   0x080011d8   0x00000006   Code   RO         1130    i.HAL_HCD_GetCurrentFrame  stm32f1xx_hal_hcd.o
    0x080011de   0x080011de   0x00000006   Code   RO         1131    i.HAL_HCD_GetCurrentSpeed  stm32f1xx_hal_hcd.o
    0x080011e4   0x080011e4   0x00000016   Code   RO         1133    i.HAL_HCD_HC_ClearHubInfo  stm32f1xx_hal_hcd.o
    0x080011fa   0x080011fa   0x0000000e   Code   RO         1135    i.HAL_HCD_HC_GetURBState  stm32f1xx_hal_hcd.o
    0x08001208   0x08001208   0x0000000c   Code   RO         1136    i.HAL_HCD_HC_GetXferCount  stm32f1xx_hal_hcd.o
    0x08001214   0x08001214   0x00000024   Code   RO         1137    i.HAL_HCD_HC_Halt   stm32f1xx_hal_hcd.o
    0x08001238   0x08001238   0x00000086   Code   RO         1138    i.HAL_HCD_HC_Init   stm32f1xx_hal_hcd.o
    0x080012be   0x080012be   0x00000008   Code   RO          903    i.HAL_HCD_HC_NotifyURBChange_Callback  usbh_conf.o
    0x080012c6   0x080012c6   0x00000094   Code   RO         1141    i.HAL_HCD_HC_SubmitRequest  stm32f1xx_hal_hcd.o
    0x0800135a   0x0800135a   0x00000002   PAD
    0x0800135c   0x0800135c   0x00000142   Code   RO         1142    i.HAL_HCD_IRQHandler  stm32f1xx_hal_hcd.o
    0x0800149e   0x0800149e   0x00000072   Code   RO         1143    i.HAL_HCD_Init      stm32f1xx_hal_hcd.o
    0x08001510   0x08001510   0x00000038   Code   RO          905    i.HAL_HCD_MspInit   usbh_conf.o
    0x08001548   0x08001548   0x00000008   Code   RO          906    i.HAL_HCD_PortDisabled_Callback  usbh_conf.o
    0x08001550   0x08001550   0x00000008   Code   RO          907    i.HAL_HCD_PortEnabled_Callback  usbh_conf.o
    0x08001558   0x08001558   0x00000006   Code   RO         1148    i.HAL_HCD_ResetPort  stm32f1xx_hal_hcd.o
    0x0800155e   0x0800155e   0x00000008   Code   RO          908    i.HAL_HCD_SOF_Callback  usbh_conf.o
    0x08001566   0x08001566   0x0000002c   Code   RO         1150    i.HAL_HCD_Start     stm32f1xx_hal_hcd.o
    0x08001592   0x08001592   0x00000024   Code   RO         1151    i.HAL_HCD_Stop      stm32f1xx_hal_hcd.o
    0x080015b6   0x080015b6   0x00000002   PAD
    0x080015b8   0x080015b8   0x00000010   Code   RO         1639    i.HAL_IncTick       stm32f1xx_hal.o
    0x080015c8   0x080015c8   0x00000024   Code   RO         1640    i.HAL_Init          stm32f1xx_hal.o
    0x080015ec   0x080015ec   0x00000098   Code   RO          774    i.HAL_InitTick      stm32f1xx_hal_timebase_tim.o
    0x08001684   0x08001684   0x00000048   Code   RO          750    i.HAL_MspInit       stm32f1xx_hal_msp.o
    0x080016cc   0x080016cc   0x0000001a   Code   RO         2123    i.HAL_NVIC_EnableIRQ  stm32f1xx_hal_cortex.o
    0x080016e6   0x080016e6   0x00000002   PAD
    0x080016e8   0x080016e8   0x00000040   Code   RO         2129    i.HAL_NVIC_SetPriority  stm32f1xx_hal_cortex.o
    0x08001728   0x08001728   0x00000024   Code   RO         2130    i.HAL_NVIC_SetPriorityGrouping  stm32f1xx_hal_cortex.o
    0x0800174c   0x0800174c   0x00000108   Code   RO         1904    i.HAL_RCCEx_GetPeriphCLKFreq  stm32f1xx_hal_rcc_ex.o
    0x08001854   0x08001854   0x00000188   Code   RO         1905    i.HAL_RCCEx_PeriphCLKConfig  stm32f1xx_hal_rcc_ex.o
    0x080019dc   0x080019dc   0x0000012c   Code   RO         1797    i.HAL_RCC_ClockConfig  stm32f1xx_hal_rcc.o
    0x08001b08   0x08001b08   0x00000040   Code   RO         1801    i.HAL_RCC_GetClockConfig  stm32f1xx_hal_rcc.o
    0x08001b48   0x08001b48   0x00000020   Code   RO         1804    i.HAL_RCC_GetPCLK1Freq  stm32f1xx_hal_rcc.o
    0x08001b68   0x08001b68   0x00000020   Code   RO         1805    i.HAL_RCC_GetPCLK2Freq  stm32f1xx_hal_rcc.o
    0x08001b88   0x08001b88   0x0000008c   Code   RO         1806    i.HAL_RCC_GetSysClockFreq  stm32f1xx_hal_rcc.o
    0x08001c14   0x08001c14   0x000003e4   Code   RO         1809    i.HAL_RCC_OscConfig  stm32f1xx_hal_rcc.o
    0x08001ff8   0x08001ff8   0x00000002   Code   RO         2906    i.HAL_SPI_ErrorCallback  stm32f1xx_hal_spi.o
    0x08001ffa   0x08001ffa   0x000000b2   Code   RO         2910    i.HAL_SPI_Init      stm32f1xx_hal_spi.o
    0x080020ac   0x080020ac   0x000000a8   Code   RO          501    i.HAL_SPI_MspInit   spi.o
    0x08002154   0x08002154   0x0000016e   Code   RO         2918    i.HAL_SPI_Transmit  stm32f1xx_hal_spi.o
    0x080022c2   0x080022c2   0x000001ee   Code   RO         2919    i.HAL_SPI_TransmitReceive  stm32f1xx_hal_spi.o
    0x080024b0   0x080024b0   0x000000cc   Code   RO         2922    i.HAL_SPI_Transmit_DMA  stm32f1xx_hal_spi.o
    0x0800257c   0x0800257c   0x00000002   Code   RO         2924    i.HAL_SPI_TxCpltCallback  stm32f1xx_hal_spi.o
    0x0800257e   0x0800257e   0x00000002   Code   RO         2925    i.HAL_SPI_TxHalfCpltCallback  stm32f1xx_hal_spi.o
    0x08002580   0x08002580   0x00000002   Code   RO         3927    i.HAL_TIMEx_BreakCallback  stm32f1xx_hal_tim_ex.o
    0x08002582   0x08002582   0x00000002   Code   RO         3928    i.HAL_TIMEx_CommutCallback  stm32f1xx_hal_tim_ex.o
    0x08002584   0x08002584   0x00000074   Code   RO         3946    i.HAL_TIMEx_MasterConfigSynchronization  stm32f1xx_hal_tim_ex.o
    0x080025f8   0x080025f8   0x0000005a   Code   RO         3223    i.HAL_TIM_Base_Init  stm32f1xx_hal_tim.o
    0x08002652   0x08002652   0x00000002   PAD
    0x08002654   0x08002654   0x0000008c   Code   RO          543    i.HAL_TIM_Base_MspInit  tim.o
    0x080026e0   0x080026e0   0x00000064   Code   RO         3228    i.HAL_TIM_Base_Start_IT  stm32f1xx_hal_tim.o
    0x08002744   0x08002744   0x000000dc   Code   RO         3232    i.HAL_TIM_ConfigClockSource  stm32f1xx_hal_tim.o
    0x08002820   0x08002820   0x00000002   Code   RO         3253    i.HAL_TIM_ErrorCallback  stm32f1xx_hal_tim.o
    0x08002822   0x08002822   0x00000002   Code   RO         3257    i.HAL_TIM_IC_CaptureCallback  stm32f1xx_hal_tim.o
    0x08002824   0x08002824   0x00000166   Code   RO         3271    i.HAL_TIM_IRQHandler  stm32f1xx_hal_tim.o
    0x0800298a   0x0800298a   0x00000002   PAD
    0x0800298c   0x0800298c   0x00000084   Code   RO          544    i.HAL_TIM_MspPostInit  tim.o
    0x08002a10   0x08002a10   0x00000002   Code   RO         3274    i.HAL_TIM_OC_DelayElapsedCallback  stm32f1xx_hal_tim.o
    0x08002a12   0x08002a12   0x000000cc   Code   RO         3295    i.HAL_TIM_PWM_ConfigChannel  stm32f1xx_hal_tim.o
    0x08002ade   0x08002ade   0x0000005a   Code   RO         3298    i.HAL_TIM_PWM_Init  stm32f1xx_hal_tim.o
    0x08002b38   0x08002b38   0x00000002   Code   RO         3300    i.HAL_TIM_PWM_MspInit  stm32f1xx_hal_tim.o
    0x08002b3a   0x08002b3a   0x00000002   PAD
    0x08002b3c   0x08002b3c   0x0000000c   Code   RO         5759    i.HAL_TIM_PWM_PulseFinishedCallback  ws2812.o
    0x08002b48   0x08002b48   0x00000002   Code   RO         3302    i.HAL_TIM_PWM_PulseFinishedHalfCpltCallback  stm32f1xx_hal_tim.o
    0x08002b4a   0x08002b4a   0x00000002   PAD
    0x08002b4c   0x08002b4c   0x0000019c   Code   RO         3304    i.HAL_TIM_PWM_Start_DMA  stm32f1xx_hal_tim.o
    0x08002ce8   0x08002ce8   0x00000070   Code   RO         3306    i.HAL_TIM_PWM_Stop  stm32f1xx_hal_tim.o
    0x08002d58   0x08002d58   0x00000014   Code   RO           48    i.HAL_TIM_PeriodElapsedCallback  main.o
    0x08002d6c   0x08002d6c   0x00000002   Code   RO         3314    i.HAL_TIM_TriggerCallback  stm32f1xx_hal_tim.o
    0x08002d6e   0x08002d6e   0x00000002   Code   RO         4206    i.HAL_UARTEx_RxEventCallback  stm32f1xx_hal_uart.o
    0x08002d70   0x08002d70   0x00000002   Code   RO         4220    i.HAL_UART_ErrorCallback  stm32f1xx_hal_uart.o
    0x08002d72   0x08002d72   0x00000002   PAD
    0x08002d74   0x08002d74   0x0000026c   Code   RO         4223    i.HAL_UART_IRQHandler  stm32f1xx_hal_uart.o
    0x08002fe0   0x08002fe0   0x00000064   Code   RO         4224    i.HAL_UART_Init     stm32f1xx_hal_uart.o
    0x08003044   0x08003044   0x00000080   Code   RO          597    i.HAL_UART_MspInit  usart.o
    0x080030c4   0x080030c4   0x00000002   Code   RO         4230    i.HAL_UART_RxCpltCallback  stm32f1xx_hal_uart.o
    0x080030c6   0x080030c6   0x0000009a   Code   RO         4232    i.HAL_UART_Transmit  stm32f1xx_hal_uart.o
    0x08003160   0x08003160   0x00000002   Code   RO         4235    i.HAL_UART_TxCpltCallback  stm32f1xx_hal_uart.o
    0x08003162   0x08003162   0x00000266   Code   RO         1153    i.HCD_HC_IN_IRQHandler  stm32f1xx_hal_hcd.o
    0x080033c8   0x080033c8   0x000001de   Code   RO         1154    i.HCD_HC_OUT_IRQHandler  stm32f1xx_hal_hcd.o
    0x080035a6   0x080035a6   0x00000094   Code   RO         1155    i.HCD_Port_IRQHandler  stm32f1xx_hal_hcd.o
    0x0800363a   0x0800363a   0x00000088   Code   RO         1156    i.HCD_RXQLVL_IRQHandler  stm32f1xx_hal_hcd.o
    0x080036c2   0x080036c2   0x00000002   Code   RO          650    i.HardFault_Handler  stm32f1xx_it.o
    0x080036c4   0x080036c4   0x00000060   Code   RO           49    i.MSC_Application   main.o
    0x08003724   0x08003724   0x00000080   Code   RO          436    i.MX_ADC1_Init      adc.o
    0x080037a4   0x080037a4   0x0000004c   Code   RO          476    i.MX_DMA_Init       dma.o
    0x080037f0   0x080037f0   0x0000001c   Code   RO          813    i.MX_FATFS_Init     fatfs.o
    0x0800380c   0x0800380c   0x0000003c   Code   RO          371    i.MX_FREERTOS_Init  freertos.o
    0x08003848   0x08003848   0x000000e0   Code   RO          341    i.MX_GPIO_Init      gpio.o
    0x08003928   0x08003928   0x00000048   Code   RO          502    i.MX_SPI2_Init      spi.o
    0x08003970   0x08003970   0x00000094   Code   RO          545    i.MX_TIM2_Init      tim.o
    0x08003a04   0x08003a04   0x00000094   Code   RO          546    i.MX_TIM3_Init      tim.o
    0x08003a98   0x08003a98   0x00000038   Code   RO          598    i.MX_USART2_UART_Init  usart.o
    0x08003ad0   0x08003ad0   0x00000040   Code   RO          858    i.MX_USB_HOST_Init  usb_host.o
    0x08003b10   0x08003b10   0x00000002   Code   RO          651    i.MemManage_Handler  stm32f1xx_it.o
    0x08003b12   0x08003b12   0x00000002   Code   RO          652    i.NMI_Handler       stm32f1xx_it.o
    0x08003b14   0x08003b14   0x0000000c   Code   RO          653    i.OTG_FS_IRQHandler  stm32f1xx_it.o
    0x08003b20   0x08003b20   0x00000022   Code   RO         2938    i.SPI_DMAError      stm32f1xx_hal_spi.o
    0x08003b42   0x08003b42   0x0000000a   Code   RO         2940    i.SPI_DMAHalfTransmitCplt  stm32f1xx_hal_spi.o
    0x08003b4c   0x08003b4c   0x00000064   Code   RO         2944    i.SPI_DMATransmitCplt  stm32f1xx_hal_spi.o
    0x08003bb0   0x08003bb0   0x00000020   Code   RO         2948    i.SPI_EndRxTxTransaction  stm32f1xx_hal_spi.o
    0x08003bd0   0x08003bd0   0x000000b8   Code   RO         2953    i.SPI_WaitFlagStateUntilTimeout  stm32f1xx_hal_spi.o
    0x08003c88   0x08003c88   0x00000024   Code   RO         5928    i.SetPixelColor     adafruit_neopixel.o
    0x08003cac   0x08003cac   0x0000004c   Code   RO          372    i.StartDefaultTask  freertos.o
    0x08003cf8   0x08003cf8   0x00000012   Code   RO          373    i.StartTask02       freertos.o
    0x08003d0a   0x08003d0a   0x00000002   PAD
    0x08003d0c   0x08003d0c   0x0000002c   Code   RO         7300    i.SysTick_Handler   port.o
    0x08003d38   0x08003d38   0x00000088   Code   RO           50    i.SystemClock_Config  main.o
    0x08003dc0   0x08003dc0   0x00000002   Code   RO         4558    i.SystemInit        system_stm32f1xx.o
    0x08003dc2   0x08003dc2   0x00000002   PAD
    0x08003dc4   0x08003dc4   0x0000000c   Code   RO          654    i.TIM3_IRQHandler   stm32f1xx_it.o
    0x08003dd0   0x08003dd0   0x0000000c   Code   RO          655    i.TIM7_IRQHandler   stm32f1xx_it.o
    0x08003ddc   0x08003ddc   0x0000007c   Code   RO         3316    i.TIM_Base_SetConfig  stm32f1xx_hal_tim.o
    0x08003e58   0x08003e58   0x0000001a   Code   RO         3317    i.TIM_CCxChannelCmd  stm32f1xx_hal_tim.o
    0x08003e72   0x08003e72   0x0000005e   Code   RO         3320    i.TIM_DMADelayPulseCplt  stm32f1xx_hal_tim.o
    0x08003ed0   0x08003ed0   0x00000038   Code   RO         3321    i.TIM_DMADelayPulseHalfCplt  stm32f1xx_hal_tim.o
    0x08003f08   0x08003f08   0x00000054   Code   RO         3322    i.TIM_DMAError      stm32f1xx_hal_tim.o
    0x08003f5c   0x08003f5c   0x00000014   Code   RO         3327    i.TIM_ETR_SetConfig  stm32f1xx_hal_tim.o
    0x08003f70   0x08003f70   0x00000010   Code   RO         3328    i.TIM_ITRx_SetConfig  stm32f1xx_hal_tim.o
    0x08003f80   0x08003f80   0x00000050   Code   RO         3329    i.TIM_OC1_SetConfig  stm32f1xx_hal_tim.o
    0x08003fd0   0x08003fd0   0x00000058   Code   RO         3330    i.TIM_OC2_SetConfig  stm32f1xx_hal_tim.o
    0x08004028   0x08004028   0x00000058   Code   RO         3331    i.TIM_OC3_SetConfig  stm32f1xx_hal_tim.o
    0x08004080   0x08004080   0x00000044   Code   RO         3332    i.TIM_OC4_SetConfig  stm32f1xx_hal_tim.o
    0x080040c4   0x080040c4   0x00000022   Code   RO         3334    i.TIM_TI1_ConfigInputStage  stm32f1xx_hal_tim.o
    0x080040e6   0x080040e6   0x00000024   Code   RO         3336    i.TIM_TI2_ConfigInputStage  stm32f1xx_hal_tim.o
    0x0800410a   0x0800410a   0x00000002   PAD
    0x0800410c   0x0800410c   0x00000070   Code   RO           51    i.Traverse_Directory  main.o
    0x0800417c   0x0800417c   0x00000010   Code   RO         4237    i.UART_DMAAbortOnError  stm32f1xx_hal_uart.o
    0x0800418c   0x0800418c   0x0000004e   Code   RO         4247    i.UART_EndRxTransfer  stm32f1xx_hal_uart.o
    0x080041da   0x080041da   0x000000c2   Code   RO         4249    i.UART_Receive_IT   stm32f1xx_hal_uart.o
    0x0800429c   0x0800429c   0x000000b8   Code   RO         4250    i.UART_SetConfig    stm32f1xx_hal_uart.o
    0x08004354   0x08004354   0x00000078   Code   RO         4253    i.UART_WaitOnFlagUntilTimeout  stm32f1xx_hal_uart.o
    0x080043cc   0x080043cc   0x0000000c   Code   RO          656    i.USART2_IRQHandler  stm32f1xx_it.o
    0x080043d8   0x080043d8   0x00000038   Code   RO         5521    i.USBH_AllocPipe    usbh_pipes.o
    0x08004410   0x08004410   0x00000020   Code   RO         5449    i.USBH_BulkReceiveData  usbh_ioreq.o
    0x08004430   0x08004430   0x00000028   Code   RO         5450    i.USBH_BulkSendData  usbh_ioreq.o
    0x08004458   0x08004458   0x0000000a   Code   RO         5522    i.USBH_ClosePipe    usbh_pipes.o
    0x08004462   0x08004462   0x0000001e   Code   RO         5355    i.USBH_ClrFeature   usbh_ctlreq.o
    0x08004480   0x08004480   0x0000001e   Code   RO         5451    i.USBH_CtlReceiveData  usbh_ioreq.o
    0x0800449e   0x0800449e   0x00000054   Code   RO         5356    i.USBH_CtlReq       usbh_ctlreq.o
    0x080044f2   0x080044f2   0x00000028   Code   RO         5452    i.USBH_CtlSendData  usbh_ioreq.o
    0x0800451a   0x0800451a   0x0000001e   Code   RO         5453    i.USBH_CtlSendSetup  usbh_ioreq.o
    0x08004538   0x08004538   0x00000004   Code   RO          909    i.USBH_Delay        usbh_conf.o
    0x0800453c   0x0800453c   0x00000044   Code   RO         5209    i.USBH_FindInterface  usbh_core.o
    0x08004580   0x08004580   0x00000018   Code   RO         5523    i.USBH_FreePipe     usbh_pipes.o
    0x08004598   0x08004598   0x00000034   Code   RO         5357    i.USBH_GetDescriptor  usbh_ctlreq.o
    0x080045cc   0x080045cc   0x0000000e   Code   RO         5358    i.USBH_GetNextDesc  usbh_ctlreq.o
    0x080045da   0x080045da   0x0000002c   Code   RO         5359    i.USBH_Get_CfgDesc  usbh_ctlreq.o
    0x08004606   0x08004606   0x00000090   Code   RO         5360    i.USBH_Get_DevDesc  usbh_ctlreq.o
    0x08004696   0x08004696   0x00000048   Code   RO         5361    i.USBH_Get_StringDesc  usbh_ctlreq.o
    0x080046de   0x080046de   0x00000018   Code   RO          910    i.USBH_Get_USB_Status  usbh_conf.o
    0x080046f6   0x080046f6   0x00000002   PAD
    0x080046f8   0x080046f8   0x000001dc   Code   RO         5362    i.USBH_HandleControl  usbh_ctlreq.o
    0x080048d4   0x080048d4   0x00000238   Code   RO         5212    i.USBH_HandleEnum   usbh_core.o
    0x08004b0c   0x08004b0c   0x000000a8   Code   RO         5213    i.USBH_Init         usbh_core.o
    0x08004bb4   0x08004bb4   0x00000012   Code   RO          911    i.USBH_LL_ClosePipe  usbh_conf.o
    0x08004bc6   0x08004bc6   0x00000022   Code   RO         5215    i.USBH_LL_Connect   usbh_core.o
    0x08004be8   0x08004be8   0x0000003e   Code   RO         5216    i.USBH_LL_Disconnect  usbh_core.o
    0x08004c26   0x08004c26   0x0000000c   Code   RO          913    i.USBH_LL_DriverVBUS  usbh_conf.o
    0x08004c32   0x08004c32   0x00000008   Code   RO          914    i.USBH_LL_GetLastXferSize  usbh_conf.o
    0x08004c3a   0x08004c3a   0x00000022   Code   RO          915    i.USBH_LL_GetSpeed  usbh_conf.o
    0x08004c5c   0x08004c5c   0x0000001e   Code   RO          916    i.USBH_LL_GetToggle  usbh_conf.o
    0x08004c7a   0x08004c7a   0x00000008   Code   RO          917    i.USBH_LL_GetURBState  usbh_conf.o
    0x08004c82   0x08004c82   0x0000001e   Code   RO         5217    i.USBH_LL_IncTimer  usbh_core.o
    0x08004ca0   0x08004ca0   0x0000004c   Code   RO          918    i.USBH_LL_Init      usbh_conf.o
    0x08004cec   0x08004cec   0x00000016   Code   RO         5218    i.USBH_LL_NotifyURBChange  usbh_core.o
    0x08004d02   0x08004d02   0x0000001c   Code   RO          919    i.USBH_LL_OpenPipe  usbh_conf.o
    0x08004d1e   0x08004d1e   0x00000008   Code   RO         5219    i.USBH_LL_PortDisabled  usbh_core.o
    0x08004d26   0x08004d26   0x00000014   Code   RO         5220    i.USBH_LL_PortEnabled  usbh_core.o
    0x08004d3a   0x08004d3a   0x00000012   Code   RO          920    i.USBH_LL_ResetPort  usbh_conf.o
    0x08004d4c   0x08004d4c   0x00000006   Code   RO         5221    i.USBH_LL_SetTimer  usbh_core.o
    0x08004d52   0x08004d52   0x00000020   Code   RO          921    i.USBH_LL_SetToggle  usbh_conf.o
    0x08004d72   0x08004d72   0x00000012   Code   RO          922    i.USBH_LL_Start     usbh_conf.o
    0x08004d84   0x08004d84   0x00000012   Code   RO          923    i.USBH_LL_Stop      usbh_conf.o
    0x08004d96   0x08004d96   0x00000022   Code   RO          924    i.USBH_LL_SubmitURB  usbh_conf.o
    0x08004db8   0x08004db8   0x0000001e   Code   RO         5654    i.USBH_MSC_BOT_Abort  usbh_msc_bot.o
    0x08004dd6   0x08004dd6   0x00000002   PAD
    0x08004dd8   0x08004dd8   0x00000024   Code   RO         5655    i.USBH_MSC_BOT_Init  usbh_msc_bot.o
    0x08004dfc   0x08004dfc   0x00000200   Code   RO         5656    i.USBH_MSC_BOT_Process  usbh_msc_bot.o
    0x08004ffc   0x08004ffc   0x00000016   Code   RO         5657    i.USBH_MSC_BOT_REQ_GetMaxLUN  usbh_msc_bot.o
    0x08005012   0x08005012   0x00000016   Code   RO         5658    i.USBH_MSC_BOT_REQ_Reset  usbh_msc_bot.o
    0x08005028   0x08005028   0x000000a4   Code   RO         5563    i.USBH_MSC_ClassRequest  usbh_msc.o
    0x080050cc   0x080050cc   0x0000002e   Code   RO         5564    i.USBH_MSC_GetLUNInfo  usbh_msc.o
    0x080050fa   0x080050fa   0x0000004a   Code   RO         5566    i.USBH_MSC_InterfaceDeInit  usbh_msc.o
    0x08005144   0x08005144   0x00000180   Code   RO         5567    i.USBH_MSC_InterfaceInit  usbh_msc.o
    0x080052c4   0x080052c4   0x00000524   Code   RO         5569    i.USBH_MSC_Process  usbh_msc.o
    0x080057e8   0x080057e8   0x00000154   Code   RO         5570    i.USBH_MSC_RdWrProcess  usbh_msc.o
    0x0800593c   0x0800593c   0x0000008a   Code   RO         5571    i.USBH_MSC_Read     usbh_msc.o
    0x080059c6   0x080059c6   0x000000d4   Code   RO         5705    i.USBH_MSC_SCSI_Inquiry  usbh_msc_scsi.o
    0x08005a9a   0x08005a9a   0x00000080   Code   RO         5706    i.USBH_MSC_SCSI_Read  usbh_msc_scsi.o
    0x08005b1a   0x08005b1a   0x0000007a   Code   RO         5707    i.USBH_MSC_SCSI_ReadCapacity  usbh_msc_scsi.o
    0x08005b94   0x08005b94   0x00000092   Code   RO         5708    i.USBH_MSC_SCSI_RequestSense  usbh_msc_scsi.o
    0x08005c26   0x08005c26   0x0000004c   Code   RO         5709    i.USBH_MSC_SCSI_TestUnitReady  usbh_msc_scsi.o
    0x08005c72   0x08005c72   0x00000080   Code   RO         5710    i.USBH_MSC_SCSI_Write  usbh_msc_scsi.o
    0x08005cf2   0x08005cf2   0x00000004   Code   RO         5572    i.USBH_MSC_SOFProcess  usbh_msc.o
    0x08005cf6   0x08005cf6   0x00000026   Code   RO         5573    i.USBH_MSC_UnitIsReady  usbh_msc.o
    0x08005d1c   0x08005d1c   0x0000008a   Code   RO         5574    i.USBH_MSC_Write    usbh_msc.o
    0x08005da6   0x08005da6   0x00000014   Code   RO         5524    i.USBH_OpenPipe     usbh_pipes.o
    0x08005dba   0x08005dba   0x000000dc   Code   RO         5363    i.USBH_ParseCfgDesc  usbh_ctlreq.o
    0x08005e96   0x08005e96   0x00000002   PAD
    0x08005e98   0x08005e98   0x0000040c   Code   RO         5222    i.USBH_Process      usbh_core.o
    0x080062a4   0x080062a4   0x00000022   Code   RO         5223    i.USBH_Process_OS   usbh_core.o
    0x080062c6   0x080062c6   0x00000002   PAD
    0x080062c8   0x080062c8   0x0000007c   Code   RO         5225    i.USBH_RegisterClass  usbh_core.o
    0x08006344   0x08006344   0x000000f4   Code   RO         5226    i.USBH_SelectInterface  usbh_core.o
    0x08006438   0x08006438   0x0000001c   Code   RO         5364    i.USBH_SetAddress   usbh_ctlreq.o
    0x08006454   0x08006454   0x0000001c   Code   RO         5365    i.USBH_SetCfg       usbh_ctlreq.o
    0x08006470   0x08006470   0x0000001c   Code   RO         5366    i.USBH_SetFeature   usbh_ctlreq.o
    0x0800648c   0x0800648c   0x00000014   Code   RO         5227    i.USBH_Start        usbh_core.o
    0x080064a0   0x080064a0   0x00000020   Code   RO          859    i.USBH_UserProcess  usb_host.o
    0x080064c0   0x080064c0   0x00000004   Code   RO         5123    i.USBH_initialize   usbh_diskio.o
    0x080064c4   0x080064c4   0x00000050   Code   RO         5124    i.USBH_ioctl        usbh_diskio.o
    0x08006514   0x08006514   0x0000007c   Code   RO         5125    i.USBH_read         usbh_diskio.o
    0x08006590   0x08006590   0x00000018   Code   RO         5126    i.USBH_status       usbh_diskio.o
    0x080065a8   0x080065a8   0x000000b8   Code   RO         5127    i.USBH_write        usbh_diskio.o
    0x08006660   0x08006660   0x00000050   Code   RO         1326    i.USB_CoreInit      stm32f1xx_ll_usb.o
    0x080066b0   0x080066b0   0x0000000c   Code   RO         1333    i.USB_DisableGlobalInt  stm32f1xx_ll_usb.o
    0x080066bc   0x080066bc   0x0000002c   Code   RO         1335    i.USB_DriveVbus     stm32f1xx_ll_usb.o
    0x080066e8   0x080066e8   0x0000000c   Code   RO         1341    i.USB_EnableGlobalInt  stm32f1xx_ll_usb.o
    0x080066f4   0x080066f4   0x0000003c   Code   RO         1342    i.USB_FlushRxFifo   stm32f1xx_ll_usb.o
    0x08006730   0x08006730   0x00000040   Code   RO         1343    i.USB_FlushTxFifo   stm32f1xx_ll_usb.o
    0x08006770   0x08006770   0x00000008   Code   RO         1344    i.USB_GetCurrentFrame  stm32f1xx_ll_usb.o
    0x08006778   0x08006778   0x0000000e   Code   RO         1346    i.USB_GetHostSpeed  stm32f1xx_ll_usb.o
    0x08006786   0x08006786   0x00000008   Code   RO         1347    i.USB_GetMode       stm32f1xx_ll_usb.o
    0x0800678e   0x0800678e   0x000000d4   Code   RO         1348    i.USB_HC_Halt       stm32f1xx_ll_usb.o
    0x08006862   0x08006862   0x00000002   PAD
    0x08006864   0x08006864   0x000000f6   Code   RO         1349    i.USB_HC_Init       stm32f1xx_ll_usb.o
    0x0800695a   0x0800695a   0x00000008   Code   RO         1350    i.USB_HC_ReadInterrupt  stm32f1xx_ll_usb.o
    0x08006962   0x08006962   0x000000f8   Code   RO         1351    i.USB_HC_StartXfer  stm32f1xx_ll_usb.o
    0x08006a5a   0x08006a5a   0x00000002   PAD
    0x08006a5c   0x08006a5c   0x0000008c   Code   RO         1352    i.USB_HostInit      stm32f1xx_ll_usb.o
    0x08006ae8   0x08006ae8   0x00000038   Code   RO         1353    i.USB_InitFSLSPClkSel  stm32f1xx_ll_usb.o
    0x08006b20   0x08006b20   0x00000010   Code   RO         1354    i.USB_ReadChInterrupts  stm32f1xx_ll_usb.o
    0x08006b30   0x08006b30   0x00000008   Code   RO         1359    i.USB_ReadInterrupts  stm32f1xx_ll_usb.o
    0x08006b38   0x08006b38   0x0000003e   Code   RO         1360    i.USB_ReadPacket    stm32f1xx_ll_usb.o
    0x08006b76   0x08006b76   0x00000032   Code   RO         1361    i.USB_ResetPort     stm32f1xx_ll_usb.o
    0x08006ba8   0x08006ba8   0x0000005c   Code   RO         1362    i.USB_SetCurrentMode  stm32f1xx_ll_usb.o
    0x08006c04   0x08006c04   0x0000008a   Code   RO         1367    i.USB_StopHost      stm32f1xx_ll_usb.o
    0x08006c8e   0x08006c8e   0x00000002   PAD
    0x08006c90   0x08006c90   0x00000024   Code   RO         1368    i.USB_WritePacket   stm32f1xx_ll_usb.o
    0x08006cb4   0x08006cb4   0x00000002   Code   RO          657    i.UsageFault_Handler  stm32f1xx_it.o
    0x08006cb6   0x08006cb6   0x00000002   PAD
    0x08006cb8   0x08006cb8   0x000000f4   Code   RO         6104    i.VS1003_PlayMusic_2  playaudio.o
    0x08006dac   0x08006dac   0x0000007c   Code   RO         6025    i.VS1003_Reset      vs1003.o
    0x08006e28   0x08006e28   0x00000016   Code   RO         6026    i.VS1003_ResetDecodeTime  vs1003.o
    0x08006e3e   0x08006e3e   0x00000002   PAD
    0x08006e40   0x08006e40   0x00000050   Code   RO         6027    i.VS1003_SoftReset  vs1003.o
    0x08006e90   0x08006e90   0x00000068   Code   RO         6028    i.VS1003_WriteReg   vs1003.o
    0x08006ef8   0x08006ef8   0x00000028   Code   RO         5763    i.WS2812B_Init      ws2812.o
    0x08006f20   0x08006f20   0x00000094   Code   RO         5778    i.WS2812_show       ws2812.o
    0x08006fb4   0x08006fb4   0x0000004e   Code   RO         5929    i.Wheel             adafruit_neopixel.o
    0x08007002   0x08007002   0x00000002   PAD
    0x08007004   0x08007004   0x00000020   Code   RO         7535    i.__0printf$5       mc_w.l(printf5.o)
    0x08007024   0x08007024   0x00000028   Code   RO         7537    i.__0sprintf$5      mc_w.l(printf5.o)
    0x0800704c   0x0800704c   0x00000020   Code   RO         2136    i.__NVIC_SetPriority  stm32f1xx_hal_cortex.o
    0x0800706c   0x0800706c   0x0000000e   Code   RO         7798    i.__scatterload_copy  mc_w.l(handlers.o)
    0x0800707a   0x0800707a   0x00000002   Code   RO         7799    i.__scatterload_null  mc_w.l(handlers.o)
    0x0800707c   0x0800707c   0x0000000e   Code   RO         7800    i.__scatterload_zeroinit  mc_w.l(handlers.o)
    0x0800708a   0x0800708a   0x00000002   PAD
    0x0800708c   0x0800708c   0x000002c0   Code   RO         7542    i._printf_core      mc_w.l(printf5.o)
    0x0800734c   0x0800734c   0x0000000a   Code   RO         7544    i._sputc            mc_w.l(printf5.o)
    0x08007356   0x08007356   0x00000002   PAD
    0x08007358   0x08007358   0x00000078   Code   RO         4650    i.check_fs          ff.o
    0x080073d0   0x080073d0   0x0000006c   Code   RO         4651    i.chk_lock          ff.o
    0x0800743c   0x0800743c   0x00000024   Code   RO         4652    i.clear_lock        ff.o
    0x08007460   0x08007460   0x0000002a   Code   RO         4653    i.clmt_clust        ff.o
    0x0800748a   0x0800748a   0x0000001e   Code   RO         4654    i.clust2sect        ff.o
    0x080074a8   0x080074a8   0x000000b0   Code   RO         4655    i.create_chain      ff.o
    0x08007558   0x08007558   0x00000100   Code   RO         4656    i.create_name       ff.o
    0x08007658   0x08007658   0x0000003c   Code   RO         4657    i.dec_lock          ff.o
    0x08007694   0x08007694   0x0000011e   Code   RO         4658    i.dir_next          ff.o
    0x080077b2   0x080077b2   0x00000002   PAD
    0x080077b4   0x080077b4   0x00000066   Code   RO         4659    i.dir_read          ff.o
    0x0800781a   0x0800781a   0x00000076   Code   RO         4660    i.dir_register      ff.o
    0x08007890   0x08007890   0x00000098   Code   RO         4662    i.dir_sdi           ff.o
    0x08007928   0x08007928   0x00000028   Code   RO         4595    i.disk_initialize   diskio.o
    0x08007950   0x08007950   0x0000001c   Code   RO         4596    i.disk_ioctl        diskio.o
    0x0800796c   0x0800796c   0x0000001c   Code   RO         4597    i.disk_read         diskio.o
    0x08007988   0x08007988   0x00000018   Code   RO         4598    i.disk_status       diskio.o
    0x080079a0   0x080079a0   0x0000001c   Code   RO         4599    i.disk_write        diskio.o
    0x080079bc   0x080079bc   0x00000036   Code   RO         4664    i.f_close           ff.o
    0x080079f2   0x080079f2   0x00000030   Code   RO         4665    i.f_closedir        ff.o
    0x08007a22   0x08007a22   0x00000002   PAD
    0x08007a24   0x08007a24   0x00000084   Code   RO         4672    i.f_mount           ff.o
    0x08007aa8   0x08007aa8   0x000001b4   Code   RO         4673    i.f_open            ff.o
    0x08007c5c   0x08007c5c   0x0000009c   Code   RO         4674    i.f_opendir         ff.o
    0x08007cf8   0x08007cf8   0x000001d2   Code   RO         4678    i.f_read            ff.o
    0x08007eca   0x08007eca   0x00000062   Code   RO         4679    i.f_readdir         ff.o
    0x08007f2c   0x08007f2c   0x000000d2   Code   RO         4682    i.f_sync            ff.o
    0x08007ffe   0x08007ffe   0x0000001c   Code   RO         5046    i.ff_cre_syncobj    syscall.o
    0x0800801a   0x0800801a   0x0000000a   Code   RO         5047    i.ff_del_syncobj    syscall.o
    0x08008024   0x08008024   0x00000004   Code   RO         5048    i.ff_rel_grant      syscall.o
    0x08008028   0x08008028   0x00000014   Code   RO         5049    i.ff_req_grant      syscall.o
    0x0800803c   0x0800803c   0x000002dc   Code   RO         4687    i.find_volume       ff.o
    0x08008318   0x08008318   0x000000c0   Code   RO         4688    i.follow_path       ff.o
    0x080083d8   0x080083d8   0x00000024   Code   RO          599    i.fputc             usart.o
    0x080083fc   0x080083fc   0x00000050   Code   RO         7663    i.free              mc_w.l(malloc.o)
    0x0800844c   0x0800844c   0x000000cc   Code   RO         4690    i.get_fat           ff.o
    0x08008518   0x08008518   0x00000004   Code   RO          814    i.get_fattime       fatfs.o
    0x0800851c   0x0800851c   0x0000005a   Code   RO         4691    i.get_fileinfo      ff.o
    0x08008576   0x08008576   0x0000003c   Code   RO         4692    i.get_ldnumber      ff.o
    0x080085b2   0x080085b2   0x0000000c   Code   RO         6869    i.inHandlerMode     cmsis_os.o
    0x080085be   0x080085be   0x00000002   PAD
    0x080085c0   0x080085c0   0x000000a0   Code   RO         4693    i.inc_lock          ff.o
    0x08008660   0x08008660   0x00000014   Code   RO         4694    i.ld_clust          ff.o
    0x08008674   0x08008674   0x00000008   Code   RO         4695    i.lock_fs           ff.o
    0x0800867c   0x0800867c   0x000000b0   Code   RO           52    i.main              main.o
    0x0800872c   0x0800872c   0x0000000c   Code   RO         6871    i.makeFreeRtosPriority  cmsis_os.o
    0x08008738   0x08008738   0x0000006c   Code   RO         7664    i.malloc            mc_w.l(malloc.o)
    0x080087a4   0x080087a4   0x00000012   Code   RO         4696    i.mem_cpy           ff.o
    0x080087b6   0x080087b6   0x0000000e   Code   RO         4697    i.mem_set           ff.o
    0x080087c4   0x080087c4   0x00000036   Code   RO         4698    i.move_window       ff.o
    0x080087fa   0x080087fa   0x0000000e   Code   RO         6873    i.osDelay           cmsis_os.o
    0x08008808   0x08008808   0x0000000a   Code   RO         6876    i.osKernelStart     cmsis_os.o
    0x08008812   0x08008812   0x00000026   Code   RO         6885    i.osMessageCreate   cmsis_os.o
    0x08008838   0x08008838   0x00000094   Code   RO         6887    i.osMessageGet      cmsis_os.o
    0x080088cc   0x080088cc   0x0000005c   Code   RO         6889    i.osMessagePut      cmsis_os.o
    0x08008928   0x08008928   0x0000003e   Code   RO         6902    i.osSemaphoreCreate  cmsis_os.o
    0x08008966   0x08008966   0x00000018   Code   RO         6903    i.osSemaphoreDelete  cmsis_os.o
    0x0800897e   0x0800897e   0x00000002   PAD
    0x08008980   0x08008980   0x00000050   Code   RO         6905    i.osSemaphoreRelease  cmsis_os.o
    0x080089d0   0x080089d0   0x00000064   Code   RO         6906    i.osSemaphoreWait   cmsis_os.o
    0x08008a34   0x08008a34   0x00000054   Code   RO         6910    i.osThreadCreate    cmsis_os.o
    0x08008a88   0x08008a88   0x00000070   Code   RO         6568    i.prvAddCurrentTaskToDelayedList  tasks.o
    0x08008af8   0x08008af8   0x000000d0   Code   RO         6569    i.prvAddNewTaskToReadyList  tasks.o
    0x08008bc8   0x08008bc8   0x00000026   Code   RO         6265    i.prvCopyDataFromQueue  queue.o
    0x08008bee   0x08008bee   0x0000006c   Code   RO         6266    i.prvCopyDataToQueue  queue.o
    0x08008c5a   0x08008c5a   0x00000034   Code   RO         6570    i.prvDeleteTCB      tasks.o
    0x08008c8e   0x08008c8e   0x00000002   PAD
    0x08008c90   0x08008c90   0x0000004c   Code   RO         7238    i.prvHeapInit       heap_4.o
    0x08008cdc   0x08008cdc   0x00000060   Code   RO         6571    i.prvIdleTask       tasks.o
    0x08008d3c   0x08008d3c   0x00000016   Code   RO         6268    i.prvInitialiseNewQueue  queue.o
    0x08008d52   0x08008d52   0x0000008e   Code   RO         6572    i.prvInitialiseNewTask  tasks.o
    0x08008de0   0x08008de0   0x0000004c   Code   RO         7239    i.prvInsertBlockIntoFreeList  heap_4.o
    0x08008e2c   0x08008e2c   0x0000001c   Code   RO         6269    i.prvIsQueueEmpty   queue.o
    0x08008e48   0x08008e48   0x00000020   Code   RO         6573    i.prvResetNextTaskUnblockTime  tasks.o
    0x08008e68   0x08008e68   0x00000028   Code   RO         7301    i.prvTaskExitError  port.o
    0x08008e90   0x08008e90   0x0000006a   Code   RO         6270    i.prvUnlockQueue    queue.o
    0x08008efa   0x08008efa   0x000000f6   Code   RO         4700    i.put_fat           ff.o
    0x08008ff0   0x08008ff0   0x000000d8   Code   RO         7240    i.pvPortMalloc      heap_4.o
    0x080090c8   0x080090c8   0x00000018   Code   RO         6575    i.pvTaskIncrementMutexHeldCount  tasks.o
    0x080090e0   0x080090e0   0x00000024   Code   RO         7302    i.pxPortInitialiseStack  port.o
    0x08009104   0x08009104   0x00000048   Code   RO         5932    i.rainbowCycle      adafruit_neopixel.o
    0x0800914c   0x0800914c   0x0000006e   Code   RO         4702    i.remove_chain      ff.o
    0x080091ba   0x080091ba   0x00000010   Code   RO         4703    i.st_clust          ff.o
    0x080091ca   0x080091ca   0x000000b6   Code   RO         4704    i.sync_fs           ff.o
    0x08009280   0x08009280   0x00000060   Code   RO         4705    i.sync_window       ff.o
    0x080092e0   0x080092e0   0x0000001e   Code   RO         4706    i.unlock_fs         ff.o
    0x080092fe   0x080092fe   0x00000026   Code   RO         6228    i.uxListRemove      list.o
    0x08009324   0x08009324   0x00000014   Code   RO          374    i.vApplicationGetIdleTaskMemory  freertos.o
    0x08009338   0x08009338   0x00000016   Code   RO         6229    i.vListInitialise   list.o
    0x0800934e   0x0800934e   0x00000006   Code   RO         6230    i.vListInitialiseItem  list.o
    0x08009354   0x08009354   0x00000030   Code   RO         6231    i.vListInsert       list.o
    0x08009384   0x08009384   0x00000018   Code   RO         6232    i.vListInsertEnd    list.o
    0x0800939c   0x0800939c   0x00000040   Code   RO         7304    i.vPortEnterCritical  port.o
    0x080093dc   0x080093dc   0x00000028   Code   RO         7305    i.vPortExitCritical  port.o
    0x08009404   0x08009404   0x0000005c   Code   RO         7241    i.vPortFree         heap_4.o
    0x08009460   0x08009460   0x00000024   Code   RO         7306    i.vPortSetupTimerInterrupt  port.o
    0x08009484   0x08009484   0x00000054   Code   RO         7307    i.vPortValidateInterruptPriority  port.o
    0x080094d8   0x080094d8   0x0000002e   Code   RO         6275    i.vQueueDelete      queue.o
    0x08009506   0x08009506   0x00000002   PAD
    0x08009508   0x08009508   0x00000028   Code   RO         6276    i.vQueueUnregisterQueue  queue.o
    0x08009530   0x08009530   0x0000004c   Code   RO         6581    i.vTaskDelay        tasks.o
    0x0800957c   0x0800957c   0x00000010   Code   RO         6584    i.vTaskInternalSetTimeOutState  tasks.o
    0x0800958c   0x0800958c   0x0000000c   Code   RO         6585    i.vTaskMissedYield  tasks.o
    0x08009598   0x08009598   0x00000030   Code   RO         6587    i.vTaskPlaceOnEventList  tasks.o
    0x080095c8   0x080095c8   0x000000a8   Code   RO         6589    i.vTaskPriorityDisinheritAfterTimeout  tasks.o
    0x08009670   0x08009670   0x0000006c   Code   RO         6594    i.vTaskStartScheduler  tasks.o
    0x080096dc   0x080096dc   0x00000010   Code   RO         6596    i.vTaskSuspendAll   tasks.o
    0x080096ec   0x080096ec   0x0000005c   Code   RO         6597    i.vTaskSwitchContext  tasks.o
    0x08009748   0x08009748   0x00000040   Code   RO         4707    i.validate          ff.o
    0x08009788   0x08009788   0x000000a8   Code   RO         7308    i.xPortStartScheduler  port.o
    0x08009830   0x08009830   0x00000048   Code   RO         6279    i.xQueueGenericCreate  queue.o
    0x08009878   0x08009878   0x00000066   Code   RO         6280    i.xQueueGenericCreateStatic  queue.o
    0x080098de   0x080098de   0x00000002   PAD
    0x080098e0   0x080098e0   0x00000088   Code   RO         6281    i.xQueueGenericReset  queue.o
    0x08009968   0x08009968   0x00000160   Code   RO         6282    i.xQueueGenericSend  queue.o
    0x08009ac8   0x08009ac8   0x000000bc   Code   RO         6283    i.xQueueGenericSendFromISR  queue.o
    0x08009b84   0x08009b84   0x0000009c   Code   RO         6284    i.xQueueGiveFromISR  queue.o
    0x08009c20   0x08009c20   0x00000138   Code   RO         6289    i.xQueueReceive     queue.o
    0x08009d58   0x08009d58   0x0000009a   Code   RO         6290    i.xQueueReceiveFromISR  queue.o
    0x08009df2   0x08009df2   0x00000002   PAD
    0x08009df4   0x08009df4   0x00000178   Code   RO         6291    i.xQueueSemaphoreTake  queue.o
    0x08009f6c   0x08009f6c   0x00000074   Code   RO         6598    i.xTaskCheckForTimeOut  tasks.o
    0x08009fe0   0x08009fe0   0x0000005a   Code   RO         6599    i.xTaskCreate       tasks.o
    0x0800a03a   0x0800a03a   0x00000056   Code   RO         6600    i.xTaskCreateStatic  tasks.o
    0x0800a090   0x0800a090   0x0000001c   Code   RO         6604    i.xTaskGetSchedulerState  tasks.o
    0x0800a0ac   0x0800a0ac   0x000000c8   Code   RO         6607    i.xTaskIncrementTick  tasks.o
    0x0800a174   0x0800a174   0x00000098   Code   RO         6610    i.xTaskPriorityDisinherit  tasks.o
    0x0800a20c   0x0800a20c   0x00000094   Code   RO         6611    i.xTaskPriorityInherit  tasks.o
    0x0800a2a0   0x0800a2a0   0x00000074   Code   RO         6612    i.xTaskRemoveFromEventList  tasks.o
    0x0800a314   0x0800a314   0x000000c4   Code   RO         6613    i.xTaskResumeAll    tasks.o
    0x0800a3d8   0x0800a3d8   0x00000038   Data   RO          376    .constdata          freertos.o
    0x0800a410   0x0800a410   0x0000001e   Data   RO         1810    .constdata          stm32f1xx_hal_rcc.o
    0x0800a42e   0x0800a42e   0x0000001e   Data   RO         1906    .constdata          stm32f1xx_hal_rcc_ex.o
    0x0800a44c   0x0800a44c   0x00000010   Data   RO         4559    .constdata          system_stm32f1xx.o
    0x0800a45c   0x0800a45c   0x00000008   Data   RO         4560    .constdata          system_stm32f1xx.o
    0x0800a464   0x0800a464   0x00000080   Data   RO         4709    .constdata          ff.o
    0x0800a4e4   0x0800a4e4   0x00000014   Data   RO         5128    .constdata          usbh_diskio.o
    0x0800a4f8   0x0800a4f8   0x0000002c   Data   RO         5229    .constdata          usbh_core.o
    0x0800a524   0x0800a524   0x00000018   Data   RO          377    .conststring        freertos.o
    0x0800a53c   0x0800a53c   0x0000000c   Data   RO         5230    .conststring        usbh_core.o
    0x0800a548   0x0800a548   0x00000004   Data   RO         5575    .conststring        usbh_msc.o
    0x0800a54c   0x0800a54c   0x00000020   Data   RO         7796    Region$$Table       anon$$obj.o


    Execution Region RW_IRAM1 (Exec base: 0x20000000, Load base: 0x0800a56c, Size: 0x00006440, Max: 0x00010000, ABSOLUTE)

    Exec Addr    Load Addr    Size         Type   Attr      Idx    E Section Name        Object

    0x20000000   0x0800a56c   0x00000006   Data   RW           55    .data               main.o
    0x20000006   0x0800a572   0x00000002   PAD
    0x20000008   0x0800a574   0x00000008   Data   RW          378    .data               freertos.o
    0x20000010   0x0800a57c   0x00000005   Data   RW          817    .data               fatfs.o
    0x20000015   0x0800a581   0x00000001   Data   RW          861    .data               usb_host.o
    0x20000016   0x0800a582   0x00000002   PAD
    0x20000018   0x0800a584   0x0000000c   Data   RW         1647    .data               stm32f1xx_hal.o
    0x20000024   0x0800a590   0x00000004   Data   RW         4561    .data               system_stm32f1xx.o
    0x20000028   0x0800a594   0x00000008   Data   RW         4710    .data               ff.o
    0x20000030   0x0800a59c   0x00000020   Data   RW         5576    .data               usbh_msc.o
    0x20000050   0x0800a5bc   0x00000050   Data   RW         5783    .data               ws2812.o
    0x200000a0   0x0800a60c   0x00000010   Data   RW         5938    .data               adafruit_neopixel.o
    0x200000b0   0x0800a61c   0x0000003c   Data   RW         6616    .data               tasks.o
    0x200000ec   0x0800a658   0x00000018   Data   RW         7246    .data               heap_4.o
    0x20000104   0x0800a670   0x0000000c   Data   RW         7309    .data               port.o
    0x20000110   0x0800a67c   0x00000004   Data   RW         7761    .data               mc_w.l(stdout.o)
    0x20000114   0x0800a680   0x00000004   Data   RW         7768    .data               mc_w.l(mvars.o)
    0x20000118   0x0800a684   0x00000004   Data   RW         7769    .data               mc_w.l(mvars.o)
    0x2000011c        -       0x00000234   Zero   RW           53    .bss                main.o
    0x20000350        -       0x0000022c   Zero   RW           54    .bss                main.o
    0x2000057c        -       0x00000254   Zero   RW          375    .bss                freertos.o
    0x200007d0        -       0x00000074   Zero   RW          437    .bss                adc.o
    0x20000844        -       0x0000009c   Zero   RW          503    .bss                spi.o
    0x200008e0        -       0x000000d4   Zero   RW          547    .bss                tim.o
    0x200009b4        -       0x00000048   Zero   RW          600    .bss                usart.o
    0x200009fc        -       0x00000048   Zero   RW          777    .bss                stm32f1xx_hal_timebase_tim.o
    0x20000a44        -       0x000003dc   Zero   RW          860    .bss                usb_host.o
    0x20000e20        -       0x00000344   Zero   RW          925    .bss                usbh_conf.o
    0x20001164        -       0x00000018   Zero   RW         4708    .bss                ff.o
    0x2000117c        -       0x0000000c   Zero   RW         5000    .bss                ff_gen_drv.o
    0x20001188        -       0x00000188   Zero   RW         5782    .bss                ws2812.o
    0x20001310        -       0x00000040   Zero   RW         6292    .bss                queue.o
    0x20001350        -       0x000000f0   Zero   RW         6615    .bss                tasks.o
    0x20001440        -       0x00001000   Zero   RW         7245    .bss                heap_4.o
    0x20002440        -       0x00002000   Zero   RW            2    HEAP                startup_stm32f105xc.o
    0x20004440        -       0x00002000   Zero   RW            1    STACK               startup_stm32f105xc.o


==============================================================================

Image component sizes


      Code (inc. data)   RO Data    RW Data    ZI Data      Debug   Object Name

       186         18          0         16          0       3674   adafruit_neopixel.o
       288         32          0          0        116       1739   adc.o
         0          0          0          0          0       4508   armlib_lock_glue.o
       676         20          0          0          0      31820   cmsis_os.o
       148         22          0          0          0       3501   diskio.o
        76          4          0          0          0        746   dma.o
         0          0          0          0          0      16660   event_groups.o
        32         10          0          5          0       4256   fatfs.o
      5382         74        128          8         24      33652   ff.o
        70          4          0          0         12       1539   ff_gen_drv.o
       174         38         80          8        596      15439   freertos.o
       224         14          0          0          0        967   gpio.o
       460         24          0         24       4096       7135   heap_4.o
       138          0          0          0          0       3310   list.o
       544        120          0          6       1120     686684   main.o
       244         82          0          0          0        689   playaudio.o
       662         70          0         12          0      11001   port.o
      2236         22          0          0         64      19515   queue.o
       240         30          0          0        156       1690   spi.o
        36          8        336          0      16384        788   startup_stm32f105xc.o
       100         18          0         12          0       6230   stm32f1xx_hal.o
      1356         56          0          0          0       9706   stm32f1xx_hal_adc.o
       218          6          0          0          0       1935   stm32f1xx_hal_adc_ex.o
       158         14          0          0          0      28110   stm32f1xx_hal_cortex.o
      1242         52          0          0          0       5565   stm32f1xx_hal_dma.o
       500         34          0          0          0       3455   stm32f1xx_hal_gpio.o
      2276          0          0          0          0      13671   stm32f1xx_hal_hcd.o
        72         10          0          0          0        842   stm32f1xx_hal_msp.o
      1564         94         30          0          0       5921   stm32f1xx_hal_rcc.o
       656         36         30          0          0       2837   stm32f1xx_hal_rcc_ex.o
      1608         16          0          0          0      10269   stm32f1xx_hal_spi.o
      2412         88          0          0          0      19304   stm32f1xx_hal_tim.o
       120         18          0          0          0       2345   stm32f1xx_hal_tim_ex.o
       152         20          0          0         72       1435   stm32f1xx_hal_timebase_tim.o
      1474         10          0          0          0       9836   stm32f1xx_hal_uart.o
       108         48          0          0          0       5906   stm32f1xx_it.o
      1614         28          0          0          0      16621   stm32f1xx_ll_usb.o
        62          0          0          0          0      17800   syscall.o
         2          0         24          4          0       1071   system_stm32f1xx.o
      2334        172          0         60        240      23671   tasks.o
       568         46          0          0        212       3226   tim.o
       220         26          0          0         72       2154   usart.o
        96         16          0          1        988      13928   usb_host.o
       466         10          0          0        836      34949   usbh_conf.o
      2516        770         56          0          0      12055   usbh_core.o
      1220         64          0          0          0       9934   usbh_ctlreq.o
       416        124         20          0          0      27184   usbh_diskio.o
       172          0          0          0          0       4112   usbh_ioreq.o
      2642        536          4         32          0      10529   usbh_msc.o
       622         26          0          0          0       6128   usbh_msc_bot.o
       812          0          0          0          0       6019   usbh_msc_scsi.o
       110          0          0          0          0       3170   usbh_pipes.o
       330         42          0          0          0       2445   vs1003.o
       200         20          0         80        392       7560   ws2812.o

    ----------------------------------------------------------------------
     40308       2992        740        272      25380    1179236   Object Totals
         0          0         32          0          0          0   (incl. Generated)
        74          0          0          4          0          0   (incl. Padding)

    ----------------------------------------------------------------------

      Code (inc. data)   RO Data    RW Data    ZI Data      Debug   Library Member Name

         0          0          0          0          0          0   entry.o
         0          0          0          0          0          0   entry10a.o
         0          0          0          0          0          0   entry11a.o
         4          0          0          0          0          0   entry12b.o
         8          4          0          0          0          0   entry2.o
         4          0          0          0          0          0   entry5.o
         0          0          0          0          0          0   entry7b.o
         0          0          0          0          0          0   entry8b.o
         8          4          0          0          0          0   entry9a.o
        30          0          0          0          0          0   handlers.o
        36          8          0          0          0         68   init.o
        30          0          0          0          0         68   llshl.o
        32          0          0          0          0         68   llushr.o
       188         20          0          0          0        160   malloc.o
        36          0          0          0          0         68   memcpya.o
        36          0          0          0          0        108   memseta.o
         0          0          0          8          0          0   mvars.o
       786         60          0          0          0        336   printf5.o
         0          0          0          4          0          0   stdout.o
        98          0          0          0          0         92   uldiv.o

    ----------------------------------------------------------------------
      1300         96          0         12          0        968   Library Totals
         4          0          0          0          0          0   (incl. Padding)

    ----------------------------------------------------------------------

      Code (inc. data)   RO Data    RW Data    ZI Data      Debug   Library Name

      1296         96          0         12          0        968   mc_w.l

    ----------------------------------------------------------------------
      1300         96          0         12          0        968   Library Totals

    ----------------------------------------------------------------------

==============================================================================


      Code (inc. data)   RO Data    RW Data    ZI Data      Debug   

     41608       3088        740        284      25380    1159712   Grand Totals
     41608       3088        740        284      25380    1159712   ELF Image Totals
     41608       3088        740        284          0          0   ROM Totals

==============================================================================

    Total RO  Size (Code + RO Data)                42348 (  41.36kB)
    Total RW  Size (RW Data + ZI Data)             25664 (  25.06kB)
    Total ROM Size (Code + RO Data + RW Data)      42632 (  41.63kB)

==============================================================================

