Component: ARM Compiler 5.06 update 7 (build 960) Tool: armlink [4d3601]

==============================================================================

Section Cross References

    startup_stm32f105xc.o(RESET) refers to startup_stm32f105xc.o(STACK) for __initial_sp
    startup_stm32f105xc.o(RESET) refers to startup_stm32f105xc.o(.text) for Reset_Handler
    startup_stm32f105xc.o(RESET) refers to stm32f1xx_it.o(i.NMI_Handler) for NMI_Handler
    startup_stm32f105xc.o(RESET) refers to stm32f1xx_it.o(i.HardFault_Handler) for HardFault_Handler
    startup_stm32f105xc.o(RESET) refers to stm32f1xx_it.o(i.MemManage_Handler) for MemManage_Handler
    startup_stm32f105xc.o(RESET) refers to stm32f1xx_it.o(i.BusFault_Handler) for BusFault_Handler
    startup_stm32f105xc.o(RESET) refers to stm32f1xx_it.o(i.UsageFault_Handler) for UsageFault_Handler
    startup_stm32f105xc.o(RESET) refers to stm32f1xx_it.o(i.SVC_Handler) for SVC_Handler
    startup_stm32f105xc.o(RESET) refers to stm32f1xx_it.o(i.DebugMon_Handler) for DebugMon_Handler
    startup_stm32f105xc.o(RESET) refers to stm32f1xx_it.o(i.PendSV_Handler) for PendSV_Handler
    startup_stm32f105xc.o(RESET) refers to stm32f1xx_it.o(i.SysTick_Handler) for SysTick_Handler
    startup_stm32f105xc.o(RESET) refers to stm32f1xx_it.o(i.DMA1_Channel1_IRQHandler) for DMA1_Channel1_IRQHandler
    startup_stm32f105xc.o(RESET) refers to stm32f1xx_it.o(i.DMA1_Channel3_IRQHandler) for DMA1_Channel3_IRQHandler
    startup_stm32f105xc.o(RESET) refers to stm32f1xx_it.o(i.DMA1_Channel5_IRQHandler) for DMA1_Channel5_IRQHandler
    startup_stm32f105xc.o(RESET) refers to stm32f1xx_it.o(i.ADC1_2_IRQHandler) for ADC1_2_IRQHandler
    startup_stm32f105xc.o(RESET) refers to stm32f1xx_it.o(i.TIM3_IRQHandler) for TIM3_IRQHandler
    startup_stm32f105xc.o(RESET) refers to stm32f1xx_it.o(i.USART2_IRQHandler) for USART2_IRQHandler
    startup_stm32f105xc.o(RESET) refers to stm32f1xx_it.o(i.OTG_FS_IRQHandler) for OTG_FS_IRQHandler
    startup_stm32f105xc.o(.text) refers to system_stm32f1xx.o(i.SystemInit) for SystemInit
    startup_stm32f105xc.o(.text) refers to entry.o(.ARM.Collect$$$$00000000) for __main
    main.o(i.MSC_Application) refers to ff.o(i.f_mount) for f_mount
    main.o(i.MSC_Application) refers to printf5.o(i.__0printf$5) for __2printf
    main.o(i.MSC_Application) refers to main.o(i.Traverse_Directory) for Traverse_Directory
    main.o(i.MSC_Application) refers to playaudio.o(i.VS1003_PlayMusic_2) for VS1003_PlayMusic_2
    main.o(i.MSC_Application) refers to fatfs.o(.data) for USBHPath
    main.o(i.MSC_Application) refers to main.o(.bss) for .bss
    main.o(i.SystemClock_Config) refers to memseta.o(.text) for __aeabi_memclr4
    main.o(i.SystemClock_Config) refers to stm32f1xx_hal_rcc.o(i.HAL_RCC_OscConfig) for HAL_RCC_OscConfig
    main.o(i.SystemClock_Config) refers to stm32f1xx_hal_rcc.o(i.HAL_RCC_ClockConfig) for HAL_RCC_ClockConfig
    main.o(i.SystemClock_Config) refers to stm32f1xx_hal_rcc_ex.o(i.HAL_RCCEx_PeriphCLKConfig) for HAL_RCCEx_PeriphCLKConfig
    main.o(i.Traverse_Directory) refers to ff.o(i.f_opendir) for f_opendir
    main.o(i.Traverse_Directory) refers to ff.o(i.f_readdir) for f_readdir
    main.o(i.Traverse_Directory) refers to printf5.o(i.__0sprintf$5) for __2sprintf
    main.o(i.Traverse_Directory) refers to printf5.o(i.__0printf$5) for __2printf
    main.o(i.Traverse_Directory) refers to ff.o(i.f_closedir) for f_closedir
    main.o(i.main) refers to stm32f1xx_hal.o(i.HAL_Init) for HAL_Init
    main.o(i.main) refers to main.o(i.SystemClock_Config) for SystemClock_Config
    main.o(i.main) refers to gpio.o(i.MX_GPIO_Init) for MX_GPIO_Init
    main.o(i.main) refers to dma.o(i.MX_DMA_Init) for MX_DMA_Init
    main.o(i.main) refers to fatfs.o(i.MX_FATFS_Init) for MX_FATFS_Init
    main.o(i.main) refers to usb_host.o(i.MX_USB_HOST_Init) for MX_USB_HOST_Init
    main.o(i.main) refers to usart.o(i.MX_USART2_UART_Init) for MX_USART2_UART_Init
    main.o(i.main) refers to tim.o(i.MX_TIM3_Init) for MX_TIM3_Init
    main.o(i.main) refers to spi.o(i.MX_SPI2_Init) for MX_SPI2_Init
    main.o(i.main) refers to adc.o(i.MX_ADC1_Init) for MX_ADC1_Init
    main.o(i.main) refers to tim.o(i.MX_TIM2_Init) for MX_TIM2_Init
    main.o(i.main) refers to stm32f1xx_hal_adc_ex.o(i.HAL_ADCEx_Calibration_Start) for HAL_ADCEx_Calibration_Start
    main.o(i.main) refers to stm32f1xx_hal_adc.o(i.HAL_ADC_Start_DMA) for HAL_ADC_Start_DMA
    main.o(i.main) refers to ws2812.o(i.WS2812B_Init) for WS2812B_Init
    main.o(i.main) refers to vs1003.o(i.VS1003_Reset) for VS1003_Reset
    main.o(i.main) refers to vs1003.o(i.VS1003_SoftReset) for VS1003_SoftReset
    main.o(i.main) refers to printf5.o(i.__0printf$5) for __2printf
    main.o(i.main) refers to usb_host.o(i.MX_USB_HOST_Process) for MX_USB_HOST_Process
    main.o(i.main) refers to main.o(i.MSC_Application) for MSC_Application
    main.o(i.main) refers to adafruit_neopixel.o(i.rainbowCycle) for rainbowCycle
[...]
    _printf_flags                            0x00000000   Number         0  stubs.o ABSOLUTE
    _printf_fp_dec                           0x00000000   Number         0  stubs.o ABSOLUTE
    _printf_fp_hex                           0x00000000   Number         0  stubs.o ABSOLUTE
    _printf_g                                0x00000000   Number         0  stubs.o ABSOLUTE
    _printf_i                                0x00000000   Number         0  stubs.o ABSOLUTE
    _printf_int_dec                          0x00000000   Number         0  stubs.o ABSOLUTE
    _printf_l                                0x00000000   Number         0  stubs.o ABSOLUTE
    _printf_lc                               0x00000000   Number         0  stubs.o ABSOLUTE
    _printf_ll                               0x00000000   Number         0  stubs.o ABSOLUTE
    _printf_lld                              0x00000000   Number         0  stubs.o ABSOLUTE
    _printf_lli                              0x00000000   Number         0  stubs.o ABSOLUTE
    _printf_llo                              0x00000000   Number         0  stubs.o ABSOLUTE
    _printf_llu                              0x00000000   Number         0  stubs.o ABSOLUTE
    _printf_llx                              0x00000000   Number         0  stubs.o ABSOLUTE
    _printf_longlong_dec                     0x00000000   Number         0  stubs.o ABSOLUTE
    _printf_longlong_hex                     0x00000000   Number         0  stubs.o ABSOLUTE
    _printf_longlong_oct                     0x00000000   Number         0  stubs.o ABSOLUTE
    _printf_ls                               0x00000000   Number         0  stubs.o ABSOLUTE
    _printf_mbtowc                           0x00000000   Number         0  stubs.o ABSOLUTE
    _printf_n                                0x00000000   Number         0  stubs.o ABSOLUTE
    _printf_o                                0x00000000   Number         0  stubs.o ABSOLUTE
    _printf_p                                0x00000000   Number         0  stubs.o ABSOLUTE
    _printf_percent                          0x00000000   Number         0  stubs.o ABSOLUTE
    _printf_pre_padding                      0x00000000   Number         0  stubs.o ABSOLUTE
    _printf_return_value                     0x00000000   Number         0  stubs.o ABSOLUTE
    _printf_s                                0x00000000   Number         0  stubs.o ABSOLUTE
    _printf_sizespec                         0x00000000   Number         0  stubs.o ABSOLUTE
    _printf_str                              0x00000000   Number         0  stubs.o ABSOLUTE
    _printf_truncate_signed                  0x00000000   Number         0  stubs.o ABSOLUTE
    _printf_truncate_unsigned                0x00000000   Number         0  stubs.o ABSOLUTE
    _printf_u                                0x00000000   Number         0  stubs.o ABSOLUTE
    _printf_wc                               0x00000000   Number         0  stubs.o ABSOLUTE
    _printf_wctomb                           0x00000000   Number         0  stubs.o ABSOLUTE
    _printf_widthprec                        0x00000000   Number         0  stubs.o ABSOLUTE
    _printf_x                                0x00000000   Number         0  stubs.o ABSOLUTE
    __arm_fini_                               - Undefined Weak Reference
    __cpp_initialize__aeabi_                  - Undefined Weak Reference
    __cxa_finalize                            - Undefined Weak Reference
    __decompress                              - Undefined Weak Reference
    _clock_init                               - Undefined Weak Reference
    _microlib_exit                            - Undefined Weak Reference
    __Vectors_Size                           0x00000150   Number         0  startup_stm32f105xc.o ABSOLUTE
    __Vectors                                0x08000000   Data           4  startup_stm32f105xc.o(RESET)
    __Vectors_End                            0x08000150   Data           0  startup_stm32f105xc.o(RESET)
    __main                                   0x08000151   Thumb Code     0  entry.o(.ARM.Collect$$$$00000000)
    _main_stk                                0x08000151   Thumb Code     0  entry2.o(.ARM.Collect$$$$00000001)
    _main_scatterload                        0x08000155   Thumb Code     0  entry5.o(.ARM.Collect$$$$00000004)
    __main_after_scatterload                 0x08000159   Thumb Code     0  entry5.o(.ARM.Collect$$$$00000004)
    _main_clock                              0x08000159   Thumb Code     0  entry7b.o(.ARM.Collect$$$$00000008)
    _main_cpp_init                           0x08000159   Thumb Code     0  entry8b.o(.ARM.Collect$$$$0000000A)
    _main_init                               0x08000159   Thumb Code     0  entry9a.o(.ARM.Collect$$$$0000000B)
    __rt_lib_shutdown_fini                   0x08000161   Thumb Code     0  entry12b.o(.ARM.Collect$$$$0000000E)
    __rt_final_cpp                           0x08000165   Thumb Code     0  entry10a.o(.ARM.Collect$$$$0000000F)
    __rt_final_exit                          0x08000165   Thumb Code     0  entry11a.o(.ARM.Collect$$$$00000011)
    Reset_Handler                            0x08000169   Thumb Code     8  startup_stm32f105xc.o(.text)
    CAN1_RX0_IRQHandler                      0x08000183   Thumb Code     0  startup_stm32f105xc.o(.text)
    CAN1_RX1_IRQHandler                      0x08000183   Thumb Code     0  startup_stm32f105xc.o(.text)
    CAN1_SCE_IRQHandler                      0x08000183   Thumb Code     0  startup_stm32f105xc.o(.text)
    CAN1_TX_IRQHandler                       0x08000183   Thumb Code     0  startup_stm32f105xc.o(.text)
    CAN2_RX0_IRQHandler                      0x08000183   Thumb Code     0  startup_stm32f105xc.o(.text)
    CAN2_RX1_IRQHandler                      0x08000183   Thumb Code     0  startup_stm32f105xc.o(.text)
    CAN2_SCE_IRQHandler                      0x08000183   Thumb Code     0  startup_stm32f105xc.o(.text)
    CAN2_TX_IRQHandler                       0x08000183   Thumb Code     0  startup_stm32f105xc.o(.text)
    DMA1_Channel2_IRQHandler                 0x08000183   Thumb Code     0  startup_stm32f105xc.o(.text)
    DMA1_Channel4_IRQHandler                 0x08000183   Thumb Code     0  startup_stm32f105xc.o(.text)
    DMA1_Channel6_IRQHandler                 0x08000183   Thumb Code     0  startup_stm32f105xc.o(.text)
    DMA1_Channel7_IRQHandler                 0x08000183   Thumb Code     0  startup_stm32f105xc.o(.text)
    DMA2_Channel1_IRQHandler                 0x08000183   Thumb Code     0  startup_stm32f105xc.o(.text)
    DMA2_Channel2_IRQHandler                 0x08000183   Thumb Code     0  startup_stm32f105xc.o(.text)
    DMA2_Channel3_IRQHandler                 0x08000183   Thumb Code     0  startup_stm32f105xc.o(.text)
    DMA2_Channel4_IRQHandler                 0x08000183   Thumb Code     0  startup_stm32f105xc.o(.text)
    DMA2_Channel5_IRQHandler                 0x08000183   Thumb Code     0  startup_stm32f105xc.o(.text)
    EXTI0_IRQHandler                         0x08000183   Thumb Code     0  startup_stm32f105xc.o(.text)
    EXTI15_10_IRQHandler                     0x08000183   Thumb Code     0  startup_stm32f105xc.o(.text)
    EXTI1_IRQHandler                         0x08000183   Thumb Code     0  startup_stm32f105xc.o(.text)
    EXTI2_IRQHandler                         0x08000183   Thumb Code     0  startup_stm32f105xc.o(.text)
    EXTI3_IRQHandler                         0x08000183   Thumb Code     0  startup_stm32f105xc.o(.text)
    EXTI4_IRQHandler                         0x08000183   Thumb Code     0  startup_stm32f105xc.o(.text)
    EXTI9_5_IRQHandler                       0x08000183   Thumb Code     0  startup_stm32f105xc.o(.text)
    FLASH_IRQHandler                         0x08000183   Thumb Code     0  startup_stm32f105xc.o(.text)
    I2C1_ER_IRQHandler                       0x08000183   Thumb Code     0  startup_stm32f105xc.o(.text)
    I2C1_EV_IRQHandler                       0x08000183   Thumb Code     0  startup_stm32f105xc.o(.text)
    I2C2_ER_IRQHandler                       0x08000183   Thumb Code     0  startup_stm32f105xc.o(.text)
    I2C2_EV_IRQHandler                       0x08000183   Thumb Code     0  startup_stm32f105xc.o(.text)
    OTG_FS_WKUP_IRQHandler                   0x08000183   Thumb Code     0  startup_stm32f105xc.o(.text)
    PVD_IRQHandler                           0x08000183   Thumb Code     0  startup_stm32f105xc.o(.text)
    RCC_IRQHandler                           0x08000183   Thumb Code     0  startup_stm32f105xc.o(.text)
    RTC_Alarm_IRQHandler                     0x08000183   Thumb Code     0  startup_stm32f105xc.o(.text)
    RTC_IRQHandler                           0x08000183   Thumb Code     0  startup_stm32f105xc.o(.text)
    SPI1_IRQHandler                          0x08000183   Thumb Code     0  startup_stm32f105xc.o(.text)
    SPI2_IRQHandler                          0x08000183   Thumb Code     0  startup_stm32f105xc.o(.text)
    SPI3_IRQHandler                          0x08000183   Thumb Code     0  startup_stm32f105xc.o(.text)
    TAMPER_IRQHandler                        0x08000183   Thumb Code     0  startup_stm32f105xc.o(.text)
    TIM1_BRK_IRQHandler                      0x08000183   Thumb Code     0  startup_stm32f105xc.o(.text)
    TIM1_CC_IRQHandler                       0x08000183   Thumb Code     0  startup_stm32f105xc.o(.text)
    TIM1_TRG_COM_IRQHandler                  0x08000183   Thumb Code     0  startup_stm32f105xc.o(.text)
    TIM1_UP_IRQHandler                       0x08000183   Thumb Code     0  startup_stm32f105xc.o(.text)
    TIM2_IRQHandler                          0x08000183   Thumb Code     0  startup_stm32f105xc.o(.text)
    TIM4_IRQHandler                          0x08000183   Thumb Code     0  startup_stm32f105xc.o(.text)
    TIM5_IRQHandler                          0x08000183   Thumb Code     0  startup_stm32f105xc.o(.text)
    TIM6_IRQHandler                          0x08000183   Thumb Code     0  startup_stm32f105xc.o(.text)
    TIM7_IRQHandler                          0x08000183   Thumb Code     0  startup_stm32f105xc.o(.text)
    UART4_IRQHandler                         0x08000183   Thumb Code     0  startup_stm32f105xc.o(.text)
    UART5_IRQHandler                         0x08000183   Thumb Code     0  startup_stm32f105xc.o(.text)
    USART1_IRQHandler                        0x08000183   Thumb Code     0  startup_stm32f105xc.o(.text)
    USART3_IRQHandler                        0x08000183   Thumb Code     0  startup_stm32f105xc.o(.text)
    WWDG_IRQHandler                          0x08000183   Thumb Code     0  startup_stm32f105xc.o(.text)
    __aeabi_uldivmod                         0x0800018d   Thumb Code    98  uldiv.o(.text)
    __aeabi_llsr                             0x080001ef   Thumb Code    32  llushr.o(.text)
    _ll_ushift_r                             0x080001ef   Thumb Code     0  llushr.o(.text)
    __aeabi_memcpy                           0x0800020f   Thumb Code    36  memcpya.o(.text)
    __aeabi_memcpy4                          0x0800020f   Thumb Code     0  memcpya.o(.text)
    __aeabi_memcpy8                          0x0800020f   Thumb Code     0  memcpya.o(.text)
    __aeabi_memset                           0x08000233   Thumb Code    14  memseta.o(.text)
    __aeabi_memset4                          0x08000233   Thumb Code     0  memseta.o(.text)
    __aeabi_memset8                          0x08000233   Thumb Code     0  memseta.o(.text)
    __aeabi_memclr                           0x08000241   Thumb Code     4  memseta.o(.text)
    __aeabi_memclr4                          0x08000241   Thumb Code     0  memseta.o(.text)
    __aeabi_memclr8                          0x08000241   Thumb Code     0  memseta.o(.text)
    _memset$wrapper                          0x08000245   Thumb Code    18  memseta.o(.text)
    __aeabi_llsl                             0x08000257   Thumb Code    30  llshl.o(.text)
    _ll_shift_l                              0x08000257   Thumb Code     0  llshl.o(.text)
    __scatterload                            0x08000275   Thumb Code    28  init.o(.text)
    __scatterload_rt2                        0x08000275   Thumb Code     0  init.o(.text)
    ADC1_2_IRQHandler                        0x08000299   Thumb Code     6  stm32f1xx_it.o(i.ADC1_2_IRQHandler)
    ADC_ConversionStop_Disable               0x080002a5   Thumb Code    86  stm32f1xx_hal_adc.o(i.ADC_ConversionStop_Disable)
    ADC_DMAConvCplt                          0x080002fb   Thumb Code    78  stm32f1xx_hal_adc.o(i.ADC_DMAConvCplt)
    ADC_DMAError                             0x08000349   Thumb Code    26  stm32f1xx_hal_adc.o(i.ADC_DMAError)
    ADC_DMAHalfConvCplt                      0x08000363   Thumb Code    10  stm32f1xx_hal_adc.o(i.ADC_DMAHalfConvCplt)
    ADC_Enable                               0x0800036d   Thumb Code   114  stm32f1xx_hal_adc.o(i.ADC_Enable)
    BusFault_Handler                         0x080003e9   Thumb Code     2  stm32f1xx_it.o(i.BusFault_Handler)
    DMA1_Channel1_IRQHandler                 0x080003ed   Thumb Code     6  stm32f1xx_it.o(i.DMA1_Channel1_IRQHandler)
    DMA1_Channel3_IRQHandler                 0x080003f9   Thumb Code     6  stm32f1xx_it.o(i.DMA1_Channel3_IRQHandler)
    DMA1_Channel5_IRQHandler                 0x08000405   Thumb Code     6  stm32f1xx_it.o(i.DMA1_Channel5_IRQHandler)
    DebugMon_Handler                         0x08000485   Thumb Code     2  stm32f1xx_it.o(i.DebugMon_Handler)
    Error_Handler                            0x08000487   Thumb Code     4  main.o(i.Error_Handler)
    FATFS_LinkDriver                         0x0800048b   Thumb Code     6  ff_gen_drv.o(i.FATFS_LinkDriver)
    FATFS_LinkDriverEx                       0x08000491   Thumb Code    60  ff_gen_drv.o(i.FATFS_LinkDriverEx)
    HAL_ADCEx_Calibration_Start              0x080004d1   Thumb Code   210  stm32f1xx_hal_adc_ex.o(i.HAL_ADCEx_Calibration_Start)
    HAL_ADCEx_InjectedConvCpltCallback       0x080005a9   Thumb Code     2  stm32f1xx_hal_adc_ex.o(i.HAL_ADCEx_InjectedConvCpltCallback)
    HAL_ADC_ConfigChannel                    0x080005ad   Thumb Code   240  stm32f1xx_hal_adc.o(i.HAL_ADC_ConfigChannel)
    HAL_ADC_ConvCpltCallback                 0x080006a9   Thumb Code     2  stm32f1xx_hal_adc.o(i.HAL_ADC_ConvCpltCallback)
    HAL_ADC_ConvHalfCpltCallback             0x080006ab   Thumb Code     2  stm32f1xx_hal_adc.o(i.HAL_ADC_ConvHalfCpltCallback)
    HAL_ADC_ErrorCallback                    0x080006ad   Thumb Code     2  stm32f1xx_hal_adc.o(i.HAL_ADC_ErrorCallback)
    HAL_ADC_IRQHandler                       0x080006af   Thumb Code   220  stm32f1xx_hal_adc.o(i.HAL_ADC_IRQHandler)
    HAL_ADC_Init                             0x0800078d   Thumb Code   272  stm32f1xx_hal_adc.o(i.HAL_ADC_Init)
    HAL_ADC_LevelOutOfWindowCallback         0x080008a9   Thumb Code     2  stm32f1xx_hal_adc.o(i.HAL_ADC_LevelOutOfWindowCallback)
    HAL_ADC_MspInit                          0x080008ad   Thumb Code   138  adc.o(i.HAL_ADC_MspInit)
    HAL_ADC_Start_DMA                        0x0800094d   Thumb Code   246  stm32f1xx_hal_adc.o(i.HAL_ADC_Start_DMA)
    HAL_DMA_Abort                            0x08000a59   Thumb Code    70  stm32f1xx_hal_dma.o(i.HAL_DMA_Abort)
    HAL_DMA_Abort_IT                         0x08000aa1   Thumb Code   296  stm32f1xx_hal_dma.o(i.HAL_DMA_Abort_IT)
    HAL_DMA_GetState                         0x08000bd1   Thumb Code     6  stm32f1xx_hal_dma.o(i.HAL_DMA_GetState)
    HAL_DMA_IRQHandler                       0x08000bd9   Thumb Code   552  stm32f1xx_hal_dma.o(i.HAL_DMA_IRQHandler)
    HAL_DMA_Init                             0x08000e21   Thumb Code   112  stm32f1xx_hal_dma.o(i.HAL_DMA_Init)
    HAL_DMA_Start_IT                         0x08000e9d   Thumb Code   112  stm32f1xx_hal_dma.o(i.HAL_DMA_Start_IT)
    HAL_Delay                                0x08000f0d   Thumb Code    32  stm32f1xx_hal.o(i.HAL_Delay)
    HAL_GPIO_Init                            0x08000f31   Thumb Code   446  stm32f1xx_hal_gpio.o(i.HAL_GPIO_Init)
    HAL_GPIO_ReadPin                         0x08001111   Thumb Code    10  stm32f1xx_hal_gpio.o(i.HAL_GPIO_ReadPin)
    HAL_GPIO_WritePin                        0x0800111b   Thumb Code    10  stm32f1xx_hal_gpio.o(i.HAL_GPIO_WritePin)
    HAL_GetTick                              0x08001125   Thumb Code     6  stm32f1xx_hal.o(i.HAL_GetTick)
    HAL_HCD_Connect_Callback                 0x08001131   Thumb Code     8  usbh_conf.o(i.HAL_HCD_Connect_Callback)
    HAL_HCD_Disconnect_Callback              0x08001139   Thumb Code     8  usbh_conf.o(i.HAL_HCD_Disconnect_Callback)
    HAL_HCD_GetCurrentFrame                  0x08001141   Thumb Code     6  stm32f1xx_hal_hcd.o(i.HAL_HCD_GetCurrentFrame)
    HAL_HCD_GetCurrentSpeed                  0x08001147   Thumb Code     6  stm32f1xx_hal_hcd.o(i.HAL_HCD_GetCurrentSpeed)
    HAL_HCD_HC_ClearHubInfo                  0x0800114d   Thumb Code    18  stm32f1xx_hal_hcd.o(i.HAL_HCD_HC_ClearHubInfo)
    HAL_HCD_HC_GetURBState                   0x0800115f   Thumb Code    14  stm32f1xx_hal_hcd.o(i.HAL_HCD_HC_GetURBState)
    HAL_HCD_HC_GetXferCount                  0x0800116d   Thumb Code    12  stm32f1xx_hal_hcd.o(i.HAL_HCD_HC_GetXferCount)
    HAL_HCD_HC_Halt                          0x08001179   Thumb Code    36  stm32f1xx_hal_hcd.o(i.HAL_HCD_HC_Halt)
    HAL_HCD_HC_Init                          0x0800119d   Thumb Code   124  stm32f1xx_hal_hcd.o(i.HAL_HCD_HC_Init)
    HAL_HCD_HC_NotifyURBChange_Callback      0x08001219   Thumb Code     2  usbh_conf.o(i.HAL_HCD_HC_NotifyURBChange_Callback)
    HAL_HCD_HC_SubmitRequest                 0x0800121b   Thumb Code   140  stm32f1xx_hal_hcd.o(i.HAL_HCD_HC_SubmitRequest)
    HAL_HCD_IRQHandler                       0x080012a9   Thumb Code   322  stm32f1xx_hal_hcd.o(i.HAL_HCD_IRQHandler)
    HAL_HCD_Init                             0x080013eb   Thumb Code   104  stm32f1xx_hal_hcd.o(i.HAL_HCD_Init)
    HAL_HCD_MspInit                          0x08001455   Thumb Code    50  usbh_conf.o(i.HAL_HCD_MspInit)
    HAL_HCD_PortDisabled_Callback            0x0800148d   Thumb Code     8  usbh_conf.o(i.HAL_HCD_PortDisabled_Callback)
    HAL_HCD_PortEnabled_Callback             0x08001495   Thumb Code     8  usbh_conf.o(i.HAL_HCD_PortEnabled_Callback)
    HAL_HCD_ResetPort                        0x0800149d   Thumb Code     6  stm32f1xx_hal_hcd.o(i.HAL_HCD_ResetPort)
    HAL_HCD_SOF_Callback                     0x080014a3   Thumb Code     8  usbh_conf.o(i.HAL_HCD_SOF_Callback)
    HAL_HCD_Start                            0x080014ab   Thumb Code    44  stm32f1xx_hal_hcd.o(i.HAL_HCD_Start)
    HAL_HCD_Stop                             0x080014d7   Thumb Code    36  stm32f1xx_hal_hcd.o(i.HAL_HCD_Stop)
    HAL_IncTick                              0x080014fd   Thumb Code    12  stm32f1xx_hal.o(i.HAL_IncTick)
    HAL_Init                                 0x0800150d   Thumb Code    32  stm32f1xx_hal.o(i.HAL_Init)
    HAL_InitTick                             0x08001531   Thumb Code    54  stm32f1xx_hal.o(i.HAL_InitTick)
    HAL_MspInit                              0x08001571   Thumb Code    38  stm32f1xx_hal_msp.o(i.HAL_MspInit)
    HAL_NVIC_EnableIRQ                       0x0800159d   Thumb Code    26  stm32f1xx_hal_cortex.o(i.HAL_NVIC_EnableIRQ)
    HAL_NVIC_SetPriority                     0x080015b9   Thumb Code    60  stm32f1xx_hal_cortex.o(i.HAL_NVIC_SetPriority)
    HAL_NVIC_SetPriorityGrouping             0x080015f9   Thumb Code    26  stm32f1xx_hal_cortex.o(i.HAL_NVIC_SetPriorityGrouping)
    HAL_RCCEx_GetPeriphCLKFreq               0x0800161d   Thumb Code   246  stm32f1xx_hal_rcc_ex.o(i.HAL_RCCEx_GetPeriphCLKFreq)
    HAL_RCCEx_PeriphCLKConfig                0x08001725   Thumb Code   374  stm32f1xx_hal_rcc_ex.o(i.HAL_RCCEx_PeriphCLKConfig)
    HAL_RCC_ClockConfig                      0x080018ad   Thumb Code   280  stm32f1xx_hal_rcc.o(i.HAL_RCC_ClockConfig)
    HAL_RCC_GetPCLK1Freq                     0x080019d9   Thumb Code    20  stm32f1xx_hal_rcc.o(i.HAL_RCC_GetPCLK1Freq)
    HAL_RCC_GetPCLK2Freq                     0x080019f9   Thumb Code    20  stm32f1xx_hal_rcc.o(i.HAL_RCC_GetPCLK2Freq)
    HAL_RCC_GetSysClockFreq                  0x08001a19   Thumb Code   122  stm32f1xx_hal_rcc.o(i.HAL_RCC_GetSysClockFreq)
    HAL_RCC_OscConfig                        0x08001aa5   Thumb Code   974  stm32f1xx_hal_rcc.o(i.HAL_RCC_OscConfig)
    HAL_SPI_ErrorCallback                    0x08001e89   Thumb Code     2  stm32f1xx_hal_spi.o(i.HAL_SPI_ErrorCallback)
    HAL_SPI_Init                             0x08001e8b   Thumb Code   178  stm32f1xx_hal_spi.o(i.HAL_SPI_Init)
    HAL_SPI_MspInit                          0x08001f3d   Thumb Code   148  spi.o(i.HAL_SPI_MspInit)
    HAL_SPI_Transmit                         0x08001fe5   Thumb Code   358  stm32f1xx_hal_spi.o(i.HAL_SPI_Transmit)
    HAL_SPI_TransmitReceive                  0x0800214b   Thumb Code   496  stm32f1xx_hal_spi.o(i.HAL_SPI_TransmitReceive)
    HAL_SPI_Transmit_DMA                     0x0800233d   Thumb Code   190  stm32f1xx_hal_spi.o(i.HAL_SPI_Transmit_DMA)
    HAL_SPI_TxCpltCallback                   0x08002409   Thumb Code     2  stm32f1xx_hal_spi.o(i.HAL_SPI_TxCpltCallback)
    HAL_SPI_TxHalfCpltCallback               0x0800240b   Thumb Code     2  stm32f1xx_hal_spi.o(i.HAL_SPI_TxHalfCpltCallback)
    HAL_SYSTICK_Config                       0x0800240d   Thumb Code    40  stm32f1xx_hal_cortex.o(i.HAL_SYSTICK_Config)
    HAL_TIMEx_BreakCallback                  0x08002435   Thumb Code     2  stm32f1xx_hal_tim_ex.o(i.HAL_TIMEx_BreakCallback)
    HAL_TIMEx_CommutCallback                 0x08002437   Thumb Code     2  stm32f1xx_hal_tim_ex.o(i.HAL_TIMEx_CommutCallback)
    HAL_TIMEx_MasterConfigSynchronization    0x08002439   Thumb Code    98  stm32f1xx_hal_tim_ex.o(i.HAL_TIMEx_MasterConfigSynchronization)
    HAL_TIM_Base_Init                        0x080024ad   Thumb Code    90  stm32f1xx_hal_tim.o(i.HAL_TIM_Base_Init)
    HAL_TIM_Base_MspInit                     0x08002509   Thumb Code   122  tim.o(i.HAL_TIM_Base_MspInit)
    HAL_TIM_ConfigClockSource                0x08002595   Thumb Code   220  stm32f1xx_hal_tim.o(i.HAL_TIM_ConfigClockSource)
    HAL_TIM_ErrorCallback                    0x08002671   Thumb Code     2  stm32f1xx_hal_tim.o(i.HAL_TIM_ErrorCallback)
    HAL_TIM_IC_CaptureCallback               0x08002673   Thumb Code     2  stm32f1xx_hal_tim.o(i.HAL_TIM_IC_CaptureCallback)
    HAL_TIM_IRQHandler                       0x08002675   Thumb Code   304  stm32f1xx_hal_tim.o(i.HAL_TIM_IRQHandler)
    HAL_TIM_MspPostInit                      0x080027a5   Thumb Code   116  tim.o(i.HAL_TIM_MspPostInit)
    HAL_TIM_OC_DelayElapsedCallback          0x08002829   Thumb Code     2  stm32f1xx_hal_tim.o(i.HAL_TIM_OC_DelayElapsedCallback)
    HAL_TIM_PWM_ConfigChannel                0x0800282b   Thumb Code   204  stm32f1xx_hal_tim.o(i.HAL_TIM_PWM_ConfigChannel)
    HAL_TIM_PWM_Init                         0x080028f7   Thumb Code    90  stm32f1xx_hal_tim.o(i.HAL_TIM_PWM_Init)
    HAL_TIM_PWM_MspInit                      0x08002951   Thumb Code     2  stm32f1xx_hal_tim.o(i.HAL_TIM_PWM_MspInit)
    HAL_TIM_PWM_PulseFinishedCallback        0x08002955   Thumb Code     8  ws2812.o(i.HAL_TIM_PWM_PulseFinishedCallback)
    HAL_TIM_PWM_PulseFinishedHalfCpltCallback 0x08002961   Thumb Code     2  stm32f1xx_hal_tim.o(i.HAL_TIM_PWM_PulseFinishedHalfCpltCallback)
    HAL_TIM_PWM_Start_DMA                    0x08002965   Thumb Code   384  stm32f1xx_hal_tim.o(i.HAL_TIM_PWM_Start_DMA)
    HAL_TIM_PWM_Stop                         0x08002b01   Thumb Code   108  stm32f1xx_hal_tim.o(i.HAL_TIM_PWM_Stop)
    HAL_TIM_PeriodElapsedCallback            0x08002b71   Thumb Code     2  stm32f1xx_hal_tim.o(i.HAL_TIM_PeriodElapsedCallback)
    HAL_TIM_TriggerCallback                  0x08002b73   Thumb Code     2  stm32f1xx_hal_tim.o(i.HAL_TIM_TriggerCallback)
    HAL_UARTEx_RxEventCallback               0x08002b75   Thumb Code     2  stm32f1xx_hal_uart.o(i.HAL_UARTEx_RxEventCallback)
    HAL_UART_ErrorCallback                   0x08002b77   Thumb Code     2  stm32f1xx_hal_uart.o(i.HAL_UART_ErrorCallback)
    HAL_UART_IRQHandler                      0x08002b79   Thumb Code   616  stm32f1xx_hal_uart.o(i.HAL_UART_IRQHandler)
    HAL_UART_Init                            0x08002de5   Thumb Code   100  stm32f1xx_hal_uart.o(i.HAL_UART_Init)
    HAL_UART_MspInit                         0x08002e49   Thumb Code   114  usart.o(i.HAL_UART_MspInit)
    HAL_UART_RxCpltCallback                  0x08002ec9   Thumb Code     2  stm32f1xx_hal_uart.o(i.HAL_UART_RxCpltCallback)
    HAL_UART_Transmit                        0x08002ecb   Thumb Code   160  stm32f1xx_hal_uart.o(i.HAL_UART_Transmit)
    HAL_UART_TxCpltCallback                  0x08002f6b   Thumb Code     2  stm32f1xx_hal_uart.o(i.HAL_UART_TxCpltCallback)
    HardFault_Handler                        0x080034bf   Thumb Code     2  stm32f1xx_it.o(i.HardFault_Handler)
    MSC_Application                          0x080034c1   Thumb Code    48  main.o(i.MSC_Application)
    MX_ADC1_Init                             0x08003521   Thumb Code   118  adc.o(i.MX_ADC1_Init)
    MX_DMA_Init                              0x080035a1   Thumb Code    72  dma.o(i.MX_DMA_Init)
    MX_FATFS_Init                            0x080035ed   Thumb Code    18  fatfs.o(i.MX_FATFS_Init)
    MX_GPIO_Init                             0x08003609   Thumb Code   210  gpio.o(i.MX_GPIO_Init)
    MX_SPI2_Init                             0x080036e9   Thumb Code    62  spi.o(i.MX_SPI2_Init)
    MX_TIM2_Init                             0x08003731   Thumb Code   144  tim.o(i.MX_TIM2_Init)
    MX_TIM3_Init                             0x080037c5   Thumb Code   140  tim.o(i.MX_TIM3_Init)
    MX_USART2_UART_Init                      0x08003859   Thumb Code    48  usart.o(i.MX_USART2_UART_Init)
    MX_USB_HOST_Init                         0x08003891   Thumb Code    52  usb_host.o(i.MX_USB_HOST_Init)
    MX_USB_HOST_Process                      0x080038d1   Thumb Code     6  usb_host.o(i.MX_USB_HOST_Process)
    MemManage_Handler                        0x080038dd   Thumb Code     2  stm32f1xx_it.o(i.MemManage_Handler)
    NMI_Handler                              0x080038df   Thumb Code     2  stm32f1xx_it.o(i.NMI_Handler)
    OTG_FS_IRQHandler                        0x080038e1   Thumb Code     6  stm32f1xx_it.o(i.OTG_FS_IRQHandler)
    PendSV_Handler                           0x080038ed   Thumb Code     2  stm32f1xx_it.o(i.PendSV_Handler)
    SVC_Handler                              0x08003a6d   Thumb Code     2  stm32f1xx_it.o(i.SVC_Handler)
    SetPixelColor                            0x08003a71   Thumb Code    22  adafruit_neopixel.o(i.SetPixelColor)
    SysTick_Handler                          0x08003a95   Thumb Code     4  stm32f1xx_it.o(i.SysTick_Handler)
    SystemClock_Config                       0x08003a99   Thumb Code   132  main.o(i.SystemClock_Config)
    SystemInit                               0x08003b21   Thumb Code     2  system_stm32f1xx.o(i.SystemInit)
    TIM3_IRQHandler                          0x08003b25   Thumb Code     6  stm32f1xx_it.o(i.TIM3_IRQHandler)
    TIM_Base_SetConfig                       0x08003b31   Thumb Code   120  stm32f1xx_hal_tim.o(i.TIM_Base_SetConfig)
    TIM_CCxChannelCmd                        0x08003bb9   Thumb Code    26  stm32f1xx_hal_tim.o(i.TIM_CCxChannelCmd)
    TIM_DMADelayPulseHalfCplt                0x08003c31   Thumb Code    56  stm32f1xx_hal_tim.o(i.TIM_DMADelayPulseHalfCplt)
    TIM_DMAError                             0x08003c69   Thumb Code    84  stm32f1xx_hal_tim.o(i.TIM_DMAError)
    TIM_ETR_SetConfig                        0x08003cbd   Thumb Code    20  stm32f1xx_hal_tim.o(i.TIM_ETR_SetConfig)
    TIM_OC2_SetConfig                        0x08003d31   Thumb Code    84  stm32f1xx_hal_tim.o(i.TIM_OC2_SetConfig)
    Traverse_Directory                       0x08003e6d   Thumb Code    96  main.o(i.Traverse_Directory)
    USART2_IRQHandler                        0x08004129   Thumb Code     6  stm32f1xx_it.o(i.USART2_IRQHandler)
    USBH_AllocPipe                           0x08004135   Thumb Code    56  usbh_pipes.o(i.USBH_AllocPipe)
    USBH_BulkReceiveData                     0x0800416d   Thumb Code    32  usbh_ioreq.o(i.USBH_BulkReceiveData)
    USBH_BulkSendData                        0x0800418d   Thumb Code    40  usbh_ioreq.o(i.USBH_BulkSendData)
    USBH_ClosePipe                           0x080041b5   Thumb Code    10  usbh_pipes.o(i.USBH_ClosePipe)
    USBH_ClrFeature                          0x080041bf   Thumb Code    30  usbh_ctlreq.o(i.USBH_ClrFeature)
    USBH_CtlReceiveData                      0x080041dd   Thumb Code    30  usbh_ioreq.o(i.USBH_CtlReceiveData)
    USBH_CtlReq                              0x080041fb   Thumb Code    58  usbh_ctlreq.o(i.USBH_CtlReq)
    USBH_CtlSendData                         0x08004235   Thumb Code    40  usbh_ioreq.o(i.USBH_CtlSendData)
    USBH_CtlSendSetup                        0x0800425d   Thumb Code    30  usbh_ioreq.o(i.USBH_CtlSendSetup)
    USBH_Delay                               0x0800427b   Thumb Code     4  usbh_conf.o(i.USBH_Delay)
    USBH_FindInterface                       0x08004281   Thumb Code    68  usbh_core.o(i.USBH_FindInterface)
    USBH_FreePipe                            0x080042c5   Thumb Code    24  usbh_pipes.o(i.USBH_FreePipe)
    USBH_GetDescriptor                       0x080042dd   Thumb Code    52  usbh_ctlreq.o(i.USBH_GetDescriptor)
    USBH_GetNextDesc                         0x08004311   Thumb Code    14  usbh_ctlreq.o(i.USBH_GetNextDesc)
    USBH_Get_CfgDesc                         0x0800431f   Thumb Code    44  usbh_ctlreq.o(i.USBH_Get_CfgDesc)
    USBH_Get_DevDesc                         0x0800434b   Thumb Code   144  usbh_ctlreq.o(i.USBH_Get_DevDesc)
    USBH_Get_StringDesc                      0x080043db   Thumb Code    72  usbh_ctlreq.o(i.USBH_Get_StringDesc)
    USBH_Get_USB_Status                      0x08004423   Thumb Code    24  usbh_conf.o(i.USBH_Get_USB_Status)
    USBH_Init                                0x08004811   Thumb Code    80  usbh_core.o(i.USBH_Init)
    USBH_LL_ClosePipe                        0x08004881   Thumb Code    18  usbh_conf.o(i.USBH_LL_ClosePipe)
    USBH_LL_Connect                          0x08004893   Thumb Code    20  usbh_core.o(i.USBH_LL_Connect)
    USBH_LL_Disconnect                       0x080048a7   Thumb Code    46  usbh_core.o(i.USBH_LL_Disconnect)
    USBH_LL_DriverVBUS                       0x080048d5   Thumb Code    12  usbh_conf.o(i.USBH_LL_DriverVBUS)
    USBH_LL_GetLastXferSize                  0x080048e1   Thumb Code     8  usbh_conf.o(i.USBH_LL_GetLastXferSize)
    USBH_LL_GetSpeed                         0x080048e9   Thumb Code    34  usbh_conf.o(i.USBH_LL_GetSpeed)
    USBH_LL_GetToggle                        0x0800490b   Thumb Code    28  usbh_conf.o(i.USBH_LL_GetToggle)
    USBH_LL_GetURBState                      0x08004927   Thumb Code     8  usbh_conf.o(i.USBH_LL_GetURBState)
    USBH_LL_IncTimer                         0x0800492f   Thumb Code    30  usbh_core.o(i.USBH_LL_IncTimer)
    USBH_LL_Init                             0x0800494d   Thumb Code    72  usbh_conf.o(i.USBH_LL_Init)
    USBH_LL_OpenPipe                         0x08004999   Thumb Code    28  usbh_conf.o(i.USBH_LL_OpenPipe)
    USBH_LL_PortDisabled                     0x080049b5   Thumb Code     8  usbh_core.o(i.USBH_LL_PortDisabled)
    USBH_LL_PortEnabled                      0x080049bd   Thumb Code     8  usbh_core.o(i.USBH_LL_PortEnabled)
    USBH_LL_ResetPort                        0x080049c5   Thumb Code    18  usbh_conf.o(i.USBH_LL_ResetPort)
    USBH_LL_SetTimer                         0x080049d7   Thumb Code     6  usbh_core.o(i.USBH_LL_SetTimer)
    USBH_LL_SetToggle                        0x080049dd   Thumb Code    30  usbh_conf.o(i.USBH_LL_SetToggle)
    USBH_LL_Start                            0x080049fb   Thumb Code    18  usbh_conf.o(i.USBH_LL_Start)
    USBH_LL_Stop                             0x08004a0d   Thumb Code    18  usbh_conf.o(i.USBH_LL_Stop)
    USBH_LL_SubmitURB                        0x08004a1f   Thumb Code    34  usbh_conf.o(i.USBH_LL_SubmitURB)
    USBH_MSC_BOT_Init                        0x08004a61   Thumb Code    26  usbh_msc_bot.o(i.USBH_MSC_BOT_Init)
    USBH_MSC_BOT_Process                     0x08004a85   Thumb Code   470  usbh_msc_bot.o(i.USBH_MSC_BOT_Process)
    USBH_MSC_BOT_REQ_GetMaxLUN               0x08004c61   Thumb Code    22  usbh_msc_bot.o(i.USBH_MSC_BOT_REQ_GetMaxLUN)
    USBH_MSC_BOT_REQ_Reset                   0x08004c77   Thumb Code    22  usbh_msc_bot.o(i.USBH_MSC_BOT_REQ_Reset)
    USBH_MSC_GetLUNInfo                      0x08004d31   Thumb Code    46  usbh_msc.o(i.USBH_MSC_GetLUNInfo)
    USBH_MSC_Read                            0x0800555d   Thumb Code   138  usbh_msc.o(i.USBH_MSC_Read)
    USBH_MSC_SCSI_Inquiry                    0x080055e7   Thumb Code   212  usbh_msc_scsi.o(i.USBH_MSC_SCSI_Inquiry)
    USBH_MSC_SCSI_Read                       0x080056bb   Thumb Code   128  usbh_msc_scsi.o(i.USBH_MSC_SCSI_Read)
    USBH_MSC_SCSI_ReadCapacity               0x0800573b   Thumb Code   122  usbh_msc_scsi.o(i.USBH_MSC_SCSI_ReadCapacity)
    USBH_MSC_SCSI_RequestSense               0x080057b5   Thumb Code   146  usbh_msc_scsi.o(i.USBH_MSC_SCSI_RequestSense)
    USBH_MSC_SCSI_TestUnitReady              0x08005847   Thumb Code    76  usbh_msc_scsi.o(i.USBH_MSC_SCSI_TestUnitReady)
    USBH_MSC_SCSI_Write                      0x08005893   Thumb Code   128  usbh_msc_scsi.o(i.USBH_MSC_SCSI_Write)
    USBH_MSC_UnitIsReady                     0x08005917   Thumb Code    38  usbh_msc.o(i.USBH_MSC_UnitIsReady)
    USBH_MSC_Write                           0x0800593d   Thumb Code   138  usbh_msc.o(i.USBH_MSC_Write)
    USBH_OpenPipe                            0x080059c7   Thumb Code    20  usbh_pipes.o(i.USBH_OpenPipe)
    USBH_Process                             0x08005ab9   Thumb Code   622  usbh_core.o(i.USBH_Process)
    USBH_RegisterClass                       0x08005e8d   Thumb Code    58  usbh_core.o(i.USBH_RegisterClass)
    USBH_SelectInterface                     0x08005f09   Thumb Code   120  usbh_core.o(i.USBH_SelectInterface)
    USBH_SetAddress                          0x08005ffd   Thumb Code    28  usbh_ctlreq.o(i.USBH_SetAddress)
    USBH_SetCfg                              0x08006019   Thumb Code    28  usbh_ctlreq.o(i.USBH_SetCfg)
    USBH_SetFeature                          0x08006035   Thumb Code    28  usbh_ctlreq.o(i.USBH_SetFeature)
    USBH_Start                               0x08006051   Thumb Code    20  usbh_core.o(i.USBH_Start)
    USBH_initialize                          0x08006085   Thumb Code     4  usbh_diskio.o(i.USBH_initialize)
    USBH_ioctl                               0x08006089   Thumb Code    74  usbh_diskio.o(i.USBH_ioctl)
    USBH_read                                0x080060d9   Thumb Code    84  usbh_diskio.o(i.USBH_read)
    USBH_status                              0x08006155   Thumb Code    20  usbh_diskio.o(i.USBH_status)
    USBH_write                               0x0800616d   Thumb Code   110  usbh_diskio.o(i.USBH_write)
    USB_CoreInit                             0x08006225   Thumb Code    78  stm32f1xx_ll_usb.o(i.USB_CoreInit)
    USB_DisableGlobalInt                     0x08006273   Thumb Code    12  stm32f1xx_ll_usb.o(i.USB_DisableGlobalInt)
    USB_DriveVbus                            0x0800627f   Thumb Code    44  stm32f1xx_ll_usb.o(i.USB_DriveVbus)
    USB_EnableGlobalInt                      0x080062ab   Thumb Code    12  stm32f1xx_ll_usb.o(i.USB_EnableGlobalInt)
    USB_FlushRxFifo                          0x080062b7   Thumb Code    56  stm32f1xx_ll_usb.o(i.USB_FlushRxFifo)
    USB_FlushTxFifo                          0x080062ef   Thumb Code    60  stm32f1xx_ll_usb.o(i.USB_FlushTxFifo)
    USB_GetCurrentFrame                      0x0800632b   Thumb Code     8  stm32f1xx_ll_usb.o(i.USB_GetCurrentFrame)
    USB_GetHostSpeed                         0x08006333   Thumb Code    14  stm32f1xx_ll_usb.o(i.USB_GetHostSpeed)
    USB_GetMode                              0x08006341   Thumb Code     8  stm32f1xx_ll_usb.o(i.USB_GetMode)
    USB_HC_Halt                              0x08006349   Thumb Code   212  stm32f1xx_ll_usb.o(i.USB_HC_Halt)
    USB_HC_Init                              0x0800641d   Thumb Code   246  stm32f1xx_ll_usb.o(i.USB_HC_Init)
    USB_HC_ReadInterrupt                     0x08006513   Thumb Code     8  stm32f1xx_ll_usb.o(i.USB_HC_ReadInterrupt)
    USB_HC_StartXfer                         0x0800651b   Thumb Code   248  stm32f1xx_ll_usb.o(i.USB_HC_StartXfer)
    USB_HostInit                             0x08006615   Thumb Code   132  stm32f1xx_ll_usb.o(i.USB_HostInit)
    USB_InitFSLSPClkSel                      0x080066a5   Thumb Code    56  stm32f1xx_ll_usb.o(i.USB_InitFSLSPClkSel)
    USB_ReadChInterrupts                     0x080066dd   Thumb Code    16  stm32f1xx_ll_usb.o(i.USB_ReadChInterrupts)
    USB_ReadInterrupts                       0x080066ed   Thumb Code     8  stm32f1xx_ll_usb.o(i.USB_ReadInterrupts)
    USB_ReadPacket                           0x080066f5   Thumb Code    62  stm32f1xx_ll_usb.o(i.USB_ReadPacket)
    USB_ResetPort                            0x08006733   Thumb Code    50  stm32f1xx_ll_usb.o(i.USB_ResetPort)
    USB_SetCurrentMode                       0x08006765   Thumb Code    92  stm32f1xx_ll_usb.o(i.USB_SetCurrentMode)
    USB_StopHost                             0x080067c1   Thumb Code   138  stm32f1xx_ll_usb.o(i.USB_StopHost)
    USB_WritePacket                          0x0800684d   Thumb Code    36  stm32f1xx_ll_usb.o(i.USB_WritePacket)
    UsageFault_Handler                       0x08006871   Thumb Code     2  stm32f1xx_it.o(i.UsageFault_Handler)
    VS1003_PlayMusic_2                       0x08006875   Thumb Code   162  playaudio.o(i.VS1003_PlayMusic_2)
    VS1003_Reset                             0x08006969   Thumb Code   108  vs1003.o(i.VS1003_Reset)
    VS1003_ResetDecodeTime                   0x080069e5   Thumb Code    22  vs1003.o(i.VS1003_ResetDecodeTime)
    VS1003_SoftReset                         0x080069fd   Thumb Code    66  vs1003.o(i.VS1003_SoftReset)
    VS1003_WriteReg                          0x08006a4d   Thumb Code    92  vs1003.o(i.VS1003_WriteReg)
    WS2812B_Init                             0x08006ab5   Thumb Code    36  ws2812.o(i.WS2812B_Init)
    WS2812_show                              0x08006add   Thumb Code   142  ws2812.o(i.WS2812_show)
    Wheel                                    0x08006b79   Thumb Code    78  adafruit_neopixel.o(i.Wheel)
    __0printf$5                              0x08006bc9   Thumb Code    22  printf5.o(i.__0printf$5)
    __1printf$5                              0x08006bc9   Thumb Code     0  printf5.o(i.__0printf$5)
    __2printf                                0x08006bc9   Thumb Code     0  printf5.o(i.__0printf$5)
    __0sprintf$5                             0x08006be9   Thumb Code    34  printf5.o(i.__0sprintf$5)
    __1sprintf$5                             0x08006be9   Thumb Code     0  printf5.o(i.__0sprintf$5)
    __2sprintf                               0x08006be9   Thumb Code     0  printf5.o(i.__0sprintf$5)
    __scatterload_copy                       0x08006c31   Thumb Code    14  handlers.o(i.__scatterload_copy)
    __scatterload_null                       0x08006c3f   Thumb Code     2  handlers.o(i.__scatterload_null)
    __scatterload_zeroinit                   0x08006c41   Thumb Code    14  handlers.o(i.__scatterload_zeroinit)
    clust2sect                               0x0800704f   Thumb Code    30  ff.o(i.clust2sect)
    disk_initialize                          0x080074ed   Thumb Code    36  diskio.o(i.disk_initialize)
    disk_ioctl                               0x08007515   Thumb Code    24  diskio.o(i.disk_ioctl)
    disk_read                                0x08007531   Thumb Code    24  diskio.o(i.disk_read)
    disk_status                              0x0800754d   Thumb Code    18  diskio.o(i.disk_status)
    disk_write                               0x08007565   Thumb Code    24  diskio.o(i.disk_write)
    f_close                                  0x08007581   Thumb Code    42  ff.o(i.f_close)
    f_closedir                               0x080075ab   Thumb Code    36  ff.o(i.f_closedir)
    f_mount                                  0x080075d1   Thumb Code    88  ff.o(i.f_mount)
    f_open                                   0x0800762d   Thumb Code   422  ff.o(i.f_open)
    f_opendir                                0x080077d9   Thumb Code   148  ff.o(i.f_opendir)
    f_read                                   0x0800786d   Thumb Code   396  ff.o(i.f_read)
    f_readdir                                0x080079f9   Thumb Code    82  ff.o(i.f_readdir)
    f_sync                                   0x08007a4b   Thumb Code   184  ff.o(i.f_sync)
    fputc                                    0x08007e95   Thumb Code    32  usart.o(i.fputc)
    free                                     0x08007eb9   Thumb Code    76  malloc.o(i.free)
    get_fat                                  0x08007f09   Thumb Code   204  ff.o(i.get_fat)
    get_fattime                              0x08007fd5   Thumb Code     4  fatfs.o(i.get_fattime)
    main                                     0x08008125   Thumb Code   130  main.o(i.main)
    malloc                                   0x080081d5   Thumb Code    92  malloc.o(i.malloc)
    put_fat                                  0x08008297   Thumb Code   246  ff.o(i.put_fat)
    rainbowCycle                             0x0800838d   Thumb Code    68  adafruit_neopixel.o(i.rainbowCycle)
    AHBPrescTable                            0x080085d0   Data          16  system_stm32f1xx.o(.constdata)
    APBPrescTable                            0x080085e0   Data           8  system_stm32f1xx.o(.constdata)
    USBH_Driver                              0x08008668   Data          20  usbh_diskio.o(.constdata)
    Region$$Table$$Base                      0x08008680   Number         0  anon$$obj.o(Region$$Table)
    Region$$Table$$Limit                     0x080086a0   Number         0  anon$$obj.o(Region$$Table)
    adcBuff                                  0x20000000   Data           6  main.o(.data)
    retUSBH                                  0x20000006   Data           1  fatfs.o(.data)
    USBHPath                                 0x20000007   Data           4  fatfs.o(.data)
    Appli_state                              0x2000000b   Data           1  usb_host.o(.data)
    uwTickFreq                               0x2000000c   Data           1  stm32f1xx_hal.o(.data)
    uwTickPrio                               0x20000010   Data           4  stm32f1xx_hal.o(.data)
    uwTick                                   0x20000014   Data           4  stm32f1xx_hal.o(.data)
    SystemCoreClock                          0x20000018   Data           4  system_stm32f1xx.o(.data)
    USBH_msc                                 0x20000024   Data          32  usbh_msc.o(.data)
    gFlash_Mode                              0x20000044   Data           1  ws2812.o(.data)
    f9_state                                 0x20000045   Data           1  ws2812.o(.data)
    Flash1_speed_L                           0x20000056   Data           2  ws2812.o(.data)
    Flash1_speed_R                           0x20000058   Data           2  ws2812.o(.data)
    rBuffer                                  0x20000074   Data           8  ws2812.o(.data)
    gBuffer                                  0x2000007c   Data           8  ws2812.o(.data)
    bBuffer                                  0x20000084   Data           8  ws2812.o(.data)
    __stdout                                 0x200000a4   Data           4  stdout.o(.data)
    __microlib_freelist                      0x200000a8   Data           4  mvars.o(.data)
    __microlib_freelist_initialised          0x200000ac   Data           4  mvars.o(.data)
    USBDISKFatFs                             0x200000b0   Data         560  main.o(.bss)
    MyFile                                   0x200002e0   Data         556  main.o(.bss)
    hadc1                                    0x2000050c   Data          48  adc.o(.bss)
    hdma_adc1                                0x2000053c   Data          68  adc.o(.bss)
    hspi2                                    0x20000580   Data          88  spi.o(.bss)
    hdma_spi2_tx                             0x200005d8   Data          68  spi.o(.bss)
    htim2                                    0x2000061c   Data          72  tim.o(.bss)
    htim3                                    0x20000664   Data          72  tim.o(.bss)
    hdma_tim3_ch4_up                         0x200006ac   Data          68  tim.o(.bss)
    huart2                                   0x200006f0   Data          72  usart.o(.bss)
    hUsbHostFS                               0x20000738   Data         976  usb_host.o(.bss)
    hhcd_USB_OTG_FS                          0x20000b08   Data         800  usbh_conf.o(.bss)
    disk                                     0x20000e40   Data          12  ff_gen_drv.o(.bss)
    frame                                    0x20000e4c   Data         392  ws2812.o(.bss)
    __heap_base                              0x20000fd8   Data           0  startup_stm32f105xc.o(HEAP)
    __heap_limit                             0x20002fd8   Data           0  startup_stm32f105xc.o(HEAP)
    __initial_sp                             0x20004fd8   Data           0  startup_stm32f105xc.o(STACK)



==============================================================================

Memory Map of the image

  Image Entry point : 0x08000151

  Load Region LR_IROM1 (Base: 0x08000000, Size: 0x00008750, Max: 0x00020000, ABSOLUTE)

    Execution Region ER_IROM1 (Exec base: 0x08000000, Load base: 0x08000000, Size: 0x000086a0, Max: 0x00020000, ABSOLUTE)

    Exec Addr    Load Addr    Size         Type   Attr      Idx    E Section Name        Object

    0x08000000   0x08000000   0x00000150   Data   RO            3    RESET               startup_stm32f105xc.o
    0x08000150   0x08000150   0x00000000   Code   RO         5889  * .ARM.Collect$$$$00000000  mc_w.l(entry.o)
    0x08000150   0x08000150   0x00000004   Code   RO         6248    .ARM.Collect$$$$00000001  mc_w.l(entry2.o)
    0x08000154   0x08000154   0x00000004   Code   RO         6251    .ARM.Collect$$$$00000004  mc_w.l(entry5.o)
    0x08000158   0x08000158   0x00000000   Code   RO         6253    .ARM.Collect$$$$00000008  mc_w.l(entry7b.o)
    0x08000158   0x08000158   0x00000000   Code   RO         6255    .ARM.Collect$$$$0000000A  mc_w.l(entry8b.o)
    0x08000158   0x08000158   0x00000008   Code   RO         6256    .ARM.Collect$$$$0000000B  mc_w.l(entry9a.o)
    0x08000160   0x08000160   0x00000004   Code   RO         6263    .ARM.Collect$$$$0000000E  mc_w.l(entry12b.o)
    0x08000164   0x08000164   0x00000000   Code   RO         6258    .ARM.Collect$$$$0000000F  mc_w.l(entry10a.o)
    0x08000164   0x08000164   0x00000000   Code   RO         6260    .ARM.Collect$$$$00000011  mc_w.l(entry11a.o)
    0x08000164   0x08000164   0x00000004   Code   RO         6249    .ARM.Collect$$$$00002712  mc_w.l(entry2.o)
    0x08000168   0x08000168   0x00000024   Code   RO            4    .text               startup_stm32f105xc.o
    0x0800018c   0x0800018c   0x00000062   Code   RO         5892    .text               mc_w.l(uldiv.o)
    0x080001ee   0x080001ee   0x00000020   Code   RO         5894    .text               mc_w.l(llushr.o)
    0x0800020e   0x0800020e   0x00000024   Code   RO         5899    .text               mc_w.l(memcpya.o)
    0x08000232   0x08000232   0x00000024   Code   RO         5901    .text               mc_w.l(memseta.o)
    0x08000256   0x08000256   0x0000001e   Code   RO         6267    .text               mc_w.l(llshl.o)
    0x08000274   0x08000274   0x00000024   Code   RO         6293    .text               mc_w.l(init.o)
    0x08000298   0x08000298   0x0000000c   Code   RO          533    i.ADC1_2_IRQHandler  stm32f1xx_it.o
    0x080002a4   0x080002a4   0x00000056   Code   RO         2462    i.ADC_ConversionStop_Disable  stm32f1xx_hal_adc.o
    0x080002fa   0x080002fa   0x0000004e   Code   RO         2463    i.ADC_DMAConvCplt   stm32f1xx_hal_adc.o
    0x08000348   0x08000348   0x0000001a   Code   RO         2464    i.ADC_DMAError      stm32f1xx_hal_adc.o
    0x08000362   0x08000362   0x0000000a   Code   RO         2465    i.ADC_DMAHalfConvCplt  stm32f1xx_hal_adc.o
    0x0800036c   0x0800036c   0x0000007c   Code   RO         2466    i.ADC_Enable        stm32f1xx_hal_adc.o
    0x080003e8   0x080003e8   0x00000002   Code   RO          534    i.BusFault_Handler  stm32f1xx_it.o
    0x080003ea   0x080003ea   0x00000002   PAD
    0x080003ec   0x080003ec   0x0000000c   Code   RO          535    i.DMA1_Channel1_IRQHandler  stm32f1xx_it.o
    0x080003f8   0x080003f8   0x0000000c   Code   RO          536    i.DMA1_Channel3_IRQHandler  stm32f1xx_it.o
    0x08000404   0x08000404   0x0000000c   Code   RO          537    i.DMA1_Channel5_IRQHandler  stm32f1xx_it.o
    0x08000410   0x08000410   0x0000002a   Code   RO         1865    i.DMA_SetConfig     stm32f1xx_hal_dma.o
    0x0800043a   0x0800043a   0x00000002   PAD
    0x0800043c   0x0800043c   0x00000048   Code   RO         4977    i.DeInitStateMachine  usbh_core.o
    0x08000484   0x08000484   0x00000002   Code   RO          538    i.DebugMon_Handler  stm32f1xx_it.o
    0x08000486   0x08000486   0x00000004   Code   RO           47    i.Error_Handler     main.o
    0x0800048a   0x0800048a   0x00000006   Code   RO         4825    i.FATFS_LinkDriver  ff_gen_drv.o
    0x08000490   0x08000490   0x00000040   Code   RO         4826    i.FATFS_LinkDriverEx  ff_gen_drv.o
    0x080004d0   0x080004d0   0x000000d8   Code   RO         2642    i.HAL_ADCEx_Calibration_Start  stm32f1xx_hal_adc_ex.o
    0x080005a8   0x080005a8   0x00000002   Code   RO         2644    i.HAL_ADCEx_InjectedConvCpltCallback  stm32f1xx_hal_adc_ex.o
    0x080005aa   0x080005aa   0x00000002   PAD
    0x080005ac   0x080005ac   0x000000fc   Code   RO         2468    i.HAL_ADC_ConfigChannel  stm32f1xx_hal_adc.o
    0x080006a8   0x080006a8   0x00000002   Code   RO         2469    i.HAL_ADC_ConvCpltCallback  stm32f1xx_hal_adc.o
    0x080006aa   0x080006aa   0x00000002   Code   RO         2470    i.HAL_ADC_ConvHalfCpltCallback  stm32f1xx_hal_adc.o
    0x080006ac   0x080006ac   0x00000002   Code   RO         2472    i.HAL_ADC_ErrorCallback  stm32f1xx_hal_adc.o
    0x080006ae   0x080006ae   0x000000dc   Code   RO         2476    i.HAL_ADC_IRQHandler  stm32f1xx_hal_adc.o
    0x0800078a   0x0800078a   0x00000002   PAD
    0x0800078c   0x0800078c   0x0000011c   Code   RO         2477    i.HAL_ADC_Init      stm32f1xx_hal_adc.o
    0x080008a8   0x080008a8   0x00000002   Code   RO         2478    i.HAL_ADC_LevelOutOfWindowCallback  stm32f1xx_hal_adc.o
    0x080008aa   0x080008aa   0x00000002   PAD
    0x080008ac   0x080008ac   0x000000a0   Code   RO          324    i.HAL_ADC_MspInit   adc.o
    0x0800094c   0x0800094c   0x0000010c   Code   RO         2484    i.HAL_ADC_Start_DMA  stm32f1xx_hal_adc.o
    0x08000a58   0x08000a58   0x00000046   Code   RO         1866    i.HAL_DMA_Abort     stm32f1xx_hal_dma.o
    0x08000a9e   0x08000a9e   0x00000002   PAD
    0x08000aa0   0x08000aa0   0x00000130   Code   RO         1867    i.HAL_DMA_Abort_IT  stm32f1xx_hal_dma.o
    0x08000bd0   0x08000bd0   0x00000006   Code   RO         1870    i.HAL_DMA_GetState  stm32f1xx_hal_dma.o
    0x08000bd6   0x08000bd6   0x00000002   PAD
    0x08000bd8   0x08000bd8   0x00000248   Code   RO         1871    i.HAL_DMA_IRQHandler  stm32f1xx_hal_dma.o
    0x08000e20   0x08000e20   0x0000007c   Code   RO         1872    i.HAL_DMA_Init      stm32f1xx_hal_dma.o
    0x08000e9c   0x08000e9c   0x00000070   Code   RO         1876    i.HAL_DMA_Start_IT  stm32f1xx_hal_dma.o
    0x08000f0c   0x08000f0c   0x00000024   Code   RO         1468    i.HAL_Delay         stm32f1xx_hal.o
    0x08000f30   0x08000f30   0x000001e0   Code   RO         1802    i.HAL_GPIO_Init     stm32f1xx_hal_gpio.o
    0x08001110   0x08001110   0x0000000a   Code   RO         1804    i.HAL_GPIO_ReadPin  stm32f1xx_hal_gpio.o
    0x0800111a   0x0800111a   0x0000000a   Code   RO         1806    i.HAL_GPIO_WritePin  stm32f1xx_hal_gpio.o
    0x08001124   0x08001124   0x0000000c   Code   RO         1472    i.HAL_GetTick       stm32f1xx_hal.o
    0x08001130   0x08001130   0x00000008   Code   RO          752    i.HAL_HCD_Connect_Callback  usbh_conf.o
    0x08001138   0x08001138   0x00000008   Code   RO          753    i.HAL_HCD_Disconnect_Callback  usbh_conf.o
    0x08001140   0x08001140   0x00000006   Code   RO          969    i.HAL_HCD_GetCurrentFrame  stm32f1xx_hal_hcd.o
    0x08001146   0x08001146   0x00000006   Code   RO          970    i.HAL_HCD_GetCurrentSpeed  stm32f1xx_hal_hcd.o
    0x0800114c   0x0800114c   0x00000012   Code   RO          972    i.HAL_HCD_HC_ClearHubInfo  stm32f1xx_hal_hcd.o
    0x0800115e   0x0800115e   0x0000000e   Code   RO          974    i.HAL_HCD_HC_GetURBState  stm32f1xx_hal_hcd.o
    0x0800116c   0x0800116c   0x0000000c   Code   RO          975    i.HAL_HCD_HC_GetXferCount  stm32f1xx_hal_hcd.o
    0x08001178   0x08001178   0x00000024   Code   RO          976    i.HAL_HCD_HC_Halt   stm32f1xx_hal_hcd.o
    0x0800119c   0x0800119c   0x0000007c   Code   RO          977    i.HAL_HCD_HC_Init   stm32f1xx_hal_hcd.o
    0x08001218   0x08001218   0x00000002   Code   RO          754    i.HAL_HCD_HC_NotifyURBChange_Callback  usbh_conf.o
    0x0800121a   0x0800121a   0x0000008c   Code   RO          980    i.HAL_HCD_HC_SubmitRequest  stm32f1xx_hal_hcd.o
    0x080012a6   0x080012a6   0x00000002   PAD
    0x080012a8   0x080012a8   0x00000142   Code   RO          981    i.HAL_HCD_IRQHandler  stm32f1xx_hal_hcd.o
    0x080013ea   0x080013ea   0x00000068   Code   RO          982    i.HAL_HCD_Init      stm32f1xx_hal_hcd.o
    0x08001452   0x08001452   0x00000002   PAD
    0x08001454   0x08001454   0x00000038   Code   RO          756    i.HAL_HCD_MspInit   usbh_conf.o
    0x0800148c   0x0800148c   0x00000008   Code   RO          757    i.HAL_HCD_PortDisabled_Callback  usbh_conf.o
    0x08001494   0x08001494   0x00000008   Code   RO          758    i.HAL_HCD_PortEnabled_Callback  usbh_conf.o
    0x0800149c   0x0800149c   0x00000006   Code   RO          987    i.HAL_HCD_ResetPort  stm32f1xx_hal_hcd.o
    0x080014a2   0x080014a2   0x00000008   Code   RO          759    i.HAL_HCD_SOF_Callback  usbh_conf.o
    0x080014aa   0x080014aa   0x0000002c   Code   RO          989    i.HAL_HCD_Start     stm32f1xx_hal_hcd.o
    0x080014d6   0x080014d6   0x00000024   Code   RO          990    i.HAL_HCD_Stop      stm32f1xx_hal_hcd.o
    0x080014fa   0x080014fa   0x00000002   PAD
    0x080014fc   0x080014fc   0x00000010   Code   RO         1478    i.HAL_IncTick       stm32f1xx_hal.o
    0x0800150c   0x0800150c   0x00000024   Code   RO         1479    i.HAL_Init          stm32f1xx_hal.o
    0x08001530   0x08001530   0x00000040   Code   RO         1480    i.HAL_InitTick      stm32f1xx_hal.o
    0x08001570   0x08001570   0x0000002c   Code   RO          651    i.HAL_MspInit       stm32f1xx_hal_msp.o
    0x0800159c   0x0800159c   0x0000001a   Code   RO         1962    i.HAL_NVIC_EnableIRQ  stm32f1xx_hal_cortex.o
    0x080015b6   0x080015b6   0x00000002   PAD
    0x080015b8   0x080015b8   0x00000040   Code   RO         1968    i.HAL_NVIC_SetPriority  stm32f1xx_hal_cortex.o
    0x080015f8   0x080015f8   0x00000024   Code   RO         1969    i.HAL_NVIC_SetPriorityGrouping  stm32f1xx_hal_cortex.o
    0x0800161c   0x0800161c   0x00000108   Code   RO         1743    i.HAL_RCCEx_GetPeriphCLKFreq  stm32f1xx_hal_rcc_ex.o
    0x08001724   0x08001724   0x00000188   Code   RO         1744    i.HAL_RCCEx_PeriphCLKConfig  stm32f1xx_hal_rcc_ex.o
    0x080018ac   0x080018ac   0x0000012c   Code   RO         1636    i.HAL_RCC_ClockConfig  stm32f1xx_hal_rcc.o
    0x080019d8   0x080019d8   0x00000020   Code   RO         1643    i.HAL_RCC_GetPCLK1Freq  stm32f1xx_hal_rcc.o
    0x080019f8   0x080019f8   0x00000020   Code   RO         1644    i.HAL_RCC_GetPCLK2Freq  stm32f1xx_hal_rcc.o
    0x08001a18   0x08001a18   0x0000008c   Code   RO         1645    i.HAL_RCC_GetSysClockFreq  stm32f1xx_hal_rcc.o
    0x08001aa4   0x08001aa4   0x000003e4   Code   RO         1648    i.HAL_RCC_OscConfig  stm32f1xx_hal_rcc.o
    0x08001e88   0x08001e88   0x00000002   Code   RO         2745    i.HAL_SPI_ErrorCallback  stm32f1xx_hal_spi.o
    0x08001e8a   0x08001e8a   0x000000b2   Code   RO         2749    i.HAL_SPI_Init      stm32f1xx_hal_spi.o
    0x08001f3c   0x08001f3c   0x000000a8   Code   RO          390    i.HAL_SPI_MspInit   spi.o
    0x08001fe4   0x08001fe4   0x00000166   Code   RO         2757    i.HAL_SPI_Transmit  stm32f1xx_hal_spi.o
    0x0800214a   0x0800214a   0x000001f0   Code   RO         2758    i.HAL_SPI_TransmitReceive  stm32f1xx_hal_spi.o
    0x0800233a   0x0800233a   0x00000002   PAD
    0x0800233c   0x0800233c   0x000000cc   Code   RO         2761    i.HAL_SPI_Transmit_DMA  stm32f1xx_hal_spi.o
    0x08002408   0x08002408   0x00000002   Code   RO         2763    i.HAL_SPI_TxCpltCallback  stm32f1xx_hal_spi.o
    0x0800240a   0x0800240a   0x00000002   Code   RO         2764    i.HAL_SPI_TxHalfCpltCallback  stm32f1xx_hal_spi.o
    0x0800240c   0x0800240c   0x00000028   Code   RO         1973    i.HAL_SYSTICK_Config  stm32f1xx_hal_cortex.o
    0x08002434   0x08002434   0x00000002   Code   RO         3766    i.HAL_TIMEx_BreakCallback  stm32f1xx_hal_tim_ex.o
    0x08002436   0x08002436   0x00000002   Code   RO         3767    i.HAL_TIMEx_CommutCallback  stm32f1xx_hal_tim_ex.o
    0x08002438   0x08002438   0x00000074   Code   RO         3785    i.HAL_TIMEx_MasterConfigSynchronization  stm32f1xx_hal_tim_ex.o
    0x080024ac   0x080024ac   0x0000005a   Code   RO         3062    i.HAL_TIM_Base_Init  stm32f1xx_hal_tim.o
    0x08002506   0x08002506   0x00000002   PAD
    0x08002508   0x08002508   0x0000008c   Code   RO          432    i.HAL_TIM_Base_MspInit  tim.o
    0x08002594   0x08002594   0x000000dc   Code   RO         3071    i.HAL_TIM_ConfigClockSource  stm32f1xx_hal_tim.o
    0x08002670   0x08002670   0x00000002   Code   RO         3092    i.HAL_TIM_ErrorCallback  stm32f1xx_hal_tim.o
    0x08002672   0x08002672   0x00000002   Code   RO         3096    i.HAL_TIM_IC_CaptureCallback  stm32f1xx_hal_tim.o
    0x08002674   0x08002674   0x00000130   Code   RO         3110    i.HAL_TIM_IRQHandler  stm32f1xx_hal_tim.o
    0x080027a4   0x080027a4   0x00000084   Code   RO          433    i.HAL_TIM_MspPostInit  tim.o
    0x08002828   0x08002828   0x00000002   Code   RO         3113    i.HAL_TIM_OC_DelayElapsedCallback  stm32f1xx_hal_tim.o
    0x0800282a   0x0800282a   0x000000cc   Code   RO         3134    i.HAL_TIM_PWM_ConfigChannel  stm32f1xx_hal_tim.o
    0x080028f6   0x080028f6   0x0000005a   Code   RO         3137    i.HAL_TIM_PWM_Init  stm32f1xx_hal_tim.o
    0x08002950   0x08002950   0x00000002   Code   RO         3139    i.HAL_TIM_PWM_MspInit  stm32f1xx_hal_tim.o
    0x08002952   0x08002952   0x00000002   PAD
    0x08002954   0x08002954   0x0000000c   Code   RO         5512    i.HAL_TIM_PWM_PulseFinishedCallback  ws2812.o
    0x08002960   0x08002960   0x00000002   Code   RO         3141    i.HAL_TIM_PWM_PulseFinishedHalfCpltCallback  stm32f1xx_hal_tim.o
    0x08002962   0x08002962   0x00000002   PAD
    0x08002964   0x08002964   0x0000019c   Code   RO         3143    i.HAL_TIM_PWM_Start_DMA  stm32f1xx_hal_tim.o
    0x08002b00   0x08002b00   0x00000070   Code   RO         3145    i.HAL_TIM_PWM_Stop  stm32f1xx_hal_tim.o
    0x08002b70   0x08002b70   0x00000002   Code   RO         3148    i.HAL_TIM_PeriodElapsedCallback  stm32f1xx_hal_tim.o
    0x08002b72   0x08002b72   0x00000002   Code   RO         3153    i.HAL_TIM_TriggerCallback  stm32f1xx_hal_tim.o
    0x08002b74   0x08002b74   0x00000002   Code   RO         4045    i.HAL_UARTEx_RxEventCallback  stm32f1xx_hal_uart.o
    0x08002b76   0x08002b76   0x00000002   Code   RO         4059    i.HAL_UART_ErrorCallback  stm32f1xx_hal_uart.o
    0x08002b78   0x08002b78   0x0000026c   Code   RO         4062    i.HAL_UART_IRQHandler  stm32f1xx_hal_uart.o
    0x08002de4   0x08002de4   0x00000064   Code   RO         4063    i.HAL_UART_Init     stm32f1xx_hal_uart.o
    0x08002e48   0x08002e48   0x00000080   Code   RO          486    i.HAL_UART_MspInit  usart.o
    0x08002ec8   0x08002ec8   0x00000002   Code   RO         4069    i.HAL_UART_RxCpltCallback  stm32f1xx_hal_uart.o
    0x08002eca   0x08002eca   0x000000a0   Code   RO         4071    i.HAL_UART_Transmit  stm32f1xx_hal_uart.o
    0x08002f6a   0x08002f6a   0x00000002   Code   RO         4074    i.HAL_UART_TxCpltCallback  stm32f1xx_hal_uart.o
    0x08002f6c   0x08002f6c   0x0000025e   Code   RO          992    i.HCD_HC_IN_IRQHandler  stm32f1xx_hal_hcd.o
    0x080031ca   0x080031ca   0x000001da   Code   RO          993    i.HCD_HC_OUT_IRQHandler  stm32f1xx_hal_hcd.o
    0x080033a4   0x080033a4   0x00000094   Code   RO          994    i.HCD_Port_IRQHandler  stm32f1xx_hal_hcd.o
    0x08003438   0x08003438   0x00000086   Code   RO          995    i.HCD_RXQLVL_IRQHandler  stm32f1xx_hal_hcd.o
    0x080034be   0x080034be   0x00000002   Code   RO          539    i.HardFault_Handler  stm32f1xx_it.o
    0x080034c0   0x080034c0   0x00000060   Code   RO           48    i.MSC_Application   main.o
    0x08003520   0x08003520   0x00000080   Code   RO          325    i.MX_ADC1_Init      adc.o
    0x080035a0   0x080035a0   0x0000004c   Code   RO          365    i.MX_DMA_Init       dma.o
    0x080035ec   0x080035ec   0x0000001c   Code   RO          675    i.MX_FATFS_Init     fatfs.o
    0x08003608   0x08003608   0x000000e0   Code   RO          293    i.MX_GPIO_Init      gpio.o
    0x080036e8   0x080036e8   0x00000048   Code   RO          391    i.MX_SPI2_Init      spi.o
    0x08003730   0x08003730   0x00000094   Code   RO          434    i.MX_TIM2_Init      tim.o
    0x080037c4   0x080037c4   0x00000094   Code   RO          435    i.MX_TIM3_Init      tim.o
    0x08003858   0x08003858   0x00000038   Code   RO          487    i.MX_USART2_UART_Init  usart.o
    0x08003890   0x08003890   0x00000040   Code   RO          713    i.MX_USB_HOST_Init  usb_host.o
    0x080038d0   0x080038d0   0x0000000c   Code   RO          714    i.MX_USB_HOST_Process  usb_host.o
    0x080038dc   0x080038dc   0x00000002   Code   RO          540    i.MemManage_Handler  stm32f1xx_it.o
    0x080038de   0x080038de   0x00000002   Code   RO          541    i.NMI_Handler       stm32f1xx_it.o
    0x080038e0   0x080038e0   0x0000000c   Code   RO          542    i.OTG_FS_IRQHandler  stm32f1xx_it.o
    0x080038ec   0x080038ec   0x00000002   Code   RO          543    i.PendSV_Handler    stm32f1xx_it.o
    0x080038ee   0x080038ee   0x00000022   Code   RO         2777    i.SPI_DMAError      stm32f1xx_hal_spi.o
    0x08003910   0x08003910   0x0000000a   Code   RO         2779    i.SPI_DMAHalfTransmitCplt  stm32f1xx_hal_spi.o
    0x0800391a   0x0800391a   0x00000064   Code   RO         2783    i.SPI_DMATransmitCplt  stm32f1xx_hal_spi.o
    0x0800397e   0x0800397e   0x00000034   Code   RO         2787    i.SPI_EndRxTxTransaction  stm32f1xx_hal_spi.o
    0x080039b2   0x080039b2   0x00000002   PAD
    0x080039b4   0x080039b4   0x000000b8   Code   RO         2792    i.SPI_WaitFlagStateUntilTimeout  stm32f1xx_hal_spi.o
    0x08003a6c   0x08003a6c   0x00000002   Code   RO          544    i.SVC_Handler       stm32f1xx_it.o
    0x08003a6e   0x08003a6e   0x00000002   PAD
    0x08003a70   0x08003a70   0x00000024   Code   RO         5681    i.SetPixelColor     adafruit_neopixel.o
    0x08003a94   0x08003a94   0x00000004   Code   RO          545    i.SysTick_Handler   stm32f1xx_it.o
    0x08003a98   0x08003a98   0x00000088   Code   RO           49    i.SystemClock_Config  main.o
    0x08003b20   0x08003b20   0x00000002   Code   RO         4397    i.SystemInit        system_stm32f1xx.o
    0x08003b22   0x08003b22   0x00000002   PAD
    0x08003b24   0x08003b24   0x0000000c   Code   RO          546    i.TIM3_IRQHandler   stm32f1xx_it.o
    0x08003b30   0x08003b30   0x00000088   Code   RO         3155    i.TIM_Base_SetConfig  stm32f1xx_hal_tim.o
    0x08003bb8   0x08003bb8   0x0000001a   Code   RO         3156    i.TIM_CCxChannelCmd  stm32f1xx_hal_tim.o
    0x08003bd2   0x08003bd2   0x0000005e   Code   RO         3159    i.TIM_DMADelayPulseCplt  stm32f1xx_hal_tim.o
    0x08003c30   0x08003c30   0x00000038   Code   RO         3160    i.TIM_DMADelayPulseHalfCplt  stm32f1xx_hal_tim.o
    0x08003c68   0x08003c68   0x00000054   Code   RO         3161    i.TIM_DMAError      stm32f1xx_hal_tim.o
    0x08003cbc   0x08003cbc   0x00000014   Code   RO         3166    i.TIM_ETR_SetConfig  stm32f1xx_hal_tim.o
    0x08003cd0   0x08003cd0   0x00000010   Code   RO         3167    i.TIM_ITRx_SetConfig  stm32f1xx_hal_tim.o
    0x08003ce0   0x08003ce0   0x00000050   Code   RO         3168    i.TIM_OC1_SetConfig  stm32f1xx_hal_tim.o
    0x08003d30   0x08003d30   0x00000058   Code   RO         3169    i.TIM_OC2_SetConfig  stm32f1xx_hal_tim.o
    0x08003d88   0x08003d88   0x00000058   Code   RO         3170    i.TIM_OC3_SetConfig  stm32f1xx_hal_tim.o
    0x08003de0   0x08003de0   0x00000044   Code   RO         3171    i.TIM_OC4_SetConfig  stm32f1xx_hal_tim.o
    0x08003e24   0x08003e24   0x00000022   Code   RO         3173    i.TIM_TI1_ConfigInputStage  stm32f1xx_hal_tim.o
    0x08003e46   0x08003e46   0x00000024   Code   RO         3175    i.TIM_TI2_ConfigInputStage  stm32f1xx_hal_tim.o
    0x08003e6a   0x08003e6a   0x00000002   PAD
    0x08003e6c   0x08003e6c   0x00000070   Code   RO           50    i.Traverse_Directory  main.o
    0x08003edc   0x08003edc   0x00000010   Code   RO         4076    i.UART_DMAAbortOnError  stm32f1xx_hal_uart.o
    0x08003eec   0x08003eec   0x0000004e   Code   RO         4086    i.UART_EndRxTransfer  stm32f1xx_hal_uart.o
    0x08003f3a   0x08003f3a   0x000000c2   Code   RO         4088    i.UART_Receive_IT   stm32f1xx_hal_uart.o
    0x08003ffc   0x08003ffc   0x000000b8   Code   RO         4089    i.UART_SetConfig    stm32f1xx_hal_uart.o
    0x080040b4   0x080040b4   0x00000072   Code   RO         4092    i.UART_WaitOnFlagUntilTimeout  stm32f1xx_hal_uart.o
    0x08004126   0x08004126   0x00000002   PAD
    0x08004128   0x08004128   0x0000000c   Code   RO          547    i.USART2_IRQHandler  stm32f1xx_it.o
    0x08004134   0x08004134   0x00000038   Code   RO         5278    i.USBH_AllocPipe    usbh_pipes.o
    0x0800416c   0x0800416c   0x00000020   Code   RO         5206    i.USBH_BulkReceiveData  usbh_ioreq.o
    0x0800418c   0x0800418c   0x00000028   Code   RO         5207    i.USBH_BulkSendData  usbh_ioreq.o
    0x080041b4   0x080041b4   0x0000000a   Code   RO         5279    i.USBH_ClosePipe    usbh_pipes.o
    0x080041be   0x080041be   0x0000001e   Code   RO         5112    i.USBH_ClrFeature   usbh_ctlreq.o
    0x080041dc   0x080041dc   0x0000001e   Code   RO         5208    i.USBH_CtlReceiveData  usbh_ioreq.o
    0x080041fa   0x080041fa   0x0000003a   Code   RO         5113    i.USBH_CtlReq       usbh_ctlreq.o
    0x08004234   0x08004234   0x00000028   Code   RO         5209    i.USBH_CtlSendData  usbh_ioreq.o
    0x0800425c   0x0800425c   0x0000001e   Code   RO         5210    i.USBH_CtlSendSetup  usbh_ioreq.o
    0x0800427a   0x0800427a   0x00000004   Code   RO          760    i.USBH_Delay        usbh_conf.o
    0x0800427e   0x0800427e   0x00000002   PAD
    0x08004280   0x08004280   0x00000044   Code   RO         4979    i.USBH_FindInterface  usbh_core.o
    0x080042c4   0x080042c4   0x00000018   Code   RO         5280    i.USBH_FreePipe     usbh_pipes.o
    0x080042dc   0x080042dc   0x00000034   Code   RO         5114    i.USBH_GetDescriptor  usbh_ctlreq.o
    0x08004310   0x08004310   0x0000000e   Code   RO         5115    i.USBH_GetNextDesc  usbh_ctlreq.o
    0x0800431e   0x0800431e   0x0000002c   Code   RO         5116    i.USBH_Get_CfgDesc  usbh_ctlreq.o
    0x0800434a   0x0800434a   0x00000090   Code   RO         5117    i.USBH_Get_DevDesc  usbh_ctlreq.o
    0x080043da   0x080043da   0x00000048   Code   RO         5118    i.USBH_Get_StringDesc  usbh_ctlreq.o
    0x08004422   0x08004422   0x00000018   Code   RO          761    i.USBH_Get_USB_Status  usbh_conf.o
    0x0800443a   0x0800443a   0x00000002   PAD
    0x0800443c   0x0800443c   0x000001c8   Code   RO         5119    i.USBH_HandleControl  usbh_ctlreq.o
    0x08004604   0x08004604   0x0000020c   Code   RO         4982    i.USBH_HandleEnum   usbh_core.o
    0x08004810   0x08004810   0x00000070   Code   RO         4983    i.USBH_Init         usbh_core.o
    0x08004880   0x08004880   0x00000012   Code   RO          762    i.USBH_LL_ClosePipe  usbh_conf.o
    0x08004892   0x08004892   0x00000014   Code   RO         4985    i.USBH_LL_Connect   usbh_core.o
    0x080048a6   0x080048a6   0x0000002e   Code   RO         4986    i.USBH_LL_Disconnect  usbh_core.o
    0x080048d4   0x080048d4   0x0000000c   Code   RO          764    i.USBH_LL_DriverVBUS  usbh_conf.o
    0x080048e0   0x080048e0   0x00000008   Code   RO          765    i.USBH_LL_GetLastXferSize  usbh_conf.o
    0x080048e8   0x080048e8   0x00000022   Code   RO          766    i.USBH_LL_GetSpeed  usbh_conf.o
    0x0800490a   0x0800490a   0x0000001c   Code   RO          767    i.USBH_LL_GetToggle  usbh_conf.o
    0x08004926   0x08004926   0x00000008   Code   RO          768    i.USBH_LL_GetURBState  usbh_conf.o
    0x0800492e   0x0800492e   0x0000001e   Code   RO         4987    i.USBH_LL_IncTimer  usbh_core.o
    0x0800494c   0x0800494c   0x0000004c   Code   RO          769    i.USBH_LL_Init      usbh_conf.o
    0x08004998   0x08004998   0x0000001c   Code   RO          770    i.USBH_LL_OpenPipe  usbh_conf.o
    0x080049b4   0x080049b4   0x00000008   Code   RO         4988    i.USBH_LL_PortDisabled  usbh_core.o
    0x080049bc   0x080049bc   0x00000008   Code   RO         4989    i.USBH_LL_PortEnabled  usbh_core.o
    0x080049c4   0x080049c4   0x00000012   Code   RO          771    i.USBH_LL_ResetPort  usbh_conf.o
    0x080049d6   0x080049d6   0x00000006   Code   RO         4990    i.USBH_LL_SetTimer  usbh_core.o
    0x080049dc   0x080049dc   0x0000001e   Code   RO          772    i.USBH_LL_SetToggle  usbh_conf.o
    0x080049fa   0x080049fa   0x00000012   Code   RO          773    i.USBH_LL_Start     usbh_conf.o
    0x08004a0c   0x08004a0c   0x00000012   Code   RO          774    i.USBH_LL_Stop      usbh_conf.o
    0x08004a1e   0x08004a1e   0x00000022   Code   RO          775    i.USBH_LL_SubmitURB  usbh_conf.o
    0x08004a40   0x08004a40   0x0000001e   Code   RO         5411    i.USBH_MSC_BOT_Abort  usbh_msc_bot.o
    0x08004a5e   0x08004a5e   0x00000002   PAD
    0x08004a60   0x08004a60   0x00000024   Code   RO         5412    i.USBH_MSC_BOT_Init  usbh_msc_bot.o
    0x08004a84   0x08004a84   0x000001dc   Code   RO         5413    i.USBH_MSC_BOT_Process  usbh_msc_bot.o
    0x08004c60   0x08004c60   0x00000016   Code   RO         5414    i.USBH_MSC_BOT_REQ_GetMaxLUN  usbh_msc_bot.o
    0x08004c76   0x08004c76   0x00000016   Code   RO         5415    i.USBH_MSC_BOT_REQ_Reset  usbh_msc_bot.o
    0x08004c8c   0x08004c8c   0x000000a4   Code   RO         5320    i.USBH_MSC_ClassRequest  usbh_msc.o
    0x08004d30   0x08004d30   0x0000002e   Code   RO         5321    i.USBH_MSC_GetLUNInfo  usbh_msc.o
    0x08004d5e   0x08004d5e   0x0000004a   Code   RO         5323    i.USBH_MSC_InterfaceDeInit  usbh_msc.o
    0x08004da8   0x08004da8   0x00000180   Code   RO         5324    i.USBH_MSC_InterfaceInit  usbh_msc.o
    0x08004f28   0x08004f28   0x00000500   Code   RO         5326    i.USBH_MSC_Process  usbh_msc.o
    0x08005428   0x08005428   0x00000134   Code   RO         5327    i.USBH_MSC_RdWrProcess  usbh_msc.o
    0x0800555c   0x0800555c   0x0000008a   Code   RO         5328    i.USBH_MSC_Read     usbh_msc.o
    0x080055e6   0x080055e6   0x000000d4   Code   RO         5458    i.USBH_MSC_SCSI_Inquiry  usbh_msc_scsi.o
    0x080056ba   0x080056ba   0x00000080   Code   RO         5459    i.USBH_MSC_SCSI_Read  usbh_msc_scsi.o
    0x0800573a   0x0800573a   0x0000007a   Code   RO         5460    i.USBH_MSC_SCSI_ReadCapacity  usbh_msc_scsi.o
    0x080057b4   0x080057b4   0x00000092   Code   RO         5461    i.USBH_MSC_SCSI_RequestSense  usbh_msc_scsi.o
    0x08005846   0x08005846   0x0000004c   Code   RO         5462    i.USBH_MSC_SCSI_TestUnitReady  usbh_msc_scsi.o
    0x08005892   0x08005892   0x00000080   Code   RO         5463    i.USBH_MSC_SCSI_Write  usbh_msc_scsi.o
    0x08005912   0x08005912   0x00000004   Code   RO         5329    i.USBH_MSC_SOFProcess  usbh_msc.o
    0x08005916   0x08005916   0x00000026   Code   RO         5330    i.USBH_MSC_UnitIsReady  usbh_msc.o
    0x0800593c   0x0800593c   0x0000008a   Code   RO         5331    i.USBH_MSC_Write    usbh_msc.o
    0x080059c6   0x080059c6   0x00000014   Code   RO         5281    i.USBH_OpenPipe     usbh_pipes.o
    0x080059da   0x080059da   0x000000dc   Code   RO         5120    i.USBH_ParseCfgDesc  usbh_ctlreq.o
    0x08005ab6   0x08005ab6   0x00000002   PAD
    0x08005ab8   0x08005ab8   0x000003d4   Code   RO         4991    i.USBH_Process      usbh_core.o
    0x08005e8c   0x08005e8c   0x0000007c   Code   RO         4993    i.USBH_RegisterClass  usbh_core.o
    0x08005f08   0x08005f08   0x000000f4   Code   RO         4994    i.USBH_SelectInterface  usbh_core.o
    0x08005ffc   0x08005ffc   0x0000001c   Code   RO         5121    i.USBH_SetAddress   usbh_ctlreq.o
    0x08006018   0x08006018   0x0000001c   Code   RO         5122    i.USBH_SetCfg       usbh_ctlreq.o
    0x08006034   0x08006034   0x0000001c   Code   RO         5123    i.USBH_SetFeature   usbh_ctlreq.o
    0x08006050   0x08006050   0x00000014   Code   RO         4995    i.USBH_Start        usbh_core.o
    0x08006064   0x08006064   0x00000020   Code   RO          715    i.USBH_UserProcess  usb_host.o
    0x08006084   0x08006084   0x00000004   Code   RO         4912    i.USBH_initialize   usbh_diskio.o
    0x08006088   0x08006088   0x00000050   Code   RO         4913    i.USBH_ioctl        usbh_diskio.o
    0x080060d8   0x080060d8   0x0000007c   Code   RO         4914    i.USBH_read         usbh_diskio.o
    0x08006154   0x08006154   0x00000018   Code   RO         4915    i.USBH_status       usbh_diskio.o
    0x0800616c   0x0800616c   0x000000b8   Code   RO         4916    i.USBH_write        usbh_diskio.o
    0x08006224   0x08006224   0x0000004e   Code   RO         1165    i.USB_CoreInit      stm32f1xx_ll_usb.o
    0x08006272   0x08006272   0x0000000c   Code   RO         1172    i.USB_DisableGlobalInt  stm32f1xx_ll_usb.o
    0x0800627e   0x0800627e   0x0000002c   Code   RO         1174    i.USB_DriveVbus     stm32f1xx_ll_usb.o
    0x080062aa   0x080062aa   0x0000000c   Code   RO         1180    i.USB_EnableGlobalInt  stm32f1xx_ll_usb.o
    0x080062b6   0x080062b6   0x00000038   Code   RO         1181    i.USB_FlushRxFifo   stm32f1xx_ll_usb.o
    0x080062ee   0x080062ee   0x0000003c   Code   RO         1182    i.USB_FlushTxFifo   stm32f1xx_ll_usb.o
    0x0800632a   0x0800632a   0x00000008   Code   RO         1183    i.USB_GetCurrentFrame  stm32f1xx_ll_usb.o
    0x08006332   0x08006332   0x0000000e   Code   RO         1185    i.USB_GetHostSpeed  stm32f1xx_ll_usb.o
    0x08006340   0x08006340   0x00000008   Code   RO         1186    i.USB_GetMode       stm32f1xx_ll_usb.o
    0x08006348   0x08006348   0x000000d4   Code   RO         1187    i.USB_HC_Halt       stm32f1xx_ll_usb.o
    0x0800641c   0x0800641c   0x000000f6   Code   RO         1188    i.USB_HC_Init       stm32f1xx_ll_usb.o
    0x08006512   0x08006512   0x00000008   Code   RO         1189    i.USB_HC_ReadInterrupt  stm32f1xx_ll_usb.o
    0x0800651a   0x0800651a   0x000000f8   Code   RO         1190    i.USB_HC_StartXfer  stm32f1xx_ll_usb.o
    0x08006612   0x08006612   0x00000002   PAD
    0x08006614   0x08006614   0x00000090   Code   RO         1191    i.USB_HostInit      stm32f1xx_ll_usb.o
    0x080066a4   0x080066a4   0x00000038   Code   RO         1192    i.USB_InitFSLSPClkSel  stm32f1xx_ll_usb.o
    0x080066dc   0x080066dc   0x00000010   Code   RO         1193    i.USB_ReadChInterrupts  stm32f1xx_ll_usb.o
    0x080066ec   0x080066ec   0x00000008   Code   RO         1198    i.USB_ReadInterrupts  stm32f1xx_ll_usb.o
    0x080066f4   0x080066f4   0x0000003e   Code   RO         1199    i.USB_ReadPacket    stm32f1xx_ll_usb.o
    0x08006732   0x08006732   0x00000032   Code   RO         1200    i.USB_ResetPort     stm32f1xx_ll_usb.o
    0x08006764   0x08006764   0x0000005c   Code   RO         1201    i.USB_SetCurrentMode  stm32f1xx_ll_usb.o
    0x080067c0   0x080067c0   0x0000008a   Code   RO         1206    i.USB_StopHost      stm32f1xx_ll_usb.o
    0x0800684a   0x0800684a   0x00000002   PAD
    0x0800684c   0x0800684c   0x00000024   Code   RO         1207    i.USB_WritePacket   stm32f1xx_ll_usb.o
    0x08006870   0x08006870   0x00000002   Code   RO          548    i.UsageFault_Handler  stm32f1xx_it.o
    0x08006872   0x08006872   0x00000002   PAD
    0x08006874   0x08006874   0x000000f4   Code   RO         5856    i.VS1003_PlayMusic_2  playaudio.o
    0x08006968   0x08006968   0x0000007c   Code   RO         5778    i.VS1003_Reset      vs1003.o
    0x080069e4   0x080069e4   0x00000016   Code   RO         5779    i.VS1003_ResetDecodeTime  vs1003.o
    0x080069fa   0x080069fa   0x00000002   PAD
    0x080069fc   0x080069fc   0x00000050   Code   RO         5780    i.VS1003_SoftReset  vs1003.o
    0x08006a4c   0x08006a4c   0x00000068   Code   RO         5781    i.VS1003_WriteReg   vs1003.o
    0x08006ab4   0x08006ab4   0x00000028   Code   RO         5516    i.WS2812B_Init      ws2812.o
    0x08006adc   0x08006adc   0x0000009c   Code   RO         5531    i.WS2812_show       ws2812.o
    0x08006b78   0x08006b78   0x0000004e   Code   RO         5682    i.Wheel             adafruit_neopixel.o
    0x08006bc6   0x08006bc6   0x00000002   PAD
    0x08006bc8   0x08006bc8   0x00000020   Code   RO         6038    i.__0printf$5       mc_w.l(printf5.o)
    0x08006be8   0x08006be8   0x00000028   Code   RO         6040    i.__0sprintf$5      mc_w.l(printf5.o)
    0x08006c10   0x08006c10   0x00000020   Code   RO         1975    i.__NVIC_SetPriority  stm32f1xx_hal_cortex.o
    0x08006c30   0x08006c30   0x0000000e   Code   RO         6301    i.__scatterload_copy  mc_w.l(handlers.o)
    0x08006c3e   0x08006c3e   0x00000002   Code   RO         6302    i.__scatterload_null  mc_w.l(handlers.o)
    0x08006c40   0x08006c40   0x0000000e   Code   RO         6303    i.__scatterload_zeroinit  mc_w.l(handlers.o)
    0x08006c4e   0x08006c4e   0x00000002   PAD
    0x08006c50   0x08006c50   0x000002c0   Code   RO         6045    i._printf_core      mc_w.l(printf5.o)
    0x08006f10   0x08006f10   0x0000000a   Code   RO         6047    i._sputc            mc_w.l(printf5.o)
    0x08006f1a   0x08006f1a   0x00000002   PAD
    0x08006f1c   0x08006f1c   0x00000078   Code   RO         4489    i.check_fs          ff.o
    0x08006f94   0x08006f94   0x0000006c   Code   RO         4490    i.chk_lock          ff.o
    0x08007000   0x08007000   0x00000024   Code   RO         4491    i.clear_lock        ff.o
    0x08007024   0x08007024   0x0000002a   Code   RO         4492    i.clmt_clust        ff.o
    0x0800704e   0x0800704e   0x0000001e   Code   RO         4493    i.clust2sect        ff.o
    0x0800706c   0x0800706c   0x000000b0   Code   RO         4494    i.create_chain      ff.o
    0x0800711c   0x0800711c   0x00000100   Code   RO         4495    i.create_name       ff.o
    0x0800721c   0x0800721c   0x0000003c   Code   RO         4496    i.dec_lock          ff.o
    0x08007258   0x08007258   0x0000011e   Code   RO         4497    i.dir_next          ff.o
    0x08007376   0x08007376   0x00000002   PAD
    0x08007378   0x08007378   0x00000066   Code   RO         4498    i.dir_read          ff.o
    0x080073de   0x080073de   0x00000076   Code   RO         4499    i.dir_register      ff.o
    0x08007454   0x08007454   0x00000098   Code   RO         4501    i.dir_sdi           ff.o
    0x080074ec   0x080074ec   0x00000028   Code   RO         4434    i.disk_initialize   diskio.o
    0x08007514   0x08007514   0x0000001c   Code   RO         4435    i.disk_ioctl        diskio.o
    0x08007530   0x08007530   0x0000001c   Code   RO         4436    i.disk_read         diskio.o
    0x0800754c   0x0800754c   0x00000018   Code   RO         4437    i.disk_status       diskio.o
    0x08007564   0x08007564   0x0000001c   Code   RO         4438    i.disk_write        diskio.o
    0x08007580   0x08007580   0x0000002a   Code   RO         4503    i.f_close           ff.o
    0x080075aa   0x080075aa   0x00000024   Code   RO         4504    i.f_closedir        ff.o
    0x080075ce   0x080075ce   0x00000002   PAD
    0x080075d0   0x080075d0   0x0000005c   Code   RO         4511    i.f_mount           ff.o
    0x0800762c   0x0800762c   0x000001ac   Code   RO         4512    i.f_open            ff.o
    0x080077d8   0x080077d8   0x00000094   Code   RO         4513    i.f_opendir         ff.o
    0x0800786c   0x0800786c   0x0000018c   Code   RO         4517    i.f_read            ff.o
    0x080079f8   0x080079f8   0x00000052   Code   RO         4518    i.f_readdir         ff.o
    0x08007a4a   0x08007a4a   0x000000b8   Code   RO         4521    i.f_sync            ff.o
    0x08007b02   0x08007b02   0x00000002   PAD
    0x08007b04   0x08007b04   0x000002d0   Code   RO         4526    i.find_volume       ff.o
    0x08007dd4   0x08007dd4   0x000000c0   Code   RO         4527    i.follow_path       ff.o
    0x08007e94   0x08007e94   0x00000024   Code   RO          488    i.fputc             usart.o
    0x08007eb8   0x08007eb8   0x00000050   Code   RO         6166    i.free              mc_w.l(malloc.o)
    0x08007f08   0x08007f08   0x000000cc   Code   RO         4529    i.get_fat           ff.o
    0x08007fd4   0x08007fd4   0x00000004   Code   RO          676    i.get_fattime       fatfs.o
    0x08007fd8   0x08007fd8   0x0000005a   Code   RO         4530    i.get_fileinfo      ff.o
    0x08008032   0x08008032   0x0000003c   Code   RO         4531    i.get_ldnumber      ff.o
    0x0800806e   0x0800806e   0x00000002   PAD
    0x08008070   0x08008070   0x000000a0   Code   RO         4532    i.inc_lock          ff.o
    0x08008110   0x08008110   0x00000014   Code   RO         4533    i.ld_clust          ff.o
    0x08008124   0x08008124   0x000000b0   Code   RO           51    i.main              main.o
    0x080081d4   0x080081d4   0x0000006c   Code   RO         6167    i.malloc            mc_w.l(malloc.o)
    0x08008240   0x08008240   0x00000012   Code   RO         4534    i.mem_cpy           ff.o
    0x08008252   0x08008252   0x0000000e   Code   RO         4535    i.mem_set           ff.o
    0x08008260   0x08008260   0x00000036   Code   RO         4536    i.move_window       ff.o
    0x08008296   0x08008296   0x000000f6   Code   RO         4538    i.put_fat           ff.o
    0x0800838c   0x0800838c   0x00000048   Code   RO         5685    i.rainbowCycle      adafruit_neopixel.o
    0x080083d4   0x080083d4   0x0000006e   Code   RO         4540    i.remove_chain      ff.o
    0x08008442   0x08008442   0x00000010   Code   RO         4541    i.st_clust          ff.o
    0x08008452   0x08008452   0x000000b6   Code   RO         4542    i.sync_fs           ff.o
    0x08008508   0x08008508   0x00000060   Code   RO         4543    i.sync_window       ff.o
    0x08008568   0x08008568   0x0000002c   Code   RO         4544    i.validate          ff.o
    0x08008594   0x08008594   0x0000001e   Data   RO         1649    .constdata          stm32f1xx_hal_rcc.o
    0x080085b2   0x080085b2   0x0000001e   Data   RO         1745    .constdata          stm32f1xx_hal_rcc_ex.o
    0x080085d0   0x080085d0   0x00000010   Data   RO         4398    .constdata          system_stm32f1xx.o
    0x080085e0   0x080085e0   0x00000008   Data   RO         4399    .constdata          system_stm32f1xx.o
    0x080085e8   0x080085e8   0x00000080   Data   RO         4546    .constdata          ff.o
    0x08008668   0x08008668   0x00000014   Data   RO         4917    .constdata          usbh_diskio.o
    0x0800867c   0x0800867c   0x00000004   Data   RO         5332    .conststring        usbh_msc.o
    0x08008680   0x08008680   0x00000020   Data   RO         6299    Region$$Table       anon$$obj.o


    Execution Region RW_IRAM1 (Exec base: 0x20000000, Load base: 0x080086a0, Size: 0x00004fd8, Max: 0x00010000, ABSOLUTE)

    Exec Addr    Load Addr    Size         Type   Attr      Idx    E Section Name        Object

    0x20000000   0x080086a0   0x00000006   Data   RW           54    .data               main.o
    0x20000006   0x080086a6   0x00000005   Data   RW          679    .data               fatfs.o
    0x2000000b   0x080086ab   0x00000001   Data   RW          717    .data               usb_host.o
    0x2000000c   0x080086ac   0x0000000c   Data   RW         1486    .data               stm32f1xx_hal.o
    0x20000018   0x080086b8   0x00000004   Data   RW         4400    .data               system_stm32f1xx.o
    0x2000001c   0x080086bc   0x00000008   Data   RW         4547    .data               ff.o
    0x20000024   0x080086c4   0x00000020   Data   RW         5333    .data               usbh_msc.o
    0x20000044   0x080086e4   0x00000050   Data   RW         5536    .data               ws2812.o
    0x20000094   0x08008734   0x00000010   Data   RW         5691    .data               adafruit_neopixel.o
    0x200000a4   0x08008744   0x00000004   Data   RW         6264    .data               mc_w.l(stdout.o)
    0x200000a8   0x08008748   0x00000004   Data   RW         6271    .data               mc_w.l(mvars.o)
    0x200000ac   0x0800874c   0x00000004   Data   RW         6272    .data               mc_w.l(mvars.o)
    0x200000b0        -       0x00000230   Zero   RW           52    .bss                main.o
    0x200002e0        -       0x0000022c   Zero   RW           53    .bss                main.o
    0x2000050c        -       0x00000074   Zero   RW          326    .bss                adc.o
    0x20000580        -       0x0000009c   Zero   RW          392    .bss                spi.o
    0x2000061c        -       0x000000d4   Zero   RW          436    .bss                tim.o
    0x200006f0        -       0x00000048   Zero   RW          489    .bss                usart.o
    0x20000738        -       0x000003d0   Zero   RW          716    .bss                usb_host.o
    0x20000b08        -       0x00000320   Zero   RW          776    .bss                usbh_conf.o
    0x20000e28        -       0x00000018   Zero   RW         4545    .bss                ff.o
    0x20000e40        -       0x0000000c   Zero   RW         4829    .bss                ff_gen_drv.o
    0x20000e4c        -       0x00000188   Zero   RW         5535    .bss                ws2812.o
    0x20000fd4   0x08008750   0x00000004   PAD
    0x20000fd8        -       0x00002000   Zero   RW            2    HEAP                startup_stm32f105xc.o
    0x20002fd8        -       0x00002000   Zero   RW            1    STACK               startup_stm32f105xc.o


==============================================================================

Image component sizes


      Code (inc. data)   RO Data    RW Data    ZI Data      Debug   Object Name

       186         18          0         16          0       3746   adafruit_neopixel.o
       288         32          0          0        116       1787   adc.o
         0          0          0          0          0       4508   armlib_lock_glue.o
       148         22          0          0          0       3573   diskio.o
        76          4          0          0          0        770   dma.o
        32         10          0          5          0       1488   fatfs.o
      5120         72        128          8         24      32804   ff.o
        70          4          0          0         12       1575   ff_gen_drv.o
       224         14          0          0          0        991   gpio.o
       524        114          0          6       1116     656715   main.o
       244         82          0          0          0        701   playaudio.o
       240         30          0          0        156       1738   spi.o
        36          8        336          0      16384        800   startup_stm32f105xc.o
       164         28          0         12          0       6969   stm32f1xx_hal.o
      1356         56          0          0          0       9874   stm32f1xx_hal_adc.o
       218          6          0          0          0       1971   stm32f1xx_hal_adc_ex.o
       198         14          0          0          0      28923   stm32f1xx_hal_cortex.o
      1242         52          0          0          0       5661   stm32f1xx_hal_dma.o
       500         34          0          0          0       3503   stm32f1xx_hal_gpio.o
      2230          0          0          0          0      13835   stm32f1xx_hal_hcd.o
        44          6          0          0          0        830   stm32f1xx_hal_msp.o
      1500         84         30          0          0       5380   stm32f1xx_hal_rcc.o
       656         36         30          0          0       2873   stm32f1xx_hal_rcc_ex.o
      1622         18          0          0          0      10225   stm32f1xx_hal_spi.o
      2272         68          0          0          0      19600   stm32f1xx_hal_tim.o
       120         18          0          0          0       2393   stm32f1xx_hal_tim_ex.o
      1474         10          0          0          0      10064   stm32f1xx_hal_uart.o
       104         42          0          0          0       6921   stm32f1xx_it.o
      1608         12          0          0          0      16917   stm32f1xx_ll_usb.o
         2          0         24          4          0       1107   system_stm32f1xx.o
       568         46          0          0        212       3298   tim.o
       220         26          0          0         72       2214   usart.o
       108         22          0          1        976       2142   usb_host.o
       456         10          0          0        800      13081   usbh_conf.o
      2262        764          0          0          0      10809   usbh_core.o
      1174         64          0          0          0      10190   usbh_ctlreq.o
       416        124         20          0          0       4425   usbh_diskio.o
       172          0          0          0          0       4184   usbh_ioreq.o
      2574        534          4         32          0      10653   usbh_msc.o
       586         28          0          0          0       4641   usbh_msc_bot.o
       812          0          0          0          0       6103   usbh_msc_scsi.o
       110          0          0          0          0       3230   usbh_pipes.o
       330         42          0          0          0       2505   vs1003.o
       208         22          0         80        392       7708   ws2812.o

    ----------------------------------------------------------------------
     32560       2576        604        164      20264     943425   Object Totals
         0          0         32          0          0          0   (incl. Generated)
        66          0          0          0          4          0   (incl. Padding)

    ----------------------------------------------------------------------

      Code (inc. data)   RO Data    RW Data    ZI Data      Debug   Library Member Name

         0          0          0          0          0          0   entry.o
         0          0          0          0          0          0   entry10a.o
         0          0          0          0          0          0   entry11a.o
         4          0          0          0          0          0   entry12b.o
         8          4          0          0          0          0   entry2.o
         4          0          0          0          0          0   entry5.o
         0          0          0          0          0          0   entry7b.o
         0          0          0          0          0          0   entry8b.o
         8          4          0          0          0          0   entry9a.o
        30          0          0          0          0          0   handlers.o
        36          8          0          0          0         68   init.o
        30          0          0          0          0         68   llshl.o
        32          0          0          0          0         68   llushr.o
       188         20          0          0          0        160   malloc.o
        36          0          0          0          0         68   memcpya.o
        36          0          0          0          0        108   memseta.o
         0          0          0          8          0          0   mvars.o
       786         60          0          0          0        336   printf5.o
         0          0          0          4          0          0   stdout.o
        98          0          0          0          0         92   uldiv.o

    ----------------------------------------------------------------------
      1300         96          0         12          0        968   Library Totals
         4          0          0          0          0          0   (incl. Padding)

    ----------------------------------------------------------------------

      Code (inc. data)   RO Data    RW Data    ZI Data      Debug   Library Name

      1296         96          0         12          0        968   mc_w.l

    ----------------------------------------------------------------------
      1300         96          0         12          0        968   Library Totals

    ----------------------------------------------------------------------

==============================================================================


      Code (inc. data)   RO Data    RW Data    ZI Data      Debug   

     33860       2672        604        176      20264     928113   Grand Totals
     33860       2672        604        176      20264     928113   ELF Image Totals
     33860       2672        604        176          0          0   ROM Totals

==============================================================================

    Total RO  Size (Code + RO Data)                34464 (  33.66kB)
    Total RW  Size (RW Data + ZI Data)             20440 (  19.96kB)
    Total ROM Size (Code + RO Data + RW Data)      34640 (  33.83kB)

==============================================================================

